<html>
<body>
<pre>
<h1>µVision Build Log</h1>
<h2>Tool Versions:</h2>
IDE-Version: ¦ÌVision V5.37.0.0
Copyright (C) 2022 ARM Ltd and ARM Germany GmbH. All rights reserved.
License Information: Hongrui Wu, SCU, LIC=03C6R-K39YG-NNNAF-6DET7-BAKNZ-T3DWE
 
Tool Versions:
Toolchain:       MDK-ARM Plus  Version: 5.37.0.0
Toolchain Path:  C:\Keil_v5\ARM\ARM_Compiler_5.06u7\Bin
C Compiler:      Armcc.exe V5.06 update 7 (build 960)
Assembler:       Armasm.exe V5.06 update 7 (build 960)
Linker/Locator:  ArmLink.exe V5.06 update 7 (build 960)
Library Manager: ArmAr.exe V5.06 update 7 (build 960)
Hex Converter:   FromElf.exe V5.06 update 7 (build 960)
CPU DLL:         SARMCM3.DLL V5.37.0.0
Dialog DLL:      DCM.DLL V1.17.5.0
Target DLL:      STLink\ST-LINKIII-KEIL_SWO.dll V3.0.9.0
Dialog DLL:      TCM.DLL V1.56.1.0
 
<h2>Project:</h2>
C:\projects\STM32\Joint_Drivers\AD2S1210_240402\Projects\MDK-ARM\atk_g474.uvprojx
Project File Date:  04/02/2024

<h2>Output:</h2>
*** Using Compiler 'V5.06 update 7 (build 960)', folder: 'C:\Keil_v5\ARM\ARM_Compiler_5.06u7\Bin'
Build target 'AD2S1210'
assembling startup_stm32g474xx.s...
compiling stm32g4xx_it.c...
compiling main.c...
compiling system_stm32g4xx.c...
compiling delay.c...
compiling usart.c...
compiling sys.c...
compiling stm32g4xx_hal.c...
compiling stm32g4xx_hal_pwr.c...
compiling stm32g4xx_hal_cortex.c...
compiling stm32g4xx_hal_dma.c...
compiling stm32g4xx_hal_rcc.c...
compiling stm32g4xx_hal_gpio.c...
compiling stm32g4xx_hal_usart.c...
compiling stm32g4xx_hal_rcc_ex.c...
compiling stm32g4xx_hal_dma_ex.c...
compiling stm32g4xx_hal_spi_ex.c...
compiling stm32g4xx_hal_usart_ex.c...
compiling stm32g4xx_hal_uart_ex.c...
compiling stm32g4xx_hal_pwr_ex.c...
compiling stm32g4xx_hal_uart.c...
compiling stm32g4xx_hal_spi.c...
compiling led.c...
compiling norflash.c...
compiling lcd.c...
compiling key.c...
compiling spi.c...
compiling stm32g4xx_hal_tim_ex.c...
compiling stm32g4xx_hal_tim.c...
compiling usmart_str.c...
compiling usmart_config.c...
compiling usmart_port.c...
compiling usmart.c...
compiling AD2S1210.c...
..\..\Drivers\BSP\AD2S1210\AD2S1210.c(323): warning:  #1-D: last line of file ends without a newline
  }
..\..\Drivers\BSP\AD2S1210\AD2S1210.c: 1 warning, 0 errors
linking...
Program Size: Code=22800 RO-data=20984 RW-data=436 ZI-data=13164  
FromELF: creating hex file...
"..\..\Output\atk_g474.axf" - 0 Error(s), 1 Warning(s).

<h2>Software Packages used:</h2>

Package Vendor: Keil
                https://www.keil.com/pack/Keil.STM32G4xx_DFP.1.5.0.pack
                Keil.STM32G4xx_DFP.1.5.0
                STMicroelectronics STM32G4 Series Device Support, Drivers and Examples

<h2>Collection of Component include folders:</h2>
  C:/Users/WuHongrui/AppData/Local/Arm/Packs/Keil/STM32G4xx_DFP/1.5.0/Drivers/CMSIS/Device/ST/STM32G4xx/Include

<h2>Collection of Component Files used:</h2>
Build Time Elapsed:  00:00:57
</pre>
</body>
</html>
