Component: ARM Compiler 5.06 update 7 (build 960) Tool: armlink [4d3601]

==============================================================================

Section Cross References

    startup_stm32g474xx.o(RESET) refers to startup_stm32g474xx.o(STACK) for __initial_sp
    startup_stm32g474xx.o(RESET) refers to startup_stm32g474xx.o(.text) for Reset_Handler
    startup_stm32g474xx.o(RESET) refers to stm32g4xx_it.o(i.NMI_Handler) for NMI_Handler
    startup_stm32g474xx.o(RESET) refers to stm32g4xx_it.o(i.HardFault_Handler) for HardFault_Handler
    startup_stm32g474xx.o(RESET) refers to stm32g4xx_it.o(i.MemManage_Handler) for MemManage_Handler
    startup_stm32g474xx.o(RESET) refers to stm32g4xx_it.o(i.BusFault_Handler) for BusFault_Handler
    startup_stm32g474xx.o(RESET) refers to stm32g4xx_it.o(i.UsageFault_Handler) for UsageFault_Handler
    startup_stm32g474xx.o(RESET) refers to stm32g4xx_it.o(i.SVC_Handler) for SVC_Handler
    startup_stm32g474xx.o(RESET) refers to stm32g4xx_it.o(i.DebugMon_Handler) for DebugMon_Handler
    startup_stm32g474xx.o(RESET) refers to stm32g4xx_it.o(i.PendSV_Handler) for PendSV_Handler
    startup_stm32g474xx.o(RESET) refers to stm32g4xx_it.o(i.SysTick_Handler) for SysTick_Handler
    startup_stm32g474xx.o(RESET) refers to usmart_port.o(i.TIM4_IRQHandler) for TIM4_IRQHandler
    startup_stm32g474xx.o(RESET) refers to usart.o(i.USART1_IRQHandler) for USART1_IRQHandler
    startup_stm32g474xx.o(.text) refers to system_stm32g4xx.o(i.SystemInit) for SystemInit
    startup_stm32g474xx.o(.text) refers to entry.o(.ARM.Collect$$$$00000000) for __main
    main.o(i.main) refers to stm32g4xx_hal.o(i.HAL_Init) for HAL_Init
    main.o(i.main) refers to sys.o(i.sys_stm32_clock_init) for sys_stm32_clock_init
    main.o(i.main) refers to delay.o(i.delay_init) for delay_init
    main.o(i.main) refers to usart.o(i.usart_init) for usart_init
    main.o(i.main) refers to ad2s1210.o(i.AD2S1210GPIOInitiate) for AD2S1210GPIOInitiate
    main.o(i.main) refers to ad2s1210.o(i.AD2S1210Initiate) for AD2S1210Initiate
    main.o(i.main) refers to stm32g4xx_hal_gpio.o(i.HAL_GPIO_WritePin) for HAL_GPIO_WritePin
    main.o(i.main) refers to ad2s1210.o(i.AD2S1210SelectMode) for AD2S1210SelectMode
    main.o(i.main) refers to delay.o(i.delay_ms) for delay_ms
    main.o(i.main) refers to ad2s1210.o(i.ReadFromAD2S1210) for ReadFromAD2S1210
    main.o(i.main) refers to f2d.o(.text) for __aeabi_f2d
    main.o(i.main) refers to printfa.o(i.__0printf) for __2printf
    stm32g4xx_it.o(i.SysTick_Handler) refers to stm32g4xx_hal.o(i.HAL_IncTick) for HAL_IncTick
    system_stm32g4xx.o(i.SystemCoreClockUpdate) refers to system_stm32g4xx.o(.data) for SystemCoreClock
    system_stm32g4xx.o(i.SystemCoreClockUpdate) refers to system_stm32g4xx.o(.constdata) for AHBPrescTable
    delay.o(i.HAL_Delay) refers to delay.o(i.delay_ms) for delay_ms
    delay.o(i.delay_init) refers to stm32g4xx_hal_cortex.o(i.HAL_SYSTICK_CLKSourceConfig) for HAL_SYSTICK_CLKSourceConfig
    delay.o(i.delay_init) refers to delay.o(.data) for g_fac_us
    delay.o(i.delay_ms) refers to delay.o(i.delay_us) for delay_us
    delay.o(i.delay_us) refers to delay.o(.data) for g_fac_us
    sys.o(i.sys_stm32_clock_init) refers to memseta.o(.text) for __aeabi_memclr4
    sys.o(i.sys_stm32_clock_init) refers to stm32g4xx_hal_pwr_ex.o(i.HAL_PWREx_ControlVoltageScaling) for HAL_PWREx_ControlVoltageScaling
    sys.o(i.sys_stm32_clock_init) refers to stm32g4xx_hal_rcc.o(i.HAL_RCC_OscConfig) for HAL_RCC_OscConfig
    sys.o(i.sys_stm32_clock_init) refers to stm32g4xx_hal_rcc.o(i.HAL_RCC_ClockConfig) for HAL_RCC_ClockConfig
    sys.o(i.sys_stm32_clock_init) refers to stm32g4xx_hal.o(i.HAL_GetREVID) for HAL_GetREVID
    usart.o(i.HAL_UART_MspInit) refers to stm32g4xx_hal_gpio.o(i.HAL_GPIO_Init) for HAL_GPIO_Init
    usart.o(i.HAL_UART_MspInit) refers to stm32g4xx_hal_cortex.o(i.HAL_NVIC_EnableIRQ) for HAL_NVIC_EnableIRQ
    usart.o(i.HAL_UART_MspInit) refers to stm32g4xx_hal_cortex.o(i.HAL_NVIC_SetPriority) for HAL_NVIC_SetPriority
    usart.o(i.HAL_UART_RxCpltCallback) refers to stm32g4xx_hal_uart.o(i.HAL_UART_Receive_IT) for HAL_UART_Receive_IT
    usart.o(i.HAL_UART_RxCpltCallback) refers to usart.o(.data) for g_usart_rx_sta
    usart.o(i.HAL_UART_RxCpltCallback) refers to usart.o(.bss) for g_usart_rx_buf
    usart.o(i.USART1_IRQHandler) refers to stm32g4xx_hal_uart.o(i.HAL_UART_IRQHandler) for HAL_UART_IRQHandler
    usart.o(i.USART1_IRQHandler) refers to usart.o(.bss) for g_uart1_handle
    usart.o(i.usart_init) refers to stm32g4xx_hal_uart.o(i.HAL_UART_Init) for HAL_UART_Init
    usart.o(i.usart_init) refers to stm32g4xx_hal_uart.o(i.HAL_UART_Receive_IT) for HAL_UART_Receive_IT
    usart.o(i.usart_init) refers to usart.o(.bss) for g_uart1_handle
    usart.o(i.usart_init) refers to usart.o(.data) for g_rx_buffer
    stm32g4xx_hal.o(i.HAL_DeInit) refers to stm32g4xx_hal.o(i.HAL_MspDeInit) for HAL_MspDeInit
[...]
    ..\..\Drivers\BSP\SPI\spi.c              0x00000000   Number         0  spi.o ABSOLUTE
    ..\..\Drivers\CMSIS\Device\ST\STM32G4xx\Source\Templates\arm\startup_stm32g474xx.s 0x00000000   Number         0  startup_stm32g474xx.o ABSOLUTE
    ..\..\Drivers\CMSIS\Device\ST\STM32G4xx\Source\Templates\system_stm32g4xx.c 0x00000000   Number         0  system_stm32g4xx.o ABSOLUTE
    ..\..\Drivers\STM32G4xx_HAL_Driver\Src\stm32g4xx_hal.c 0x00000000   Number         0  stm32g4xx_hal.o ABSOLUTE
    ..\..\Drivers\STM32G4xx_HAL_Driver\Src\stm32g4xx_hal_cortex.c 0x00000000   Number         0  stm32g4xx_hal_cortex.o ABSOLUTE
    ..\..\Drivers\STM32G4xx_HAL_Driver\Src\stm32g4xx_hal_dma.c 0x00000000   Number         0  stm32g4xx_hal_dma.o ABSOLUTE
    ..\..\Drivers\STM32G4xx_HAL_Driver\Src\stm32g4xx_hal_dma_ex.c 0x00000000   Number         0  stm32g4xx_hal_dma_ex.o ABSOLUTE
    ..\..\Drivers\STM32G4xx_HAL_Driver\Src\stm32g4xx_hal_gpio.c 0x00000000   Number         0  stm32g4xx_hal_gpio.o ABSOLUTE
    ..\..\Drivers\STM32G4xx_HAL_Driver\Src\stm32g4xx_hal_pwr.c 0x00000000   Number         0  stm32g4xx_hal_pwr.o ABSOLUTE
    ..\..\Drivers\STM32G4xx_HAL_Driver\Src\stm32g4xx_hal_pwr_ex.c 0x00000000   Number         0  stm32g4xx_hal_pwr_ex.o ABSOLUTE
    ..\..\Drivers\STM32G4xx_HAL_Driver\Src\stm32g4xx_hal_rcc.c 0x00000000   Number         0  stm32g4xx_hal_rcc.o ABSOLUTE
    ..\..\Drivers\STM32G4xx_HAL_Driver\Src\stm32g4xx_hal_rcc_ex.c 0x00000000   Number         0  stm32g4xx_hal_rcc_ex.o ABSOLUTE
    ..\..\Drivers\STM32G4xx_HAL_Driver\Src\stm32g4xx_hal_spi.c 0x00000000   Number         0  stm32g4xx_hal_spi.o ABSOLUTE
    ..\..\Drivers\STM32G4xx_HAL_Driver\Src\stm32g4xx_hal_spi_ex.c 0x00000000   Number         0  stm32g4xx_hal_spi_ex.o ABSOLUTE
    ..\..\Drivers\STM32G4xx_HAL_Driver\Src\stm32g4xx_hal_tim.c 0x00000000   Number         0  stm32g4xx_hal_tim.o ABSOLUTE
    ..\..\Drivers\STM32G4xx_HAL_Driver\Src\stm32g4xx_hal_tim_ex.c 0x00000000   Number         0  stm32g4xx_hal_tim_ex.o ABSOLUTE
    ..\..\Drivers\STM32G4xx_HAL_Driver\Src\stm32g4xx_hal_uart.c 0x00000000   Number         0  stm32g4xx_hal_uart.o ABSOLUTE
    ..\..\Drivers\STM32G4xx_HAL_Driver\Src\stm32g4xx_hal_uart_ex.c 0x00000000   Number         0  stm32g4xx_hal_uart_ex.o ABSOLUTE
    ..\..\Drivers\STM32G4xx_HAL_Driver\Src\stm32g4xx_hal_usart.c 0x00000000   Number         0  stm32g4xx_hal_usart.o ABSOLUTE
    ..\..\Drivers\STM32G4xx_HAL_Driver\Src\stm32g4xx_hal_usart_ex.c 0x00000000   Number         0  stm32g4xx_hal_usart_ex.o ABSOLUTE
    ..\..\Drivers\SYSTEM\delay\delay.c       0x00000000   Number         0  delay.o ABSOLUTE
    ..\..\Drivers\SYSTEM\sys\sys.c           0x00000000   Number         0  sys.o ABSOLUTE
    ..\..\Drivers\SYSTEM\usart\usart.c       0x00000000   Number         0  usart.o ABSOLUTE
    ..\..\Middlewares\USMART\usmart.c        0x00000000   Number         0  usmart.o ABSOLUTE
    ..\..\Middlewares\USMART\usmart_config.c 0x00000000   Number         0  usmart_config.o ABSOLUTE
    ..\..\Middlewares\USMART\usmart_port.c   0x00000000   Number         0  usmart_port.o ABSOLUTE
    ..\..\Middlewares\USMART\usmart_str.c    0x00000000   Number         0  usmart_str.o ABSOLUTE
    ..\..\User\main.c                        0x00000000   Number         0  main.o ABSOLUTE
    ..\..\User\stm32g4xx_it.c                0x00000000   Number         0  stm32g4xx_it.o ABSOLUTE
    ..\\..\\Drivers\\BSP\\AD2S1210\\AD2S1210.c 0x00000000   Number         0  ad2s1210.o ABSOLUTE
    ..\\..\\Drivers\\BSP\\KEY\\key.c         0x00000000   Number         0  key.o ABSOLUTE
    ..\\..\\Drivers\\BSP\\LCD\\lcd.c         0x00000000   Number         0  lcd.o ABSOLUTE
    ..\\..\\Drivers\\BSP\\LED\\led.c         0x00000000   Number         0  led.o ABSOLUTE
    ..\\..\\Drivers\\BSP\\NORFLASH\\norflash.c 0x00000000   Number         0  norflash.o ABSOLUTE
    ..\\..\\Drivers\\BSP\\SPI\\spi.c         0x00000000   Number         0  spi.o ABSOLUTE
    ..\\..\\Drivers\\CMSIS\\Device\\ST\\STM32G4xx\\Source\\Templates\\system_stm32g4xx.c 0x00000000   Number         0  system_stm32g4xx.o ABSOLUTE
    ..\\..\\Drivers\\STM32G4xx_HAL_Driver\\Src\\stm32g4xx_hal.c 0x00000000   Number         0  stm32g4xx_hal.o ABSOLUTE
    ..\\..\\Drivers\\STM32G4xx_HAL_Driver\\Src\\stm32g4xx_hal_cortex.c 0x00000000   Number         0  stm32g4xx_hal_cortex.o ABSOLUTE
    ..\\..\\Drivers\\STM32G4xx_HAL_Driver\\Src\\stm32g4xx_hal_dma.c 0x00000000   Number         0  stm32g4xx_hal_dma.o ABSOLUTE
    ..\\..\\Drivers\\STM32G4xx_HAL_Driver\\Src\\stm32g4xx_hal_dma_ex.c 0x00000000   Number         0  stm32g4xx_hal_dma_ex.o ABSOLUTE
    ..\\..\\Drivers\\STM32G4xx_HAL_Driver\\Src\\stm32g4xx_hal_gpio.c 0x00000000   Number         0  stm32g4xx_hal_gpio.o ABSOLUTE
    ..\\..\\Drivers\\STM32G4xx_HAL_Driver\\Src\\stm32g4xx_hal_pwr.c 0x00000000   Number         0  stm32g4xx_hal_pwr.o ABSOLUTE
    ..\\..\\Drivers\\STM32G4xx_HAL_Driver\\Src\\stm32g4xx_hal_pwr_ex.c 0x00000000   Number         0  stm32g4xx_hal_pwr_ex.o ABSOLUTE
    ..\\..\\Drivers\\STM32G4xx_HAL_Driver\\Src\\stm32g4xx_hal_rcc.c 0x00000000   Number         0  stm32g4xx_hal_rcc.o ABSOLUTE
    ..\\..\\Drivers\\STM32G4xx_HAL_Driver\\Src\\stm32g4xx_hal_rcc_ex.c 0x00000000   Number         0  stm32g4xx_hal_rcc_ex.o ABSOLUTE
    ..\\..\\Drivers\\STM32G4xx_HAL_Driver\\Src\\stm32g4xx_hal_spi.c 0x00000000   Number         0  stm32g4xx_hal_spi.o ABSOLUTE
    ..\\..\\Drivers\\STM32G4xx_HAL_Driver\\Src\\stm32g4xx_hal_spi_ex.c 0x00000000   Number         0  stm32g4xx_hal_spi_ex.o ABSOLUTE
    ..\\..\\Drivers\\STM32G4xx_HAL_Driver\\Src\\stm32g4xx_hal_tim.c 0x00000000   Number         0  stm32g4xx_hal_tim.o ABSOLUTE
    ..\\..\\Drivers\\STM32G4xx_HAL_Driver\\Src\\stm32g4xx_hal_tim_ex.c 0x00000000   Number         0  stm32g4xx_hal_tim_ex.o ABSOLUTE
    ..\\..\\Drivers\\STM32G4xx_HAL_Driver\\Src\\stm32g4xx_hal_uart.c 0x00000000   Number         0  stm32g4xx_hal_uart.o ABSOLUTE
    ..\\..\\Drivers\\STM32G4xx_HAL_Driver\\Src\\stm32g4xx_hal_uart_ex.c 0x00000000   Number         0  stm32g4xx_hal_uart_ex.o ABSOLUTE
    ..\\..\\Drivers\\STM32G4xx_HAL_Driver\\Src\\stm32g4xx_hal_usart.c 0x00000000   Number         0  stm32g4xx_hal_usart.o ABSOLUTE
    ..\\..\\Drivers\\STM32G4xx_HAL_Driver\\Src\\stm32g4xx_hal_usart_ex.c 0x00000000   Number         0  stm32g4xx_hal_usart_ex.o ABSOLUTE
    ..\\..\\Drivers\\SYSTEM\\delay\\delay.c  0x00000000   Number         0  delay.o ABSOLUTE
    ..\\..\\Drivers\\SYSTEM\\sys\\sys.c      0x00000000   Number         0  sys.o ABSOLUTE
    ..\\..\\Drivers\\SYSTEM\\usart\\usart.c  0x00000000   Number         0  usart.o ABSOLUTE
    ..\\..\\Middlewares\\USMART\\usmart.c    0x00000000   Number         0  usmart.o ABSOLUTE
    ..\\..\\Middlewares\\USMART\\usmart_config.c 0x00000000   Number         0  usmart_config.o ABSOLUTE
    ..\\..\\Middlewares\\USMART\\usmart_port.c 0x00000000   Number         0  usmart_port.o ABSOLUTE
    ..\\..\\Middlewares\\USMART\\usmart_str.c 0x00000000   Number         0  usmart_str.o ABSOLUTE
    ..\\..\\User\\main.c                     0x00000000   Number         0  main.o ABSOLUTE
    ..\\..\\User\\stm32g4xx_it.c             0x00000000   Number         0  stm32g4xx_it.o ABSOLUTE
    cdrcmple.s                               0x00000000   Number         0  cdrcmple.o ABSOLUTE
    dc.s                                     0x00000000   Number         0  dc.o ABSOLUTE
    handlers.s                               0x00000000   Number         0  handlers.o ABSOLUTE
    init.s                                   0x00000000   Number         0  init.o ABSOLUTE
    RESET                                    0x08000000   Section      472  startup_stm32g474xx.o(RESET)
    .ARM.Collect$$$$00000000                 0x080001d8   Section        0  entry.o(.ARM.Collect$$$$00000000)
    .ARM.Collect$$$$00000001                 0x080001d8   Section        4  entry2.o(.ARM.Collect$$$$00000001)
    .ARM.Collect$$$$00000004                 0x080001dc   Section        4  entry5.o(.ARM.Collect$$$$00000004)
    .ARM.Collect$$$$00000008                 0x080001e0   Section        0  entry7b.o(.ARM.Collect$$$$00000008)
    .ARM.Collect$$$$0000000A                 0x080001e0   Section        0  entry8b.o(.ARM.Collect$$$$0000000A)
    .ARM.Collect$$$$0000000B                 0x080001e0   Section        8  entry9a.o(.ARM.Collect$$$$0000000B)
    .ARM.Collect$$$$0000000E                 0x080001e8   Section        4  entry12b.o(.ARM.Collect$$$$0000000E)
    .ARM.Collect$$$$0000000F                 0x080001ec   Section        0  entry10a.o(.ARM.Collect$$$$0000000F)
    .ARM.Collect$$$$00000011                 0x080001ec   Section        0  entry11a.o(.ARM.Collect$$$$00000011)
    .ARM.Collect$$$$00002712                 0x080001ec   Section        4  entry2.o(.ARM.Collect$$$$00002712)
    __lit__00000000                          0x080001ec   Data           4  entry2.o(.ARM.Collect$$$$00002712)
    .text                                    0x080001f0   Section       36  startup_stm32g474xx.o(.text)
    $v0                                      0x080001f0   Number         0  startup_stm32g474xx.o(.text)
    .text                                    0x08000214   Section        0  uldiv.o(.text)
    .text                                    0x08000276   Section        0  memseta.o(.text)
    .text                                    0x0800029a   Section        0  f2d.o(.text)
    .text                                    0x080002c0   Section        0  uidiv.o(.text)
    .text                                    0x080002ec   Section        0  llshl.o(.text)
    .text                                    0x0800030a   Section        0  llushr.o(.text)
    .text                                    0x0800032a   Section        0  iusefp.o(.text)
    .text                                    0x0800032a   Section        0  dadd.o(.text)
    .text                                    0x08000478   Section        0  dmul.o(.text)
    .text                                    0x0800055c   Section        0  ddiv.o(.text)
    .text                                    0x0800063a   Section        0  dfixul.o(.text)
    .text                                    0x0800066c   Section       48  cdrcmple.o(.text)
    .text                                    0x0800069c   Section       36  init.o(.text)
    .text                                    0x080006c0   Section        0  llsshr.o(.text)
    .text                                    0x080006e4   Section        0  depilogue.o(.text)
    .text                                    0x0800079e   Section        0  __dczerorl2.o(.text)
    i.AD2S1210GPIOInitiate                   0x080007f4   Section        0  ad2s1210.o(i.AD2S1210GPIOInitiate)
    i.AD2S1210Initiate                       0x08000acc   Section        0  ad2s1210.o(i.AD2S1210Initiate)
    i.AD2S1210SelectMode                     0x08000b34   Section        0  ad2s1210.o(i.AD2S1210SelectMode)
    i.BusFault_Handler                       0x08000bb4   Section        0  stm32g4xx_it.o(i.BusFault_Handler)
    i.DebugMon_Handler                       0x08000bb8   Section        0  stm32g4xx_it.o(i.DebugMon_Handler)
    i.HAL_DMA_Abort                          0x08000bba   Section        0  stm32g4xx_hal_dma.o(i.HAL_DMA_Abort)
    i.HAL_DMA_Abort_IT                       0x08000c30   Section        0  stm32g4xx_hal_dma.o(i.HAL_DMA_Abort_IT)
    i.HAL_GPIO_Init                          0x08000cc4   Section        0  stm32g4xx_hal_gpio.o(i.HAL_GPIO_Init)
    i.HAL_GPIO_ReadPin                       0x08000e90   Section        0  stm32g4xx_hal_gpio.o(i.HAL_GPIO_ReadPin)
    i.HAL_GPIO_WritePin                      0x08000ea0   Section        0  stm32g4xx_hal_gpio.o(i.HAL_GPIO_WritePin)
    i.HAL_GetREVID                           0x08000eac   Section        0  stm32g4xx_hal.o(i.HAL_GetREVID)
    i.HAL_GetTick                            0x08000eb8   Section        0  stm32g4xx_hal.o(i.HAL_GetTick)
    i.HAL_IncTick                            0x08000ec4   Section        0  stm32g4xx_hal.o(i.HAL_IncTick)
    i.HAL_Init                               0x08000edc   Section        0  stm32g4xx_hal.o(i.HAL_Init)
    i.HAL_InitTick                           0x08000efc   Section        0  stm32g4xx_hal.o(i.HAL_InitTick)
    i.HAL_MspInit                            0x08000f54   Section        0  stm32g4xx_hal.o(i.HAL_MspInit)
    i.HAL_NVIC_EnableIRQ                     0x08000f56   Section        0  stm32g4xx_hal_cortex.o(i.HAL_NVIC_EnableIRQ)
    i.HAL_NVIC_SetPriority                   0x08000f7e   Section        0  stm32g4xx_hal_cortex.o(i.HAL_NVIC_SetPriority)
    i.HAL_NVIC_SetPriorityGrouping           0x08000ff8   Section        0  stm32g4xx_hal_cortex.o(i.HAL_NVIC_SetPriorityGrouping)
    i.HAL_PWREx_ControlVoltageScaling        0x08001020   Section        0  stm32g4xx_hal_pwr_ex.o(i.HAL_PWREx_ControlVoltageScaling)
    i.HAL_RCC_ClockConfig                    0x08001138   Section        0  stm32g4xx_hal_rcc.o(i.HAL_RCC_ClockConfig)
    i.HAL_RCC_GetHCLKFreq                    0x0800135c   Section        0  stm32g4xx_hal_rcc.o(i.HAL_RCC_GetHCLKFreq)
    i.HAL_RCC_GetPCLK1Freq                   0x08001368   Section        0  stm32g4xx_hal_rcc.o(i.HAL_RCC_GetPCLK1Freq)
    i.HAL_RCC_GetPCLK2Freq                   0x0800138c   Section        0  stm32g4xx_hal_rcc.o(i.HAL_RCC_GetPCLK2Freq)
    i.HAL_RCC_GetSysClockFreq                0x080013b0   Section        0  stm32g4xx_hal_rcc.o(i.HAL_RCC_GetSysClockFreq)
    i.HAL_RCC_OscConfig                      0x08001448   Section        0  stm32g4xx_hal_rcc.o(i.HAL_RCC_OscConfig)
    i.HAL_SPI_Transmit                       0x080019b0   Section        0  stm32g4xx_hal_spi.o(i.HAL_SPI_Transmit)
    i.HAL_SPI_TransmitReceive                0x08001bd2   Section        0  stm32g4xx_hal_spi.o(i.HAL_SPI_TransmitReceive)
    i.HAL_SYSTICK_CLKSourceConfig            0x08001fbe   Section        0  stm32g4xx_hal_cortex.o(i.HAL_SYSTICK_CLKSourceConfig)
    i.HAL_SYSTICK_Config                     0x08001fe6   Section        0  stm32g4xx_hal_cortex.o(i.HAL_SYSTICK_Config)
    i.HAL_TIM_Base_Init                      0x0800201a   Section        0  stm32g4xx_hal_tim.o(i.HAL_TIM_Base_Init)
    i.HAL_TIM_Base_MspInit                   0x08002088   Section        0  stm32g4xx_hal_tim.o(i.HAL_TIM_Base_MspInit)
    i.HAL_TIM_Base_Start_IT                  0x0800208c   Section        0  stm32g4xx_hal_tim.o(i.HAL_TIM_Base_Start_IT)
    i.HAL_UARTEx_RxEventCallback             0x08002140   Section        0  stm32g4xx_hal_uart.o(i.HAL_UARTEx_RxEventCallback)
    i.HAL_UARTEx_RxFifoFullCallback          0x08002142   Section        0  stm32g4xx_hal_uart_ex.o(i.HAL_UARTEx_RxFifoFullCallback)
    i.HAL_UARTEx_TxFifoEmptyCallback         0x08002144   Section        0  stm32g4xx_hal_uart_ex.o(i.HAL_UARTEx_TxFifoEmptyCallback)
    i.HAL_UARTEx_WakeupCallback              0x08002146   Section        0  stm32g4xx_hal_uart_ex.o(i.HAL_UARTEx_WakeupCallback)
    i.HAL_UART_ErrorCallback                 0x08002148   Section        0  stm32g4xx_hal_uart.o(i.HAL_UART_ErrorCallback)
    i.HAL_UART_IRQHandler                    0x0800214c   Section        0  stm32g4xx_hal_uart.o(i.HAL_UART_IRQHandler)
    i.HAL_UART_Init                          0x080024dc   Section        0  stm32g4xx_hal_uart.o(i.HAL_UART_Init)
    i.HAL_UART_MspInit                       0x08002554   Section        0  usart.o(i.HAL_UART_MspInit)
    i.HAL_UART_Receive_IT                    0x0800260c   Section        0  stm32g4xx_hal_uart.o(i.HAL_UART_Receive_IT)
    i.HAL_UART_RxCpltCallback                0x08002680   Section        0  usart.o(i.HAL_UART_RxCpltCallback)
    i.HAL_UART_TxCpltCallback                0x0800271c   Section        0  stm32g4xx_hal_uart.o(i.HAL_UART_TxCpltCallback)
    i.HardFault_Handler                      0x0800271e   Section        0  stm32g4xx_it.o(i.HardFault_Handler)
    i.MemManage_Handler                      0x08002722   Section        0  stm32g4xx_it.o(i.MemManage_Handler)
    i.NMI_Handler                            0x08002726   Section        0  stm32g4xx_it.o(i.NMI_Handler)
    i.PendSV_Handler                         0x08002728   Section        0  stm32g4xx_it.o(i.PendSV_Handler)
    i.RCC_GetSysClockFreqFromPLLSource       0x0800272c   Section        0  stm32g4xx_hal_rcc.o(i.RCC_GetSysClockFreqFromPLLSource)
    RCC_GetSysClockFreqFromPLLSource         0x0800272d   Thumb Code    90  stm32g4xx_hal_rcc.o(i.RCC_GetSysClockFreqFromPLLSource)
    i.ReadFromAD2S1210                       0x08002794   Section        0  ad2s1210.o(i.ReadFromAD2S1210)
    i.SPIRead                                0x080029a0   Section        0  ad2s1210.o(i.SPIRead)
    i.SPIWrite                               0x08002a20   Section        0  ad2s1210.o(i.SPIWrite)
    i.SPI_EndRxTxTransaction                 0x08002aac   Section        0  stm32g4xx_hal_spi.o(i.SPI_EndRxTxTransaction)
    SPI_EndRxTxTransaction                   0x08002aad   Thumb Code   100  stm32g4xx_hal_spi.o(i.SPI_EndRxTxTransaction)
    i.SPI_WaitFifoStateUntilTimeout          0x08002b10   Section        0  stm32g4xx_hal_spi.o(i.SPI_WaitFifoStateUntilTimeout)
    SPI_WaitFifoStateUntilTimeout            0x08002b11   Thumb Code   242  stm32g4xx_hal_spi.o(i.SPI_WaitFifoStateUntilTimeout)
    i.SPI_WaitFlagStateUntilTimeout          0x08002c08   Section        0  stm32g4xx_hal_spi.o(i.SPI_WaitFlagStateUntilTimeout)
    SPI_WaitFlagStateUntilTimeout            0x08002c09   Thumb Code   210  stm32g4xx_hal_spi.o(i.SPI_WaitFlagStateUntilTimeout)
    i.SVC_Handler                            0x08002ce0   Section        0  stm32g4xx_it.o(i.SVC_Handler)
    i.SysTick_Handler                        0x08002ce2   Section        0  stm32g4xx_it.o(i.SysTick_Handler)
    i.SystemInit                             0x08002cec   Section        0  system_stm32g4xx.o(i.SystemInit)
    i.TIM4_IRQHandler                        0x08002d00   Section        0  usmart_port.o(i.TIM4_IRQHandler)
    i.TIM_Base_SetConfig                     0x08002d44   Section        0  stm32g4xx_hal_tim.o(i.TIM_Base_SetConfig)
    i.UART_AdvFeatureConfig                  0x08002e24   Section        0  stm32g4xx_hal_uart.o(i.UART_AdvFeatureConfig)
    i.UART_CheckIdleState                    0x08002f1c   Section        0  stm32g4xx_hal_uart.o(i.UART_CheckIdleState)
    i.UART_DMAAbortOnError                   0x08002f92   Section        0  stm32g4xx_hal_uart.o(i.UART_DMAAbortOnError)
    UART_DMAAbortOnError                     0x08002f93   Thumb Code    24  stm32g4xx_hal_uart.o(i.UART_DMAAbortOnError)
    i.UART_EndRxTransfer                     0x08002fac   Section        0  stm32g4xx_hal_uart.o(i.UART_EndRxTransfer)
    UART_EndRxTransfer                       0x08002fad   Thumb Code   104  stm32g4xx_hal_uart.o(i.UART_EndRxTransfer)
    i.UART_EndTransmit_IT                    0x08003018   Section        0  stm32g4xx_hal_uart.o(i.UART_EndTransmit_IT)
    UART_EndTransmit_IT                      0x08003019   Thumb Code    48  stm32g4xx_hal_uart.o(i.UART_EndTransmit_IT)
    i.UART_RxISR_16BIT                       0x08003048   Section        0  stm32g4xx_hal_uart.o(i.UART_RxISR_16BIT)
    UART_RxISR_16BIT                         0x08003049   Thumb Code   210  stm32g4xx_hal_uart.o(i.UART_RxISR_16BIT)
    i.UART_RxISR_16BIT_FIFOEN                0x0800311c   Section        0  stm32g4xx_hal_uart.o(i.UART_RxISR_16BIT_FIFOEN)
    UART_RxISR_16BIT_FIFOEN                  0x0800311d   Thumb Code   448  stm32g4xx_hal_uart.o(i.UART_RxISR_16BIT_FIFOEN)
    i.UART_RxISR_8BIT                        0x080032e4   Section        0  stm32g4xx_hal_uart.o(i.UART_RxISR_8BIT)
    UART_RxISR_8BIT                          0x080032e5   Thumb Code   206  stm32g4xx_hal_uart.o(i.UART_RxISR_8BIT)
    i.UART_RxISR_8BIT_FIFOEN                 0x080033b4   Section        0  stm32g4xx_hal_uart.o(i.UART_RxISR_8BIT_FIFOEN)
    UART_RxISR_8BIT_FIFOEN                   0x080033b5   Thumb Code   446  stm32g4xx_hal_uart.o(i.UART_RxISR_8BIT_FIFOEN)
    i.UART_SetConfig                         0x0800357c   Section        0  stm32g4xx_hal_uart.o(i.UART_SetConfig)
    i.UART_Start_Receive_IT                  0x08003944   Section        0  stm32g4xx_hal_uart.o(i.UART_Start_Receive_IT)
    i.UART_WaitOnFlagUntilTimeout            0x08003ab4   Section        0  stm32g4xx_hal_uart.o(i.UART_WaitOnFlagUntilTimeout)
    i.USART1_IRQHandler                      0x08003bb4   Section        0  usart.o(i.USART1_IRQHandler)
    i.UsageFault_Handler                     0x08003bc4   Section        0  stm32g4xx_it.o(i.UsageFault_Handler)
    i.__0printf                              0x08003bc8   Section        0  printfa.o(i.__0printf)
    i.__NVIC_GetPriorityGrouping             0x08003be8   Section        0  stm32g4xx_hal_cortex.o(i.__NVIC_GetPriorityGrouping)
    __NVIC_GetPriorityGrouping               0x08003be9   Thumb Code    10  stm32g4xx_hal_cortex.o(i.__NVIC_GetPriorityGrouping)
    i.__NVIC_SetPriority                     0x08003bf8   Section        0  stm32g4xx_hal_cortex.o(i.__NVIC_SetPriority)
    __NVIC_SetPriority                       0x08003bf9   Thumb Code    32  stm32g4xx_hal_cortex.o(i.__NVIC_SetPriority)
    i.__scatterload_copy                     0x08003c20   Section       14  handlers.o(i.__scatterload_copy)
    i.__scatterload_null                     0x08003c2e   Section        2  handlers.o(i.__scatterload_null)
    i.__scatterload_zeroinit                 0x08003c30   Section       14  handlers.o(i.__scatterload_zeroinit)
    i._fp_digits                             0x08003c40   Section        0  printfa.o(i._fp_digits)
    _fp_digits                               0x08003c41   Thumb Code   366  printfa.o(i._fp_digits)
    i._printf_core                           0x08003dc4   Section        0  printfa.o(i._printf_core)
    _printf_core                             0x08003dc5   Thumb Code  1704  printfa.o(i._printf_core)
    i._printf_post_padding                   0x08004478   Section        0  printfa.o(i._printf_post_padding)
    _printf_post_padding                     0x08004479   Thumb Code    36  printfa.o(i._printf_post_padding)
    i._printf_pre_padding                    0x0800449c   Section        0  printfa.o(i._printf_pre_padding)
    _printf_pre_padding                      0x0800449d   Thumb Code    46  printfa.o(i._printf_pre_padding)
    i.delay_init                             0x080044cc   Section        0  delay.o(i.delay_init)
    i.delay_ms                               0x080044e0   Section        0  delay.o(i.delay_ms)
    i.delay_us                               0x080044f4   Section        0  delay.o(i.delay_us)
    i.fputc                                  0x0800453c   Section        0  usart.o(i.fputc)
    i.lcd_address_set                        0x08004558   Section        0  lcd.o(i.lcd_address_set)
    i.lcd_clear                              0x080045ac   Section        0  lcd.o(i.lcd_clear)
    i.lcd_draw_circle                        0x08004620   Section        0  lcd.o(i.lcd_draw_circle)
    i.lcd_draw_line                          0x080046e8   Section        0  lcd.o(i.lcd_draw_line)
    i.lcd_draw_point                         0x0800480c   Section        0  lcd.o(i.lcd_draw_point)
    i.lcd_draw_rectangle                     0x08004828   Section        0  lcd.o(i.lcd_draw_rectangle)
    i.lcd_fill                               0x08004874   Section        0  lcd.o(i.lcd_fill)
    i.lcd_pow                                0x08004910   Section        0  lcd.o(i.lcd_pow)
    lcd_pow                                  0x08004911   Thumb Code    22  lcd.o(i.lcd_pow)
    i.lcd_show_char                          0x08004928   Section        0  lcd.o(i.lcd_show_char)
    i.lcd_show_num                           0x08004b30   Section        0  lcd.o(i.lcd_show_num)
    i.lcd_show_string                        0x08004bc8   Section        0  lcd.o(i.lcd_show_string)
    i.lcd_show_xnum                          0x08004c32   Section        0  lcd.o(i.lcd_show_xnum)
    i.lcd_spi_send                           0x08004cf8   Section        0  lcd.o(i.lcd_spi_send)
    lcd_spi_send                             0x08004cf9   Thumb Code   104  lcd.o(i.lcd_spi_send)
    i.lcd_write_cmd                          0x08004d64   Section        0  lcd.o(i.lcd_write_cmd)
    lcd_write_cmd                            0x08004d65   Thumb Code    26  lcd.o(i.lcd_write_cmd)
    i.lcd_write_data                         0x08004d84   Section        0  lcd.o(i.lcd_write_data)
    lcd_write_data                           0x08004d85   Thumb Code    26  lcd.o(i.lcd_write_data)
    i.lcd_write_halfword                     0x08004da4   Section        0  lcd.o(i.lcd_write_halfword)
    i.main                                   0x08004dd4   Section        0  main.o(i.main)
    i.norflash_erase_chip                    0x08005018   Section        0  norflash.o(i.norflash_erase_chip)
    i.norflash_erase_sector                  0x08005058   Section        0  norflash.o(i.norflash_erase_sector)
    i.norflash_read_id                       0x080050a4   Section        0  norflash.o(i.norflash_read_id)
    i.norflash_read_sr                       0x080050fc   Section        0  norflash.o(i.norflash_read_sr)
    i.norflash_send_address                  0x08005160   Section        0  norflash.o(i.norflash_send_address)
    norflash_send_address                    0x08005161   Thumb Code    46  norflash.o(i.norflash_send_address)
    i.norflash_wait_busy                     0x08005194   Section        0  norflash.o(i.norflash_wait_busy)
    norflash_wait_busy                       0x08005195   Thumb Code    20  norflash.o(i.norflash_wait_busy)
    i.norflash_write_enable                  0x080051a8   Section        0  norflash.o(i.norflash_write_enable)
    i.read_addr                              0x080051dc   Section        0  usmart.o(i.read_addr)
    i.spi1_read_write_byte                   0x080051e4   Section        0  spi.o(i.spi1_read_write_byte)
    i.spi1_write_data                        0x08005204   Section        0  spi.o(i.spi1_write_data)
    i.sw_lcd_mode                            0x08005220   Section        0  norflash.o(i.sw_lcd_mode)
    i.sw_spiflash_mode                       0x08005270   Section        0  norflash.o(i.sw_spiflash_mode)
    i.sys_stm32_clock_init                   0x080052c4   Section        0  sys.o(i.sys_stm32_clock_init)
    i.usart_init                             0x08005380   Section        0  usart.o(i.usart_init)
    i.usmart_cmd_rec                         0x080053b8   Section        0  usmart.o(i.usmart_cmd_rec)
    i.usmart_exe                             0x08005468   Section        0  usmart.o(i.usmart_exe)
    i.usmart_get_aparm                       0x0800573c   Section        0  usmart_str.o(i.usmart_get_aparm)
    i.usmart_get_cmdname                     0x08005810   Section        0  usmart_str.o(i.usmart_get_cmdname)
    i.usmart_get_fname                       0x08005848   Section        0  usmart_str.o(i.usmart_get_fname)
    i.usmart_get_fparam                      0x08005a08   Section        0  usmart_str.o(i.usmart_get_fparam)
    i.usmart_get_input_string                0x08005b14   Section        0  usmart_port.o(i.usmart_get_input_string)
    i.usmart_get_parmpos                     0x08005b3c   Section        0  usmart_str.o(i.usmart_get_parmpos)
    i.usmart_init                            0x08005b5c   Section        0  usmart.o(i.usmart_init)
    i.usmart_pow                             0x08005b84   Section        0  usmart_str.o(i.usmart_pow)
    i.usmart_scan                            0x08005b9c   Section        0  usmart.o(i.usmart_scan)
    i.usmart_search_nextc                    0x08005c44   Section        0  usmart_str.o(i.usmart_search_nextc)
    i.usmart_str2num                         0x08005c5a   Section        0  usmart_str.o(i.usmart_str2num)
    i.usmart_strcmp                          0x08005d60   Section        0  usmart_str.o(i.usmart_strcmp)
    i.usmart_strcopy                         0x08005d82   Section        0  usmart_str.o(i.usmart_strcopy)
    i.usmart_strlen                          0x08005d98   Section        0  usmart_str.o(i.usmart_strlen)
    i.usmart_sys_cmd_exe                     0x08005db0   Section        0  usmart.o(i.usmart_sys_cmd_exe)
    i.usmart_timx_get_time                   0x080064a4   Section        0  usmart_port.o(i.usmart_timx_get_time)
    i.usmart_timx_init                       0x080064e8   Section        0  usmart_port.o(i.usmart_timx_init)
    i.usmart_timx_reset_time                 0x08006548   Section        0  usmart_port.o(i.usmart_timx_reset_time)
    i.write_addr                             0x0800657c   Section        0  usmart.o(i.write_addr)
    .constdata                               0x08006580   Section       24  system_stm32g4xx.o(.constdata)
    .constdata                               0x08006598   Section       24  stm32g4xx_hal_uart.o(.constdata)
    .constdata                               0x080065b0   Section    19380  lcd.o(.constdata)
    .conststring                             0x0800b164   Section       40  usmart.o(.conststring)
    .conststring                             0x0800b18c   Section     1012  usmart_config.o(.conststring)
    .data                                    0x20000000   Section        4  system_stm32g4xx.o(.data)
    .data                                    0x20000004   Section        4  delay.o(.data)
    g_fac_us                                 0x20000004   Data           4  delay.o(.data)
    .data                                    0x20000008   Section        7  usart.o(.data)
    .data                                    0x20000010   Section       12  stm32g4xx_hal.o(.data)
    .data                                    0x2000001c   Section        4  lcd.o(.data)
    .data                                    0x20000020   Section        2  norflash.o(.data)
    .data                                    0x20000024   Section       28  usmart.o(.data)
    .data                                    0x20000040   Section      372  usmart_config.o(.data)
    .bss                                     0x200001b4   Section      344  usart.o(.bss)
    .bss                                     0x2000030c   Section    11520  lcd.o(.bss)
    lcd_buf                                  0x2000030c   Data       11520  lcd.o(.bss)
    .bss                                     0x2000300c   Section      200  spi.o(.bss)
    .bss                                     0x200030d4   Section       76  usmart_port.o(.bss)
    STACK                                    0x20003120   Section     1024  startup_stm32g474xx.o(STACK)

    Global Symbols

    Symbol Name                              Value     Ov Type        Size  Object(Section)

    BuildAttributes$$THM_ISAv4$E$P$D$K$B$S$7EM$VFPi3$EXTD16$VFPS$VFMA$PE$A:L22UL41UL21$X:L11$S22US41US21$IEEE1$IW$USESV6$~STKCKD$USESV7$~SHL$OSPACE$ROPI$EBA8$MICROLIB$REQ8$PRES8$EABIv2 0x00000000   Number         0  anon$$obj.o ABSOLUTE
    __ARM_use_no_argv                        0x00000000   Number         0  main.o ABSOLUTE
    __use_no_errno                           0x00000000   Number         0  useno.o ABSOLUTE
    __use_no_exception_handling              0x00000000   Number         0  useno.o ABSOLUTE
    __use_no_fp                              0x00000000   Number         0  useno.o ABSOLUTE
    __use_no_heap                            0x00000000   Number         0  useno.o ABSOLUTE
    __use_no_heap_region                     0x00000000   Number         0  useno.o ABSOLUTE
    __use_no_semihosting                     0x00000000   Number         0  useno.o ABSOLUTE
    __use_no_semihosting_swi                 0x00000000   Number         0  useno.o ABSOLUTE
    __use_no_signal_handling                 0x00000000   Number         0  useno.o ABSOLUTE
    _printf_a                                0x00000000   Number         0  stubs.o ABSOLUTE
    _printf_c                                0x00000000   Number         0  stubs.o ABSOLUTE
    _printf_charcount                        0x00000000   Number         0  stubs.o ABSOLUTE
    _printf_d                                0x00000000   Number         0  stubs.o ABSOLUTE
    _printf_e                                0x00000000   Number         0  stubs.o ABSOLUTE
    _printf_f                                0x00000000   Number         0  stubs.o ABSOLUTE
    _printf_flags                            0x00000000   Number         0  stubs.o ABSOLUTE
    _printf_fp_dec                           0x00000000   Number         0  stubs.o ABSOLUTE
    _printf_fp_hex                           0x00000000   Number         0  stubs.o ABSOLUTE
    _printf_g                                0x00000000   Number         0  stubs.o ABSOLUTE
    _printf_i                                0x00000000   Number         0  stubs.o ABSOLUTE
    _printf_int_dec                          0x00000000   Number         0  stubs.o ABSOLUTE
    _printf_l                                0x00000000   Number         0  stubs.o ABSOLUTE
    _printf_lc                               0x00000000   Number         0  stubs.o ABSOLUTE
    _printf_ll                               0x00000000   Number         0  stubs.o ABSOLUTE
    _printf_lld                              0x00000000   Number         0  stubs.o ABSOLUTE
    _printf_lli                              0x00000000   Number         0  stubs.o ABSOLUTE
    _printf_llo                              0x00000000   Number         0  stubs.o ABSOLUTE
    _printf_llu                              0x00000000   Number         0  stubs.o ABSOLUTE
    _printf_llx                              0x00000000   Number         0  stubs.o ABSOLUTE
    _printf_longlong_dec                     0x00000000   Number         0  stubs.o ABSOLUTE
    _printf_longlong_hex                     0x00000000   Number         0  stubs.o ABSOLUTE
    _printf_longlong_oct                     0x00000000   Number         0  stubs.o ABSOLUTE
    _printf_ls                               0x00000000   Number         0  stubs.o ABSOLUTE
    _printf_mbtowc                           0x00000000   Number         0  stubs.o ABSOLUTE
    _printf_n                                0x00000000   Number         0  stubs.o ABSOLUTE
    _printf_o                                0x00000000   Number         0  stubs.o ABSOLUTE
    _printf_p                                0x00000000   Number         0  stubs.o ABSOLUTE
    _printf_percent                          0x00000000   Number         0  stubs.o ABSOLUTE
    _printf_pre_padding                      0x00000000   Number         0  stubs.o ABSOLUTE
    _printf_return_value                     0x00000000   Number         0  stubs.o ABSOLUTE
    _printf_s                                0x00000000   Number         0  stubs.o ABSOLUTE
    _printf_sizespec                         0x00000000   Number         0  stubs.o ABSOLUTE
    _printf_str                              0x00000000   Number         0  stubs.o ABSOLUTE
    _printf_truncate_signed                  0x00000000   Number         0  stubs.o ABSOLUTE
    _printf_truncate_unsigned                0x00000000   Number         0  stubs.o ABSOLUTE
    _printf_u                                0x00000000   Number         0  stubs.o ABSOLUTE
    _printf_wc                               0x00000000   Number         0  stubs.o ABSOLUTE
    _printf_wctomb                           0x00000000   Number         0  stubs.o ABSOLUTE
    _printf_widthprec                        0x00000000   Number         0  stubs.o ABSOLUTE
    _printf_x                                0x00000000   Number         0  stubs.o ABSOLUTE
    __arm_fini_                               - Undefined Weak Reference
    __cpp_initialize__aeabi_                  - Undefined Weak Reference
    __cxa_finalize                            - Undefined Weak Reference
    _clock_init                               - Undefined Weak Reference
    _microlib_exit                            - Undefined Weak Reference
    __Vectors_Size                           0x000001d8   Number         0  startup_stm32g474xx.o ABSOLUTE
    __Vectors                                0x08000000   Data           4  startup_stm32g474xx.o(RESET)
    __Vectors_End                            0x080001d8   Data           0  startup_stm32g474xx.o(RESET)
    __main                                   0x080001d9   Thumb Code     0  entry.o(.ARM.Collect$$$$00000000)
    _main_stk                                0x080001d9   Thumb Code     0  entry2.o(.ARM.Collect$$$$00000001)
    _main_scatterload                        0x080001dd   Thumb Code     0  entry5.o(.ARM.Collect$$$$00000004)
    __main_after_scatterload                 0x080001e1   Thumb Code     0  entry5.o(.ARM.Collect$$$$00000004)
    _main_clock                              0x080001e1   Thumb Code     0  entry7b.o(.ARM.Collect$$$$00000008)
    _main_cpp_init                           0x080001e1   Thumb Code     0  entry8b.o(.ARM.Collect$$$$0000000A)
    _main_init                               0x080001e1   Thumb Code     0  entry9a.o(.ARM.Collect$$$$0000000B)
    __rt_lib_shutdown_fini                   0x080001e9   Thumb Code     0  entry12b.o(.ARM.Collect$$$$0000000E)
    __rt_final_cpp                           0x080001ed   Thumb Code     0  entry10a.o(.ARM.Collect$$$$0000000F)
    __rt_final_exit                          0x080001ed   Thumb Code     0  entry11a.o(.ARM.Collect$$$$00000011)
    Reset_Handler                            0x080001f1   Thumb Code     8  startup_stm32g474xx.o(.text)
    ADC1_2_IRQHandler                        0x0800020b   Thumb Code     0  startup_stm32g474xx.o(.text)
    ADC3_IRQHandler                          0x0800020b   Thumb Code     0  startup_stm32g474xx.o(.text)
    ADC4_IRQHandler                          0x0800020b   Thumb Code     0  startup_stm32g474xx.o(.text)
    ADC5_IRQHandler                          0x0800020b   Thumb Code     0  startup_stm32g474xx.o(.text)
    COMP1_2_3_IRQHandler                     0x0800020b   Thumb Code     0  startup_stm32g474xx.o(.text)
    COMP4_5_6_IRQHandler                     0x0800020b   Thumb Code     0  startup_stm32g474xx.o(.text)
    COMP7_IRQHandler                         0x0800020b   Thumb Code     0  startup_stm32g474xx.o(.text)
    CORDIC_IRQHandler                        0x0800020b   Thumb Code     0  startup_stm32g474xx.o(.text)
    CRS_IRQHandler                           0x0800020b   Thumb Code     0  startup_stm32g474xx.o(.text)
    DMA1_Channel1_IRQHandler                 0x0800020b   Thumb Code     0  startup_stm32g474xx.o(.text)
    DMA1_Channel2_IRQHandler                 0x0800020b   Thumb Code     0  startup_stm32g474xx.o(.text)
    DMA1_Channel3_IRQHandler                 0x0800020b   Thumb Code     0  startup_stm32g474xx.o(.text)
    DMA1_Channel4_IRQHandler                 0x0800020b   Thumb Code     0  startup_stm32g474xx.o(.text)
    DMA1_Channel5_IRQHandler                 0x0800020b   Thumb Code     0  startup_stm32g474xx.o(.text)
    DMA1_Channel6_IRQHandler                 0x0800020b   Thumb Code     0  startup_stm32g474xx.o(.text)
    DMA1_Channel7_IRQHandler                 0x0800020b   Thumb Code     0  startup_stm32g474xx.o(.text)
    DMA1_Channel8_IRQHandler                 0x0800020b   Thumb Code     0  startup_stm32g474xx.o(.text)
    DMA2_Channel1_IRQHandler                 0x0800020b   Thumb Code     0  startup_stm32g474xx.o(.text)
    DMA2_Channel2_IRQHandler                 0x0800020b   Thumb Code     0  startup_stm32g474xx.o(.text)
    DMA2_Channel3_IRQHandler                 0x0800020b   Thumb Code     0  startup_stm32g474xx.o(.text)
    DMA2_Channel4_IRQHandler                 0x0800020b   Thumb Code     0  startup_stm32g474xx.o(.text)
    DMA2_Channel5_IRQHandler                 0x0800020b   Thumb Code     0  startup_stm32g474xx.o(.text)
    DMA2_Channel6_IRQHandler                 0x0800020b   Thumb Code     0  startup_stm32g474xx.o(.text)
    DMA2_Channel7_IRQHandler                 0x0800020b   Thumb Code     0  startup_stm32g474xx.o(.text)
    DMA2_Channel8_IRQHandler                 0x0800020b   Thumb Code     0  startup_stm32g474xx.o(.text)
    DMAMUX_OVR_IRQHandler                    0x0800020b   Thumb Code     0  startup_stm32g474xx.o(.text)
    EXTI0_IRQHandler                         0x0800020b   Thumb Code     0  startup_stm32g474xx.o(.text)
    EXTI15_10_IRQHandler                     0x0800020b   Thumb Code     0  startup_stm32g474xx.o(.text)
    EXTI1_IRQHandler                         0x0800020b   Thumb Code     0  startup_stm32g474xx.o(.text)
    EXTI2_IRQHandler                         0x0800020b   Thumb Code     0  startup_stm32g474xx.o(.text)
    EXTI3_IRQHandler                         0x0800020b   Thumb Code     0  startup_stm32g474xx.o(.text)
    EXTI4_IRQHandler                         0x0800020b   Thumb Code     0  startup_stm32g474xx.o(.text)
    EXTI9_5_IRQHandler                       0x0800020b   Thumb Code     0  startup_stm32g474xx.o(.text)
    FDCAN1_IT0_IRQHandler                    0x0800020b   Thumb Code     0  startup_stm32g474xx.o(.text)
    FDCAN1_IT1_IRQHandler                    0x0800020b   Thumb Code     0  startup_stm32g474xx.o(.text)
    FDCAN2_IT0_IRQHandler                    0x0800020b   Thumb Code     0  startup_stm32g474xx.o(.text)
    FDCAN2_IT1_IRQHandler                    0x0800020b   Thumb Code     0  startup_stm32g474xx.o(.text)
    FDCAN3_IT0_IRQHandler                    0x0800020b   Thumb Code     0  startup_stm32g474xx.o(.text)
    FDCAN3_IT1_IRQHandler                    0x0800020b   Thumb Code     0  startup_stm32g474xx.o(.text)
    FLASH_IRQHandler                         0x0800020b   Thumb Code     0  startup_stm32g474xx.o(.text)
    FMAC_IRQHandler                          0x0800020b   Thumb Code     0  startup_stm32g474xx.o(.text)
    FMC_IRQHandler                           0x0800020b   Thumb Code     0  startup_stm32g474xx.o(.text)
    FPU_IRQHandler                           0x0800020b   Thumb Code     0  startup_stm32g474xx.o(.text)
    HRTIM1_FLT_IRQHandler                    0x0800020b   Thumb Code     0  startup_stm32g474xx.o(.text)
    HRTIM1_Master_IRQHandler                 0x0800020b   Thumb Code     0  startup_stm32g474xx.o(.text)
    HRTIM1_TIMA_IRQHandler                   0x0800020b   Thumb Code     0  startup_stm32g474xx.o(.text)
    HRTIM1_TIMB_IRQHandler                   0x0800020b   Thumb Code     0  startup_stm32g474xx.o(.text)
    HRTIM1_TIMC_IRQHandler                   0x0800020b   Thumb Code     0  startup_stm32g474xx.o(.text)
    HRTIM1_TIMD_IRQHandler                   0x0800020b   Thumb Code     0  startup_stm32g474xx.o(.text)
    HRTIM1_TIME_IRQHandler                   0x0800020b   Thumb Code     0  startup_stm32g474xx.o(.text)
    HRTIM1_TIMF_IRQHandler                   0x0800020b   Thumb Code     0  startup_stm32g474xx.o(.text)
    I2C1_ER_IRQHandler                       0x0800020b   Thumb Code     0  startup_stm32g474xx.o(.text)
    I2C1_EV_IRQHandler                       0x0800020b   Thumb Code     0  startup_stm32g474xx.o(.text)
    I2C2_ER_IRQHandler                       0x0800020b   Thumb Code     0  startup_stm32g474xx.o(.text)
    I2C2_EV_IRQHandler                       0x0800020b   Thumb Code     0  startup_stm32g474xx.o(.text)
    I2C3_ER_IRQHandler                       0x0800020b   Thumb Code     0  startup_stm32g474xx.o(.text)
    I2C3_EV_IRQHandler                       0x0800020b   Thumb Code     0  startup_stm32g474xx.o(.text)
    I2C4_ER_IRQHandler                       0x0800020b   Thumb Code     0  startup_stm32g474xx.o(.text)
    I2C4_EV_IRQHandler                       0x0800020b   Thumb Code     0  startup_stm32g474xx.o(.text)
    LPTIM1_IRQHandler                        0x0800020b   Thumb Code     0  startup_stm32g474xx.o(.text)
    LPUART1_IRQHandler                       0x0800020b   Thumb Code     0  startup_stm32g474xx.o(.text)
    PVD_PVM_IRQHandler                       0x0800020b   Thumb Code     0  startup_stm32g474xx.o(.text)
    QUADSPI_IRQHandler                       0x0800020b   Thumb Code     0  startup_stm32g474xx.o(.text)
    RCC_IRQHandler                           0x0800020b   Thumb Code     0  startup_stm32g474xx.o(.text)
    RNG_IRQHandler                           0x0800020b   Thumb Code     0  startup_stm32g474xx.o(.text)
    RTC_Alarm_IRQHandler                     0x0800020b   Thumb Code     0  startup_stm32g474xx.o(.text)
    RTC_TAMP_LSECSS_IRQHandler               0x0800020b   Thumb Code     0  startup_stm32g474xx.o(.text)
    RTC_WKUP_IRQHandler                      0x0800020b   Thumb Code     0  startup_stm32g474xx.o(.text)
    SAI1_IRQHandler                          0x0800020b   Thumb Code     0  startup_stm32g474xx.o(.text)
    SPI1_IRQHandler                          0x0800020b   Thumb Code     0  startup_stm32g474xx.o(.text)
    SPI2_IRQHandler                          0x0800020b   Thumb Code     0  startup_stm32g474xx.o(.text)
    SPI3_IRQHandler                          0x0800020b   Thumb Code     0  startup_stm32g474xx.o(.text)
    SPI4_IRQHandler                          0x0800020b   Thumb Code     0  startup_stm32g474xx.o(.text)
    TIM1_BRK_TIM15_IRQHandler                0x0800020b   Thumb Code     0  startup_stm32g474xx.o(.text)
    TIM1_CC_IRQHandler                       0x0800020b   Thumb Code     0  startup_stm32g474xx.o(.text)
    TIM1_TRG_COM_TIM17_IRQHandler            0x0800020b   Thumb Code     0  startup_stm32g474xx.o(.text)
    TIM1_UP_TIM16_IRQHandler                 0x0800020b   Thumb Code     0  startup_stm32g474xx.o(.text)
    TIM20_BRK_IRQHandler                     0x0800020b   Thumb Code     0  startup_stm32g474xx.o(.text)
    TIM20_CC_IRQHandler                      0x0800020b   Thumb Code     0  startup_stm32g474xx.o(.text)
    TIM20_TRG_COM_IRQHandler                 0x0800020b   Thumb Code     0  startup_stm32g474xx.o(.text)
    TIM20_UP_IRQHandler                      0x0800020b   Thumb Code     0  startup_stm32g474xx.o(.text)
    TIM2_IRQHandler                          0x0800020b   Thumb Code     0  startup_stm32g474xx.o(.text)
    TIM3_IRQHandler                          0x0800020b   Thumb Code     0  startup_stm32g474xx.o(.text)
    TIM5_IRQHandler                          0x0800020b   Thumb Code     0  startup_stm32g474xx.o(.text)
    TIM6_DAC_IRQHandler                      0x0800020b   Thumb Code     0  startup_stm32g474xx.o(.text)
    TIM7_DAC_IRQHandler                      0x0800020b   Thumb Code     0  startup_stm32g474xx.o(.text)
    TIM8_BRK_IRQHandler                      0x0800020b   Thumb Code     0  startup_stm32g474xx.o(.text)
    TIM8_CC_IRQHandler                       0x0800020b   Thumb Code     0  startup_stm32g474xx.o(.text)
    TIM8_TRG_COM_IRQHandler                  0x0800020b   Thumb Code     0  startup_stm32g474xx.o(.text)
    TIM8_UP_IRQHandler                       0x0800020b   Thumb Code     0  startup_stm32g474xx.o(.text)
    UART4_IRQHandler                         0x0800020b   Thumb Code     0  startup_stm32g474xx.o(.text)
    UART5_IRQHandler                         0x0800020b   Thumb Code     0  startup_stm32g474xx.o(.text)
    UCPD1_IRQHandler                         0x0800020b   Thumb Code     0  startup_stm32g474xx.o(.text)
    USART2_IRQHandler                        0x0800020b   Thumb Code     0  startup_stm32g474xx.o(.text)
    USART3_IRQHandler                        0x0800020b   Thumb Code     0  startup_stm32g474xx.o(.text)
    USBWakeUp_IRQHandler                     0x0800020b   Thumb Code     0  startup_stm32g474xx.o(.text)
    USB_HP_IRQHandler                        0x0800020b   Thumb Code     0  startup_stm32g474xx.o(.text)
    USB_LP_IRQHandler                        0x0800020b   Thumb Code     0  startup_stm32g474xx.o(.text)
    WWDG_IRQHandler                          0x0800020b   Thumb Code     0  startup_stm32g474xx.o(.text)
    __aeabi_uldivmod                         0x08000215   Thumb Code    98  uldiv.o(.text)
    __aeabi_memset                           0x08000277   Thumb Code    14  memseta.o(.text)
    __aeabi_memset4                          0x08000277   Thumb Code     0  memseta.o(.text)
    __aeabi_memset8                          0x08000277   Thumb Code     0  memseta.o(.text)
    __aeabi_memclr                           0x08000285   Thumb Code     4  memseta.o(.text)
    __aeabi_memclr4                          0x08000285   Thumb Code     0  memseta.o(.text)
    __aeabi_memclr8                          0x08000285   Thumb Code     0  memseta.o(.text)
    _memset$wrapper                          0x08000289   Thumb Code    18  memseta.o(.text)
    __aeabi_f2d                              0x0800029b   Thumb Code    38  f2d.o(.text)
    __aeabi_uidiv                            0x080002c1   Thumb Code     0  uidiv.o(.text)
    __aeabi_uidivmod                         0x080002c1   Thumb Code    44  uidiv.o(.text)
    __aeabi_llsl                             0x080002ed   Thumb Code    30  llshl.o(.text)
    _ll_shift_l                              0x080002ed   Thumb Code     0  llshl.o(.text)
    __aeabi_llsr                             0x0800030b   Thumb Code    32  llushr.o(.text)
    _ll_ushift_r                             0x0800030b   Thumb Code     0  llushr.o(.text)
    __I$use$fp                               0x0800032b   Thumb Code     0  iusefp.o(.text)
    __aeabi_dadd                             0x0800032b   Thumb Code   322  dadd.o(.text)
    __aeabi_dsub                             0x0800046d   Thumb Code     6  dadd.o(.text)
    __aeabi_drsub                            0x08000473   Thumb Code     6  dadd.o(.text)
    __aeabi_dmul                             0x08000479   Thumb Code   228  dmul.o(.text)
    __aeabi_ddiv                             0x0800055d   Thumb Code   222  ddiv.o(.text)
    __aeabi_d2ulz                            0x0800063b   Thumb Code    48  dfixul.o(.text)
    __aeabi_cdrcmple                         0x0800066d   Thumb Code    48  cdrcmple.o(.text)
    __scatterload                            0x0800069d   Thumb Code    28  init.o(.text)
    __scatterload_rt2                        0x0800069d   Thumb Code     0  init.o(.text)
    __aeabi_lasr                             0x080006c1   Thumb Code    36  llsshr.o(.text)
    _ll_sshift_r                             0x080006c1   Thumb Code     0  llsshr.o(.text)
    _double_round                            0x080006e5   Thumb Code    30  depilogue.o(.text)
    _double_epilogue                         0x08000703   Thumb Code   156  depilogue.o(.text)
    __decompress                             0x0800079f   Thumb Code     0  __dczerorl2.o(.text)
    __decompress1                            0x0800079f   Thumb Code    86  __dczerorl2.o(.text)
    AD2S1210GPIOInitiate                     0x080007f5   Thumb Code   706  ad2s1210.o(i.AD2S1210GPIOInitiate)
    AD2S1210Initiate                         0x08000acd   Thumb Code    94  ad2s1210.o(i.AD2S1210Initiate)
    AD2S1210SelectMode                       0x08000b35   Thumb Code   122  ad2s1210.o(i.AD2S1210SelectMode)
    BusFault_Handler                         0x08000bb5   Thumb Code     4  stm32g4xx_it.o(i.BusFault_Handler)
    DebugMon_Handler                         0x08000bb9   Thumb Code     2  stm32g4xx_it.o(i.DebugMon_Handler)
    HAL_DMA_Abort                            0x08000bbb   Thumb Code   118  stm32g4xx_hal_dma.o(i.HAL_DMA_Abort)
    HAL_DMA_Abort_IT                         0x08000c31   Thumb Code   148  stm32g4xx_hal_dma.o(i.HAL_DMA_Abort_IT)
    HAL_GPIO_Init                            0x08000cc5   Thumb Code   428  stm32g4xx_hal_gpio.o(i.HAL_GPIO_Init)
    HAL_GPIO_ReadPin                         0x08000e91   Thumb Code    16  stm32g4xx_hal_gpio.o(i.HAL_GPIO_ReadPin)
    HAL_GPIO_WritePin                        0x08000ea1   Thumb Code    10  stm32g4xx_hal_gpio.o(i.HAL_GPIO_WritePin)
    HAL_GetREVID                             0x08000ead   Thumb Code     8  stm32g4xx_hal.o(i.HAL_GetREVID)
    HAL_GetTick                              0x08000eb9   Thumb Code     6  stm32g4xx_hal.o(i.HAL_GetTick)
    HAL_IncTick                              0x08000ec5   Thumb Code    16  stm32g4xx_hal.o(i.HAL_IncTick)
    HAL_Init                                 0x08000edd   Thumb Code    30  stm32g4xx_hal.o(i.HAL_Init)
    HAL_InitTick                             0x08000efd   Thumb Code    74  stm32g4xx_hal.o(i.HAL_InitTick)
    HAL_MspInit                              0x08000f55   Thumb Code     2  stm32g4xx_hal.o(i.HAL_MspInit)
    HAL_NVIC_EnableIRQ                       0x08000f57   Thumb Code    40  stm32g4xx_hal_cortex.o(i.HAL_NVIC_EnableIRQ)
    HAL_NVIC_SetPriority                     0x08000f7f   Thumb Code   122  stm32g4xx_hal_cortex.o(i.HAL_NVIC_SetPriority)
    HAL_NVIC_SetPriorityGrouping             0x08000ff9   Thumb Code    32  stm32g4xx_hal_cortex.o(i.HAL_NVIC_SetPriorityGrouping)
    HAL_PWREx_ControlVoltageScaling          0x08001021   Thumb Code   268  stm32g4xx_hal_pwr_ex.o(i.HAL_PWREx_ControlVoltageScaling)
    HAL_RCC_ClockConfig                      0x08001139   Thumb Code   522  stm32g4xx_hal_rcc.o(i.HAL_RCC_ClockConfig)
    HAL_RCC_GetHCLKFreq                      0x0800135d   Thumb Code     6  stm32g4xx_hal_rcc.o(i.HAL_RCC_GetHCLKFreq)
    HAL_RCC_GetPCLK1Freq                     0x08001369   Thumb Code    26  stm32g4xx_hal_rcc.o(i.HAL_RCC_GetPCLK1Freq)
    HAL_RCC_GetPCLK2Freq                     0x0800138d   Thumb Code    26  stm32g4xx_hal_rcc.o(i.HAL_RCC_GetPCLK2Freq)
    HAL_RCC_GetSysClockFreq                  0x080013b1   Thumb Code   138  stm32g4xx_hal_rcc.o(i.HAL_RCC_GetSysClockFreq)
    HAL_RCC_OscConfig                        0x08001449   Thumb Code  1370  stm32g4xx_hal_rcc.o(i.HAL_RCC_OscConfig)
    HAL_SPI_Transmit                         0x080019b1   Thumb Code   546  stm32g4xx_hal_spi.o(i.HAL_SPI_Transmit)
    HAL_SPI_TransmitReceive                  0x08001bd3   Thumb Code  1004  stm32g4xx_hal_spi.o(i.HAL_SPI_TransmitReceive)
    HAL_SYSTICK_CLKSourceConfig              0x08001fbf   Thumb Code    40  stm32g4xx_hal_cortex.o(i.HAL_SYSTICK_CLKSourceConfig)
    HAL_SYSTICK_Config                       0x08001fe7   Thumb Code    52  stm32g4xx_hal_cortex.o(i.HAL_SYSTICK_Config)
    HAL_TIM_Base_Init                        0x0800201b   Thumb Code   110  stm32g4xx_hal_tim.o(i.HAL_TIM_Base_Init)
    HAL_TIM_Base_MspInit                     0x08002089   Thumb Code     2  stm32g4xx_hal_tim.o(i.HAL_TIM_Base_MspInit)
    HAL_TIM_Base_Start_IT                    0x0800208d   Thumb Code   146  stm32g4xx_hal_tim.o(i.HAL_TIM_Base_Start_IT)
    HAL_UARTEx_RxEventCallback               0x08002141   Thumb Code     2  stm32g4xx_hal_uart.o(i.HAL_UARTEx_RxEventCallback)
    HAL_UARTEx_RxFifoFullCallback            0x08002143   Thumb Code     2  stm32g4xx_hal_uart_ex.o(i.HAL_UARTEx_RxFifoFullCallback)
    HAL_UARTEx_TxFifoEmptyCallback           0x08002145   Thumb Code     2  stm32g4xx_hal_uart_ex.o(i.HAL_UARTEx_TxFifoEmptyCallback)
    HAL_UARTEx_WakeupCallback                0x08002147   Thumb Code     2  stm32g4xx_hal_uart_ex.o(i.HAL_UARTEx_WakeupCallback)
    HAL_UART_ErrorCallback                   0x08002149   Thumb Code     2  stm32g4xx_hal_uart.o(i.HAL_UART_ErrorCallback)
    HAL_UART_IRQHandler                      0x0800214d   Thumb Code   898  stm32g4xx_hal_uart.o(i.HAL_UART_IRQHandler)
    HAL_UART_Init                            0x080024dd   Thumb Code   120  stm32g4xx_hal_uart.o(i.HAL_UART_Init)
    HAL_UART_MspInit                         0x08002555   Thumb Code   170  usart.o(i.HAL_UART_MspInit)
    HAL_UART_Receive_IT                      0x0800260d   Thumb Code   110  stm32g4xx_hal_uart.o(i.HAL_UART_Receive_IT)
    HAL_UART_RxCpltCallback                  0x08002681   Thumb Code   134  usart.o(i.HAL_UART_RxCpltCallback)
    HAL_UART_TxCpltCallback                  0x0800271d   Thumb Code     2  stm32g4xx_hal_uart.o(i.HAL_UART_TxCpltCallback)
    HardFault_Handler                        0x0800271f   Thumb Code     4  stm32g4xx_it.o(i.HardFault_Handler)
    MemManage_Handler                        0x08002723   Thumb Code     4  stm32g4xx_it.o(i.MemManage_Handler)
    NMI_Handler                              0x08002727   Thumb Code     2  stm32g4xx_it.o(i.NMI_Handler)
    PendSV_Handler                           0x08002729   Thumb Code     2  stm32g4xx_it.o(i.PendSV_Handler)
    ReadFromAD2S1210                         0x08002795   Thumb Code   510  ad2s1210.o(i.ReadFromAD2S1210)
    SPIRead                                  0x080029a1   Thumb Code   124  ad2s1210.o(i.SPIRead)
    SPIWrite                                 0x08002a21   Thumb Code   136  ad2s1210.o(i.SPIWrite)
    SVC_Handler                              0x08002ce1   Thumb Code     2  stm32g4xx_it.o(i.SVC_Handler)
    SysTick_Handler                          0x08002ce3   Thumb Code     8  stm32g4xx_it.o(i.SysTick_Handler)
    SystemInit                               0x08002ced   Thumb Code    14  system_stm32g4xx.o(i.SystemInit)
    TIM4_IRQHandler                          0x08002d01   Thumb Code    58  usmart_port.o(i.TIM4_IRQHandler)
    TIM_Base_SetConfig                       0x08002d45   Thumb Code   188  stm32g4xx_hal_tim.o(i.TIM_Base_SetConfig)
    UART_AdvFeatureConfig                    0x08002e25   Thumb Code   248  stm32g4xx_hal_uart.o(i.UART_AdvFeatureConfig)
    UART_CheckIdleState                      0x08002f1d   Thumb Code   118  stm32g4xx_hal_uart.o(i.UART_CheckIdleState)
    UART_SetConfig                           0x0800357d   Thumb Code   922  stm32g4xx_hal_uart.o(i.UART_SetConfig)
    UART_Start_Receive_IT                    0x08003945   Thumb Code   352  stm32g4xx_hal_uart.o(i.UART_Start_Receive_IT)
    UART_WaitOnFlagUntilTimeout              0x08003ab5   Thumb Code   254  stm32g4xx_hal_uart.o(i.UART_WaitOnFlagUntilTimeout)
    USART1_IRQHandler                        0x08003bb5   Thumb Code    10  usart.o(i.USART1_IRQHandler)
    UsageFault_Handler                       0x08003bc5   Thumb Code     4  stm32g4xx_it.o(i.UsageFault_Handler)
    __0printf                                0x08003bc9   Thumb Code    22  printfa.o(i.__0printf)
    __1printf                                0x08003bc9   Thumb Code     0  printfa.o(i.__0printf)
    __2printf                                0x08003bc9   Thumb Code     0  printfa.o(i.__0printf)
    __c89printf                              0x08003bc9   Thumb Code     0  printfa.o(i.__0printf)
    printf                                   0x08003bc9   Thumb Code     0  printfa.o(i.__0printf)
    __scatterload_copy                       0x08003c21   Thumb Code    14  handlers.o(i.__scatterload_copy)
    __scatterload_null                       0x08003c2f   Thumb Code     2  handlers.o(i.__scatterload_null)
    __scatterload_zeroinit                   0x08003c31   Thumb Code    14  handlers.o(i.__scatterload_zeroinit)
    delay_init                               0x080044cd   Thumb Code    16  delay.o(i.delay_init)
    delay_ms                                 0x080044e1   Thumb Code    18  delay.o(i.delay_ms)
    delay_us                                 0x080044f5   Thumb Code    68  delay.o(i.delay_us)
    fputc                                    0x0800453d   Thumb Code    24  usart.o(i.fputc)
    lcd_address_set                          0x08004559   Thumb Code    82  lcd.o(i.lcd_address_set)
    lcd_clear                                0x080045ad   Thumb Code   108  lcd.o(i.lcd_clear)
    lcd_draw_circle                          0x08004621   Thumb Code   198  lcd.o(i.lcd_draw_circle)
    lcd_draw_line                            0x080046e9   Thumb Code   280  lcd.o(i.lcd_draw_line)
    lcd_draw_point                           0x0800480d   Thumb Code    28  lcd.o(i.lcd_draw_point)
    lcd_draw_rectangle                       0x08004829   Thumb Code    74  lcd.o(i.lcd_draw_rectangle)
    lcd_fill                                 0x08004875   Thumb Code   148  lcd.o(i.lcd_fill)
    lcd_show_char                            0x08004929   Thumb Code   500  lcd.o(i.lcd_show_char)
    lcd_show_num                             0x08004b31   Thumb Code   152  lcd.o(i.lcd_show_num)
    lcd_show_string                          0x08004bc9   Thumb Code   106  lcd.o(i.lcd_show_string)
    lcd_show_xnum                            0x08004c33   Thumb Code   198  lcd.o(i.lcd_show_xnum)
    lcd_write_halfword                       0x08004da5   Thumb Code    44  lcd.o(i.lcd_write_halfword)
    main                                     0x08004dd5   Thumb Code   502  main.o(i.main)
    norflash_erase_chip                      0x08005019   Thumb Code    60  norflash.o(i.norflash_erase_chip)
    norflash_erase_sector                    0x08005059   Thumb Code    70  norflash.o(i.norflash_erase_sector)
    norflash_read_id                         0x080050a5   Thumb Code    84  norflash.o(i.norflash_read_id)
    norflash_read_sr                         0x080050fd   Thumb Code    96  norflash.o(i.norflash_read_sr)
    norflash_write_enable                    0x080051a9   Thumb Code    48  norflash.o(i.norflash_write_enable)
    read_addr                                0x080051dd   Thumb Code     6  usmart.o(i.read_addr)
    spi1_read_write_byte                     0x080051e5   Thumb Code    28  spi.o(i.spi1_read_write_byte)
    spi1_write_data                          0x08005205   Thumb Code    22  spi.o(i.spi1_write_data)
    sw_lcd_mode                              0x08005221   Thumb Code    72  norflash.o(i.sw_lcd_mode)
    sw_spiflash_mode                         0x08005271   Thumb Code    76  norflash.o(i.sw_spiflash_mode)
    sys_stm32_clock_init                     0x080052c5   Thumb Code   178  sys.o(i.sys_stm32_clock_init)
    usart_init                               0x08005381   Thumb Code    44  usart.o(i.usart_init)
    usmart_cmd_rec                           0x080053b9   Thumb Code   170  usmart.o(i.usmart_cmd_rec)
    usmart_exe                               0x08005469   Thumb Code   632  usmart.o(i.usmart_exe)
    usmart_get_aparm                         0x0800573d   Thumb Code   212  usmart_str.o(i.usmart_get_aparm)
    usmart_get_cmdname                       0x08005811   Thumb Code    54  usmart_str.o(i.usmart_get_cmdname)
    usmart_get_fname                         0x08005849   Thumb Code   440  usmart_str.o(i.usmart_get_fname)
    usmart_get_fparam                        0x08005a09   Thumb Code   262  usmart_str.o(i.usmart_get_fparam)
    usmart_get_input_string                  0x08005b15   Thumb Code    30  usmart_port.o(i.usmart_get_input_string)
    usmart_get_parmpos                       0x08005b3d   Thumb Code    26  usmart_str.o(i.usmart_get_parmpos)
    usmart_init                              0x08005b5d   Thumb Code    36  usmart.o(i.usmart_init)
    usmart_pow                               0x08005b85   Thumb Code    22  usmart_str.o(i.usmart_pow)
    usmart_scan                              0x08005b9d   Thumb Code   106  usmart.o(i.usmart_scan)
    usmart_search_nextc                      0x08005c45   Thumb Code    22  usmart_str.o(i.usmart_search_nextc)
    usmart_str2num                           0x08005c5b   Thumb Code   262  usmart_str.o(i.usmart_str2num)
    usmart_strcmp                            0x08005d61   Thumb Code    34  usmart_str.o(i.usmart_strcmp)
    usmart_strcopy                           0x08005d83   Thumb Code    22  usmart_str.o(i.usmart_strcopy)
    usmart_strlen                            0x08005d99   Thumb Code    24  usmart_str.o(i.usmart_strlen)
    usmart_sys_cmd_exe                       0x08005db1   Thumb Code  1570  usmart.o(i.usmart_sys_cmd_exe)
    usmart_timx_get_time                     0x080064a5   Thumb Code    58  usmart_port.o(i.usmart_timx_get_time)
    usmart_timx_init                         0x080064e9   Thumb Code    84  usmart_port.o(i.usmart_timx_init)
    usmart_timx_reset_time                   0x08006549   Thumb Code    44  usmart_port.o(i.usmart_timx_reset_time)
    write_addr                               0x0800657d   Thumb Code     4  usmart.o(i.write_addr)
    AHBPrescTable                            0x08006580   Data          16  system_stm32g4xx.o(.constdata)
    APBPrescTable                            0x08006590   Data           8  system_stm32g4xx.o(.constdata)
    UARTPrescTable                           0x08006598   Data          24  stm32g4xx_hal_uart.o(.constdata)
    asc2_1206                                0x080065b0   Data        1140  lcd.o(.constdata)
    asc2_1608                                0x08006a24   Data        1520  lcd.o(.constdata)
    asc2_2412                                0x08007014   Data        4560  lcd.o(.constdata)
    asc2_3216                                0x080081e4   Data       12160  lcd.o(.constdata)
    Region$$Table$$Base                      0x0800b580   Number         0  anon$$obj.o(Region$$Table)
    Region$$Table$$Limit                     0x0800b5a0   Number         0  anon$$obj.o(Region$$Table)
    SystemCoreClock                          0x20000000   Data           4  system_stm32g4xx.o(.data)
    __stdout                                 0x20000008   Data           4  usart.o(.data)
    g_usart_rx_sta                           0x2000000c   Data           2  usart.o(.data)
    g_rx_buffer                              0x2000000e   Data           1  usart.o(.data)
    uwTick                                   0x20000010   Data           4  stm32g4xx_hal.o(.data)
    uwTickPrio                               0x20000014   Data           4  stm32g4xx_hal.o(.data)
    uwTickFreq                               0x20000018   Data           4  stm32g4xx_hal.o(.data)
    g_point_color                            0x2000001c   Data           2  lcd.o(.data)
    g_back_color                             0x2000001e   Data           2  lcd.o(.data)
    g_norflash_type                          0x20000020   Data           2  norflash.o(.data)
    sys_cmd_tab                              0x20000024   Data          28  usmart.o(.data)
    usmart_nametab                           0x20000040   Data         128  usmart_config.o(.data)
    usmart_dev                               0x200000c0   Data         244  usmart_config.o(.data)
    g_usart_rx_buf                           0x200001b4   Data         200  usart.o(.bss)
    g_uart1_handle                           0x2000027c   Data         144  usart.o(.bss)
    g_spi1_handler                           0x2000300c   Data         100  spi.o(.bss)
    g_spi4_handler                           0x20003070   Data         100  spi.o(.bss)
    g_timx_usmart_handle                     0x200030d4   Data          76  usmart_port.o(.bss)
    __initial_sp                             0x20003520   Data           0  startup_stm32g474xx.o(STACK)



==============================================================================

Memory Map of the image

  Image Entry point : 0x080001d9

  Load Region LR_IROM1 (Base: 0x08000000, Size: 0x0000b754, Max: 0x00080000, ABSOLUTE, COMPRESSED[0x0000b648])

    Execution Region ER_IROM1 (Exec base: 0x08000000, Load base: 0x08000000, Size: 0x0000b5a0, Max: 0x00080000, ABSOLUTE)

    Exec Addr    Load Addr    Size         Type   Attr      Idx    E Section Name        Object

    0x08000000   0x08000000   0x000001d8   Data   RO            3    RESET               startup_stm32g474xx.o
    0x080001d8   0x080001d8   0x00000000   Code   RO         4935  * .ARM.Collect$$$$00000000  mc_w.l(entry.o)
    0x080001d8   0x080001d8   0x00000004   Code   RO         5205    .ARM.Collect$$$$00000001  mc_w.l(entry2.o)
    0x080001dc   0x080001dc   0x00000004   Code   RO         5208    .ARM.Collect$$$$00000004  mc_w.l(entry5.o)
    0x080001e0   0x080001e0   0x00000000   Code   RO         5210    .ARM.Collect$$$$00000008  mc_w.l(entry7b.o)
    0x080001e0   0x080001e0   0x00000000   Code   RO         5212    .ARM.Collect$$$$0000000A  mc_w.l(entry8b.o)
    0x080001e0   0x080001e0   0x00000008   Code   RO         5213    .ARM.Collect$$$$0000000B  mc_w.l(entry9a.o)
    0x080001e8   0x080001e8   0x00000004   Code   RO         5220    .ARM.Collect$$$$0000000E  mc_w.l(entry12b.o)
    0x080001ec   0x080001ec   0x00000000   Code   RO         5215    .ARM.Collect$$$$0000000F  mc_w.l(entry10a.o)
    0x080001ec   0x080001ec   0x00000000   Code   RO         5217    .ARM.Collect$$$$00000011  mc_w.l(entry11a.o)
    0x080001ec   0x080001ec   0x00000004   Code   RO         5206    .ARM.Collect$$$$00002712  mc_w.l(entry2.o)
    0x080001f0   0x080001f0   0x00000024   Code   RO            4    .text               startup_stm32g474xx.o
    0x08000214   0x08000214   0x00000062   Code   RO         4938    .text               mc_w.l(uldiv.o)
    0x08000276   0x08000276   0x00000024   Code   RO         4940    .text               mc_w.l(memseta.o)
    0x0800029a   0x0800029a   0x00000026   Code   RO         5203    .text               mf_w.l(f2d.o)
    0x080002c0   0x080002c0   0x0000002c   Code   RO         5221    .text               mc_w.l(uidiv.o)
    0x080002ec   0x080002ec   0x0000001e   Code   RO         5223    .text               mc_w.l(llshl.o)
    0x0800030a   0x0800030a   0x00000020   Code   RO         5225    .text               mc_w.l(llushr.o)
    0x0800032a   0x0800032a   0x00000000   Code   RO         5227    .text               mc_w.l(iusefp.o)
    0x0800032a   0x0800032a   0x0000014e   Code   RO         5228    .text               mf_w.l(dadd.o)
    0x08000478   0x08000478   0x000000e4   Code   RO         5230    .text               mf_w.l(dmul.o)
    0x0800055c   0x0800055c   0x000000de   Code   RO         5232    .text               mf_w.l(ddiv.o)
    0x0800063a   0x0800063a   0x00000030   Code   RO         5234    .text               mf_w.l(dfixul.o)
    0x0800066a   0x0800066a   0x00000002   PAD
    0x0800066c   0x0800066c   0x00000030   Code   RO         5236    .text               mf_w.l(cdrcmple.o)
    0x0800069c   0x0800069c   0x00000024   Code   RO         5238    .text               mc_w.l(init.o)
    0x080006c0   0x080006c0   0x00000024   Code   RO         5240    .text               mc_w.l(llsshr.o)
    0x080006e4   0x080006e4   0x000000ba   Code   RO         5242    .text               mf_w.l(depilogue.o)
    0x0800079e   0x0800079e   0x00000056   Code   RO         5252    .text               mc_w.l(__dczerorl2.o)
    0x080007f4   0x080007f4   0x000002d8   Code   RO         4631    i.AD2S1210GPIOInitiate  ad2s1210.o
    0x08000acc   0x08000acc   0x00000068   Code   RO         4632    i.AD2S1210Initiate  ad2s1210.o
    0x08000b34   0x08000b34   0x00000080   Code   RO         4633    i.AD2S1210SelectMode  ad2s1210.o
    0x08000bb4   0x08000bb4   0x00000004   Code   RO          288    i.BusFault_Handler  stm32g4xx_it.o
    0x08000bb8   0x08000bb8   0x00000002   Code   RO          289    i.DebugMon_Handler  stm32g4xx_it.o
    0x08000bba   0x08000bba   0x00000076   Code   RO          971    i.HAL_DMA_Abort     stm32g4xx_hal_dma.o
    0x08000c30   0x08000c30   0x00000094   Code   RO          972    i.HAL_DMA_Abort_IT  stm32g4xx_hal_dma.o
    0x08000cc4   0x08000cc4   0x000001cc   Code   RO         1076    i.HAL_GPIO_Init     stm32g4xx_hal_gpio.o
    0x08000e90   0x08000e90   0x00000010   Code   RO         1078    i.HAL_GPIO_ReadPin  stm32g4xx_hal_gpio.o
    0x08000ea0   0x08000ea0   0x0000000a   Code   RO         1080    i.HAL_GPIO_WritePin  stm32g4xx_hal_gpio.o
    0x08000eaa   0x08000eaa   0x00000002   PAD
    0x08000eac   0x08000eac   0x0000000c   Code   RO          604    i.HAL_GetREVID      stm32g4xx_hal.o
    0x08000eb8   0x08000eb8   0x0000000c   Code   RO          605    i.HAL_GetTick       stm32g4xx_hal.o
    0x08000ec4   0x08000ec4   0x00000018   Code   RO          608    i.HAL_IncTick       stm32g4xx_hal.o
    0x08000edc   0x08000edc   0x0000001e   Code   RO          609    i.HAL_Init          stm32g4xx_hal.o
    0x08000efa   0x08000efa   0x00000002   PAD
    0x08000efc   0x08000efc   0x00000058   Code   RO          610    i.HAL_InitTick      stm32g4xx_hal.o
    0x08000f54   0x08000f54   0x00000002   Code   RO          612    i.HAL_MspInit       stm32g4xx_hal.o
    0x08000f56   0x08000f56   0x00000028   Code   RO          833    i.HAL_NVIC_EnableIRQ  stm32g4xx_hal_cortex.o
    0x08000f7e   0x08000f7e   0x0000007a   Code   RO          839    i.HAL_NVIC_SetPriority  stm32g4xx_hal_cortex.o
    0x08000ff8   0x08000ff8   0x00000028   Code   RO          840    i.HAL_NVIC_SetPriorityGrouping  stm32g4xx_hal_cortex.o
    0x08001020   0x08001020   0x00000118   Code   RO         1790    i.HAL_PWREx_ControlVoltageScaling  stm32g4xx_hal_pwr_ex.o
    0x08001138   0x08001138   0x00000224   Code   RO         1140    i.HAL_RCC_ClockConfig  stm32g4xx_hal_rcc.o
    0x0800135c   0x0800135c   0x0000000c   Code   RO         1146    i.HAL_RCC_GetHCLKFreq  stm32g4xx_hal_rcc.o
    0x08001368   0x08001368   0x00000024   Code   RO         1148    i.HAL_RCC_GetPCLK1Freq  stm32g4xx_hal_rcc.o
    0x0800138c   0x0800138c   0x00000024   Code   RO         1149    i.HAL_RCC_GetPCLK2Freq  stm32g4xx_hal_rcc.o
    0x080013b0   0x080013b0   0x00000098   Code   RO         1150    i.HAL_RCC_GetSysClockFreq  stm32g4xx_hal_rcc.o
    0x08001448   0x08001448   0x00000568   Code   RO         1153    i.HAL_RCC_OscConfig  stm32g4xx_hal_rcc.o
    0x080019b0   0x080019b0   0x00000222   Code   RO         2716    i.HAL_SPI_Transmit  stm32g4xx_hal_spi.o
    0x08001bd2   0x08001bd2   0x000003ec   Code   RO         2717    i.HAL_SPI_TransmitReceive  stm32g4xx_hal_spi.o
    0x08001fbe   0x08001fbe   0x00000028   Code   RO          842    i.HAL_SYSTICK_CLKSourceConfig  stm32g4xx_hal_cortex.o
    0x08001fe6   0x08001fe6   0x00000034   Code   RO          844    i.HAL_SYSTICK_Config  stm32g4xx_hal_cortex.o
    0x0800201a   0x0800201a   0x0000006e   Code   RO         3070    i.HAL_TIM_Base_Init  stm32g4xx_hal_tim.o
    0x08002088   0x08002088   0x00000002   Code   RO         3072    i.HAL_TIM_Base_MspInit  stm32g4xx_hal_tim.o
    0x0800208a   0x0800208a   0x00000002   PAD
    0x0800208c   0x0800208c   0x000000b4   Code   RO         3075    i.HAL_TIM_Base_Start_IT  stm32g4xx_hal_tim.o
    0x08002140   0x08002140   0x00000002   Code   RO         2038    i.HAL_UARTEx_RxEventCallback  stm32g4xx_hal_uart.o
    0x08002142   0x08002142   0x00000002   Code   RO         2587    i.HAL_UARTEx_RxFifoFullCallback  stm32g4xx_hal_uart_ex.o
    0x08002144   0x08002144   0x00000002   Code   RO         2591    i.HAL_UARTEx_TxFifoEmptyCallback  stm32g4xx_hal_uart_ex.o
    0x08002146   0x08002146   0x00000002   Code   RO         2592    i.HAL_UARTEx_WakeupCallback  stm32g4xx_hal_uart_ex.o
    0x08002148   0x08002148   0x00000002   Code   RO         2054    i.HAL_UART_ErrorCallback  stm32g4xx_hal_uart.o
    0x0800214a   0x0800214a   0x00000002   PAD
    0x0800214c   0x0800214c   0x00000390   Code   RO         2057    i.HAL_UART_IRQHandler  stm32g4xx_hal_uart.o
    0x080024dc   0x080024dc   0x00000078   Code   RO         2058    i.HAL_UART_Init     stm32g4xx_hal_uart.o
    0x08002554   0x08002554   0x000000b8   Code   RO          517    i.HAL_UART_MspInit  usart.o
    0x0800260c   0x0800260c   0x00000074   Code   RO         2063    i.HAL_UART_Receive_IT  stm32g4xx_hal_uart.o
    0x08002680   0x08002680   0x0000009c   Code   RO          518    i.HAL_UART_RxCpltCallback  usart.o
    0x0800271c   0x0800271c   0x00000002   Code   RO         2070    i.HAL_UART_TxCpltCallback  stm32g4xx_hal_uart.o
    0x0800271e   0x0800271e   0x00000004   Code   RO          290    i.HardFault_Handler  stm32g4xx_it.o
    0x08002722   0x08002722   0x00000004   Code   RO          291    i.MemManage_Handler  stm32g4xx_it.o
    0x08002726   0x08002726   0x00000002   Code   RO          292    i.NMI_Handler       stm32g4xx_it.o
    0x08002728   0x08002728   0x00000002   Code   RO          293    i.PendSV_Handler    stm32g4xx_it.o
    0x0800272a   0x0800272a   0x00000002   PAD
    0x0800272c   0x0800272c   0x00000068   Code   RO         1154    i.RCC_GetSysClockFreqFromPLLSource  stm32g4xx_hal_rcc.o
    0x08002794   0x08002794   0x0000020c   Code   RO         4635    i.ReadFromAD2S1210  ad2s1210.o
    0x080029a0   0x080029a0   0x00000080   Code   RO         4636    i.SPIRead           ad2s1210.o
    0x08002a20   0x08002a20   0x0000008c   Code   RO         4637    i.SPIWrite          ad2s1210.o
    0x08002aac   0x08002aac   0x00000064   Code   RO         2748    i.SPI_EndRxTxTransaction  stm32g4xx_hal_spi.o
    0x08002b10   0x08002b10   0x000000f8   Code   RO         2755    i.SPI_WaitFifoStateUntilTimeout  stm32g4xx_hal_spi.o
    0x08002c08   0x08002c08   0x000000d8   Code   RO         2756    i.SPI_WaitFlagStateUntilTimeout  stm32g4xx_hal_spi.o
    0x08002ce0   0x08002ce0   0x00000002   Code   RO          294    i.SVC_Handler       stm32g4xx_it.o
    0x08002ce2   0x08002ce2   0x00000008   Code   RO          295    i.SysTick_Handler   stm32g4xx_it.o
    0x08002cea   0x08002cea   0x00000002   PAD
    0x08002cec   0x08002cec   0x00000014   Code   RO          364    i.SystemInit        system_stm32g4xx.o
    0x08002d00   0x08002d00   0x00000044   Code   RO         4803    i.TIM4_IRQHandler   usmart_port.o
    0x08002d44   0x08002d44   0x000000e0   Code   RO         3163    i.TIM_Base_SetConfig  stm32g4xx_hal_tim.o
    0x08002e24   0x08002e24   0x000000f8   Code   RO         2072    i.UART_AdvFeatureConfig  stm32g4xx_hal_uart.o
    0x08002f1c   0x08002f1c   0x00000076   Code   RO         2073    i.UART_CheckIdleState  stm32g4xx_hal_uart.o
    0x08002f92   0x08002f92   0x00000018   Code   RO         2074    i.UART_DMAAbortOnError  stm32g4xx_hal_uart.o
    0x08002faa   0x08002faa   0x00000002   PAD
    0x08002fac   0x08002fac   0x0000006c   Code   RO         2084    i.UART_EndRxTransfer  stm32g4xx_hal_uart.o
    0x08003018   0x08003018   0x00000030   Code   RO         2085    i.UART_EndTransmit_IT  stm32g4xx_hal_uart.o
    0x08003048   0x08003048   0x000000d2   Code   RO         2087    i.UART_RxISR_16BIT  stm32g4xx_hal_uart.o
    0x0800311a   0x0800311a   0x00000002   PAD
    0x0800311c   0x0800311c   0x000001c8   Code   RO         2088    i.UART_RxISR_16BIT_FIFOEN  stm32g4xx_hal_uart.o
    0x080032e4   0x080032e4   0x000000ce   Code   RO         2089    i.UART_RxISR_8BIT   stm32g4xx_hal_uart.o
    0x080033b2   0x080033b2   0x00000002   PAD
    0x080033b4   0x080033b4   0x000001c8   Code   RO         2090    i.UART_RxISR_8BIT_FIFOEN  stm32g4xx_hal_uart.o
    0x0800357c   0x0800357c   0x000003c8   Code   RO         2091    i.UART_SetConfig    stm32g4xx_hal_uart.o
    0x08003944   0x08003944   0x00000170   Code   RO         2093    i.UART_Start_Receive_IT  stm32g4xx_hal_uart.o
    0x08003ab4   0x08003ab4   0x000000fe   Code   RO         2098    i.UART_WaitOnFlagUntilTimeout  stm32g4xx_hal_uart.o
    0x08003bb2   0x08003bb2   0x00000002   PAD
    0x08003bb4   0x08003bb4   0x00000010   Code   RO          519    i.USART1_IRQHandler  usart.o
    0x08003bc4   0x08003bc4   0x00000004   Code   RO          296    i.UsageFault_Handler  stm32g4xx_it.o
    0x08003bc8   0x08003bc8   0x00000020   Code   RO         5175    i.__0printf         mc_w.l(printfa.o)
    0x08003be8   0x08003be8   0x00000010   Code   RO          846    i.__NVIC_GetPriorityGrouping  stm32g4xx_hal_cortex.o
    0x08003bf8   0x08003bf8   0x00000028   Code   RO          847    i.__NVIC_SetPriority  stm32g4xx_hal_cortex.o
    0x08003c20   0x08003c20   0x0000000e   Code   RO         5246    i.__scatterload_copy  mc_w.l(handlers.o)
    0x08003c2e   0x08003c2e   0x00000002   Code   RO         5247    i.__scatterload_null  mc_w.l(handlers.o)
    0x08003c30   0x08003c30   0x0000000e   Code   RO         5248    i.__scatterload_zeroinit  mc_w.l(handlers.o)
    0x08003c3e   0x08003c3e   0x00000002   PAD
    0x08003c40   0x08003c40   0x00000184   Code   RO         5182    i._fp_digits        mc_w.l(printfa.o)
    0x08003dc4   0x08003dc4   0x000006b4   Code   RO         5183    i._printf_core      mc_w.l(printfa.o)
    0x08004478   0x08004478   0x00000024   Code   RO         5184    i._printf_post_padding  mc_w.l(printfa.o)
    0x0800449c   0x0800449c   0x0000002e   Code   RO         5185    i._printf_pre_padding  mc_w.l(printfa.o)
    0x080044ca   0x080044ca   0x00000002   PAD
    0x080044cc   0x080044cc   0x00000014   Code   RO          401    i.delay_init        delay.o
    0x080044e0   0x080044e0   0x00000012   Code   RO          402    i.delay_ms          delay.o
    0x080044f2   0x080044f2   0x00000002   PAD
    0x080044f4   0x080044f4   0x00000048   Code   RO          403    i.delay_us          delay.o
    0x0800453c   0x0800453c   0x0000001c   Code   RO          523    i.fputc             usart.o
    0x08004558   0x08004558   0x00000052   Code   RO         4251    i.lcd_address_set   lcd.o
    0x080045aa   0x080045aa   0x00000002   PAD
    0x080045ac   0x080045ac   0x00000074   Code   RO         4252    i.lcd_clear         lcd.o
    0x08004620   0x08004620   0x000000c6   Code   RO         4255    i.lcd_draw_circle   lcd.o
    0x080046e6   0x080046e6   0x00000002   PAD
    0x080046e8   0x080046e8   0x00000124   Code   RO         4257    i.lcd_draw_line     lcd.o
    0x0800480c   0x0800480c   0x0000001c   Code   RO         4258    i.lcd_draw_point    lcd.o
    0x08004828   0x08004828   0x0000004a   Code   RO         4259    i.lcd_draw_rectangle  lcd.o
    0x08004872   0x08004872   0x00000002   PAD
    0x08004874   0x08004874   0x0000009c   Code   RO         4260    i.lcd_fill          lcd.o
    0x08004910   0x08004910   0x00000016   Code   RO         4263    i.lcd_pow           lcd.o
    0x08004926   0x08004926   0x00000002   PAD
    0x08004928   0x08004928   0x00000208   Code   RO         4264    i.lcd_show_char     lcd.o
    0x08004b30   0x08004b30   0x00000098   Code   RO         4266    i.lcd_show_num      lcd.o
    0x08004bc8   0x08004bc8   0x0000006a   Code   RO         4267    i.lcd_show_string   lcd.o
    0x08004c32   0x08004c32   0x000000c6   Code   RO         4268    i.lcd_show_xnum     lcd.o
    0x08004cf8   0x08004cf8   0x0000006c   Code   RO         4269    i.lcd_spi_send      lcd.o
    0x08004d64   0x08004d64   0x00000020   Code   RO         4270    i.lcd_write_cmd     lcd.o
    0x08004d84   0x08004d84   0x00000020   Code   RO         4271    i.lcd_write_data    lcd.o
    0x08004da4   0x08004da4   0x00000030   Code   RO         4272    i.lcd_write_halfword  lcd.o
    0x08004dd4   0x08004dd4   0x00000244   Code   RO           13    i.main              main.o
    0x08005018   0x08005018   0x00000040   Code   RO         4519    i.norflash_erase_chip  norflash.o
    0x08005058   0x08005058   0x0000004c   Code   RO         4520    i.norflash_erase_sector  norflash.o
    0x080050a4   0x080050a4   0x00000058   Code   RO         4523    i.norflash_read_id  norflash.o
    0x080050fc   0x080050fc   0x00000064   Code   RO         4524    i.norflash_read_sr  norflash.o
    0x08005160   0x08005160   0x00000034   Code   RO         4525    i.norflash_send_address  norflash.o
    0x08005194   0x08005194   0x00000014   Code   RO         4526    i.norflash_wait_busy  norflash.o
    0x080051a8   0x080051a8   0x00000034   Code   RO         4528    i.norflash_write_enable  norflash.o
    0x080051dc   0x080051dc   0x00000006   Code   RO         4700    i.read_addr         usmart.o
    0x080051e2   0x080051e2   0x00000002   PAD
    0x080051e4   0x080051e4   0x00000020   Code   RO         4412    i.spi1_read_write_byte  spi.o
    0x08005204   0x08005204   0x0000001c   Code   RO         4414    i.spi1_write_data   spi.o
    0x08005220   0x08005220   0x00000050   Code   RO         4532    i.sw_lcd_mode       norflash.o
    0x08005270   0x08005270   0x00000054   Code   RO         4533    i.sw_spiflash_mode  norflash.o
    0x080052c4   0x080052c4   0x000000bc   Code   RO          450    i.sys_stm32_clock_init  sys.o
    0x08005380   0x08005380   0x00000038   Code   RO          524    i.usart_init        usart.o
    0x080053b8   0x080053b8   0x000000b0   Code   RO         4701    i.usmart_cmd_rec    usmart.o
    0x08005468   0x08005468   0x000002d4   Code   RO         4702    i.usmart_exe        usmart.o
    0x0800573c   0x0800573c   0x000000d4   Code   RO         4854    i.usmart_get_aparm  usmart_str.o
    0x08005810   0x08005810   0x00000036   Code   RO         4855    i.usmart_get_cmdname  usmart_str.o
    0x08005846   0x08005846   0x00000002   PAD
    0x08005848   0x08005848   0x000001c0   Code   RO         4856    i.usmart_get_fname  usmart_str.o
    0x08005a08   0x08005a08   0x0000010c   Code   RO         4857    i.usmart_get_fparam  usmart_str.o
    0x08005b14   0x08005b14   0x00000028   Code   RO         4804    i.usmart_get_input_string  usmart_port.o
    0x08005b3c   0x08005b3c   0x00000020   Code   RO         4858    i.usmart_get_parmpos  usmart_str.o
    0x08005b5c   0x08005b5c   0x00000028   Code   RO         4703    i.usmart_init       usmart.o
    0x08005b84   0x08005b84   0x00000016   Code   RO         4859    i.usmart_pow        usmart_str.o
    0x08005b9a   0x08005b9a   0x00000002   PAD
    0x08005b9c   0x08005b9c   0x000000a8   Code   RO         4704    i.usmart_scan       usmart.o
    0x08005c44   0x08005c44   0x00000016   Code   RO         4860    i.usmart_search_nextc  usmart_str.o
    0x08005c5a   0x08005c5a   0x00000106   Code   RO         4861    i.usmart_str2num    usmart_str.o
    0x08005d60   0x08005d60   0x00000022   Code   RO         4862    i.usmart_strcmp     usmart_str.o
    0x08005d82   0x08005d82   0x00000016   Code   RO         4863    i.usmart_strcopy    usmart_str.o
    0x08005d98   0x08005d98   0x00000018   Code   RO         4864    i.usmart_strlen     usmart_str.o
    0x08005db0   0x08005db0   0x000006f4   Code   RO         4705    i.usmart_sys_cmd_exe  usmart.o
    0x080064a4   0x080064a4   0x00000044   Code   RO         4805    i.usmart_timx_get_time  usmart_port.o
    0x080064e8   0x080064e8   0x00000060   Code   RO         4806    i.usmart_timx_init  usmart_port.o
    0x08006548   0x08006548   0x00000034   Code   RO         4807    i.usmart_timx_reset_time  usmart_port.o
    0x0800657c   0x0800657c   0x00000004   Code   RO         4706    i.write_addr        usmart.o
    0x08006580   0x08006580   0x00000018   Data   RO          365    .constdata          system_stm32g4xx.o
    0x08006598   0x08006598   0x00000018   Data   RO         2099    .constdata          stm32g4xx_hal_uart.o
    0x080065b0   0x080065b0   0x00004bb4   Data   RO         4274    .constdata          lcd.o
    0x0800b164   0x0800b164   0x00000028   Data   RO         4707    .conststring        usmart.o
    0x0800b18c   0x0800b18c   0x000003f4   Data   RO         4774    .conststring        usmart_config.o
    0x0800b580   0x0800b580   0x00000020   Data   RO         5244    Region$$Table       anon$$obj.o


    Execution Region RW_IRAM1 (Exec base: 0x20000000, Load base: 0x0800b5a0, Size: 0x00003520, Max: 0x00020000, ABSOLUTE, COMPRESSED[0x000000a8])

    Exec Addr    Load Addr    Size         Type   Attr      Idx    E Section Name        Object

    0x20000000   COMPRESSED   0x00000004   Data   RW          366    .data               system_stm32g4xx.o
    0x20000004   COMPRESSED   0x00000004   Data   RW          404    .data               delay.o
    0x20000008   COMPRESSED   0x00000007   Data   RW          526    .data               usart.o
    0x2000000f   COMPRESSED   0x00000001   PAD
    0x20000010   COMPRESSED   0x0000000c   Data   RW          629    .data               stm32g4xx_hal.o
    0x2000001c   COMPRESSED   0x00000004   Data   RW         4275    .data               lcd.o
    0x20000020   COMPRESSED   0x00000002   Data   RW         4535    .data               norflash.o
    0x20000022   COMPRESSED   0x00000002   PAD
    0x20000024   COMPRESSED   0x0000001c   Data   RW         4708    .data               usmart.o
    0x20000040   COMPRESSED   0x00000174   Data   RW         4775    .data               usmart_config.o
    0x200001b4        -       0x00000158   Zero   RW          525    .bss                usart.o
    0x2000030c        -       0x00002d00   Zero   RW         4273    .bss                lcd.o
    0x2000300c        -       0x000000c8   Zero   RW         4419    .bss                spi.o
    0x200030d4        -       0x0000004c   Zero   RW         4808    .bss                usmart_port.o
    0x20003120        -       0x00000400   Zero   RW            1    STACK               startup_stm32g474xx.o


==============================================================================

Image component sizes


      Code (inc. data)   RO Data    RW Data    ZI Data      Debug   Object Name

      1752         60          0          0          0       5535   ad2s1210.o
       110          8          0          4          0       2055   delay.o
      2164         68      19380          4      11520      14384   lcd.o
       580         78          0          0          0     829204   main.o
       616         44          0          2          0       6214   norflash.o
        60         10          0          0        200       1825   spi.o
        36          8        472          0       1024        980   startup_stm32g474xx.o
       168         32          0         12          0       4922   stm32g4xx_hal.o
       350         22          0          0          0      35189   stm32g4xx_hal_cortex.o
       266          0          0          0          0       1855   stm32g4xx_hal_dma.o
       486         32          0          0          0       2839   stm32g4xx_hal_gpio.o
       280         12          0          0          0        870   stm32g4xx_hal_pwr_ex.o
      2272        108          0          0          0       7468   stm32g4xx_hal_rcc.o
      2114         12          0          0          0       7001   stm32g4xx_hal_spi.o
       516         70          0          0          0       3436   stm32g4xx_hal_tim.o
      4618        124         24          0          0      36918   stm32g4xx_hal_uart.o
         6          0          0          0          0       2309   stm32g4xx_hal_uart_ex.o
        32          0          0          0          0       4374   stm32g4xx_it.o
       188         10          0          0          0       1379   sys.o
        20          6         24          4          0       1411   system_stm32g4xx.o
       440         58          0          7        344       5257   usart.o
      2898       1308         40         28          0       6158   usmart.o
         0          0       1012        372          0       1620   usmart_config.o
       324         50          0          0         76       3614   usmart_port.o
      1400         20          0          0          0       9637   usmart_str.o

    ----------------------------------------------------------------------
     21732       2140      20984        436      13164     996454   Object Totals
         0          0         32          0          0          0   (incl. Generated)
        36          0          0          3          0          0   (incl. Padding)

    ----------------------------------------------------------------------

      Code (inc. data)   RO Data    RW Data    ZI Data      Debug   Library Member Name

        86          0          0          0          0          0   __dczerorl2.o
         0          0          0          0          0          0   entry.o
         0          0          0          0          0          0   entry10a.o
         0          0          0          0          0          0   entry11a.o
         4          0          0          0          0          0   entry12b.o
         8          4          0          0          0          0   entry2.o
         4          0          0          0          0          0   entry5.o
         0          0          0          0          0          0   entry7b.o
         0          0          0          0          0          0   entry8b.o
         8          4          0          0          0          0   entry9a.o
        30          0          0          0          0          0   handlers.o
        36          8          0          0          0         68   init.o
         0          0          0          0          0          0   iusefp.o
        30          0          0          0          0         68   llshl.o
        36          0          0          0          0         68   llsshr.o
        32          0          0          0          0         68   llushr.o
        36          0          0          0          0        108   memseta.o
      2218         90          0          0          0        464   printfa.o
        44          0          0          0          0         80   uidiv.o
        98          0          0          0          0         92   uldiv.o
        48          0          0          0          0         68   cdrcmple.o
       334          0          0          0          0        148   dadd.o
       222          0          0          0          0        100   ddiv.o
       186          0          0          0          0        176   depilogue.o
        48          0          0          0          0         68   dfixul.o
       228          0          0          0          0         96   dmul.o
        38          0          0          0          0         68   f2d.o

    ----------------------------------------------------------------------
      3780        106          0          0          0       1740   Library Totals
         6          0          0          0          0          0   (incl. Padding)

    ----------------------------------------------------------------------

      Code (inc. data)   RO Data    RW Data    ZI Data      Debug   Library Name

      2670        106          0          0          0       1016   mc_w.l
      1104          0          0          0          0        724   mf_w.l

    ----------------------------------------------------------------------
      3780        106          0          0          0       1740   Library Totals

    ----------------------------------------------------------------------

==============================================================================


      Code (inc. data)   RO Data    RW Data    ZI Data      Debug   

     25512       2246      20984        436      13164     985046   Grand Totals
     25512       2246      20984        168      13164     985046   ELF Image Totals (compressed)
     25512       2246      20984        168          0          0   ROM Totals

==============================================================================

    Total RO  Size (Code + RO Data)                46496 (  45.41kB)
    Total RW  Size (RW Data + ZI Data)             13600 (  13.28kB)
    Total ROM Size (Code + RO Data + RW Data)      46664 (  45.57kB)

==============================================================================

