Component: ARM Compiler 5.06 update 7 (build 960) Tool: armlink [4d3601]

==============================================================================

Section Cross References

    startup_stm32g474xx.o(RESET) refers to startup_stm32g474xx.o(STACK) for __initial_sp
    startup_stm32g474xx.o(RESET) refers to startup_stm32g474xx.o(.text) for Reset_Handler
    startup_stm32g474xx.o(RESET) refers to stm32g4xx_it.o(i.NMI_Handler) for NMI_Handler
    startup_stm32g474xx.o(RESET) refers to stm32g4xx_it.o(i.HardFault_Handler) for HardFault_Handler
    startup_stm32g474xx.o(RESET) refers to stm32g4xx_it.o(i.MemManage_Handler) for MemManage_Handler
    startup_stm32g474xx.o(RESET) refers to stm32g4xx_it.o(i.BusFault_Handler) for BusFault_Handler
    startup_stm32g474xx.o(RESET) refers to stm32g4xx_it.o(i.UsageFault_Handler) for UsageFault_Handler
    startup_stm32g474xx.o(RESET) refers to stm32g4xx_it.o(i.SVC_Handler) for SVC_Handler
    startup_stm32g474xx.o(RESET) refers to stm32g4xx_it.o(i.DebugMon_Handler) for DebugMon_Handler
    startup_stm32g474xx.o(RESET) refers to stm32g4xx_it.o(i.PendSV_Handler) for PendSV_Handler
    startup_stm32g474xx.o(RESET) refers to stm32g4xx_it.o(i.SysTick_Handler) for SysTick_Handler
    startup_stm32g474xx.o(RESET) refers to usmart_port.o(i.TIM4_IRQHandler) for TIM4_IRQHandler
    startup_stm32g474xx.o(RESET) refers to usart.o(i.USART1_IRQHandler) for USART1_IRQHandler
    startup_stm32g474xx.o(.text) refers to system_stm32g4xx.o(i.SystemInit) for SystemInit
    startup_stm32g474xx.o(.text) refers to entry.o(.ARM.Collect$$$$00000000) for __main
    main.o(i.main) refers to stm32g4xx_hal.o(i.HAL_Init) for HAL_Init
    main.o(i.main) refers to sys.o(i.sys_stm32_clock_init) for sys_stm32_clock_init
    main.o(i.main) refers to delay.o(i.delay_init) for delay_init
    main.o(i.main) refers to usart.o(i.usart_init) for usart_init
    main.o(i.main) refers to drv8301.o(i.DRV8301GPIOInitiate) for DRV8301GPIOInitiate
    main.o(i.main) refers to delay.o(i.delay_ms) for delay_ms
    main.o(i.main) refers to memcpya.o(.text) for __aeabi_memcpy4
    main.o(i.main) refers to drv8301.o(i.spi3init) for spi3init
    main.o(i.main) refers to drv8301.o(i.DRV8301Init) for DRV8301Init
    main.o(i.main) refers to drv8301.o(i.DRV8301IDread) for DRV8301IDread
    main.o(i.main) refers to printf8.o(i.__0printf$8) for __2printf
    main.o(i.main) refers to main.o(.constdata) for .constdata
    stm32g4xx_it.o(i.SysTick_Handler) refers to stm32g4xx_hal.o(i.HAL_IncTick) for HAL_IncTick
    system_stm32g4xx.o(i.SystemCoreClockUpdate) refers to system_stm32g4xx.o(.data) for SystemCoreClock
    system_stm32g4xx.o(i.SystemCoreClockUpdate) refers to system_stm32g4xx.o(.constdata) for AHBPrescTable
    delay.o(i.HAL_Delay) refers to delay.o(i.delay_ms) for delay_ms
    delay.o(i.delay_init) refers to stm32g4xx_hal_cortex.o(i.HAL_SYSTICK_CLKSourceConfig) for HAL_SYSTICK_CLKSourceConfig
    delay.o(i.delay_init) refers to delay.o(.data) for g_fac_us
    delay.o(i.delay_ms) refers to delay.o(i.delay_us) for delay_us
    delay.o(i.delay_us) refers to delay.o(.data) for g_fac_us
    sys.o(i.sys_stm32_clock_init) refers to memseta.o(.text) for __aeabi_memclr4
    sys.o(i.sys_stm32_clock_init) refers to stm32g4xx_hal_pwr_ex.o(i.HAL_PWREx_ControlVoltageScaling) for HAL_PWREx_ControlVoltageScaling
    sys.o(i.sys_stm32_clock_init) refers to stm32g4xx_hal_rcc.o(i.HAL_RCC_OscConfig) for HAL_RCC_OscConfig
    sys.o(i.sys_stm32_clock_init) refers to stm32g4xx_hal_rcc.o(i.HAL_RCC_ClockConfig) for HAL_RCC_ClockConfig
    sys.o(i.sys_stm32_clock_init) refers to stm32g4xx_hal.o(i.HAL_GetREVID) for HAL_GetREVID
    usart.o(i.HAL_UART_MspInit) refers to stm32g4xx_hal_gpio.o(i.HAL_GPIO_Init) for HAL_GPIO_Init
    usart.o(i.HAL_UART_MspInit) refers to stm32g4xx_hal_cortex.o(i.HAL_NVIC_EnableIRQ) for HAL_NVIC_EnableIRQ
    usart.o(i.HAL_UART_MspInit) refers to stm32g4xx_hal_cortex.o(i.HAL_NVIC_SetPriority) for HAL_NVIC_SetPriority
    usart.o(i.HAL_UART_RxCpltCallback) refers to stm32g4xx_hal_uart.o(i.HAL_UART_Receive_IT) for HAL_UART_Receive_IT
    usart.o(i.HAL_UART_RxCpltCallback) refers to usart.o(.data) for g_usart_rx_sta
    usart.o(i.HAL_UART_RxCpltCallback) refers to usart.o(.bss) for g_usart_rx_buf
    usart.o(i.USART1_IRQHandler) refers to stm32g4xx_hal_uart.o(i.HAL_UART_IRQHandler) for HAL_UART_IRQHandler
    usart.o(i.USART1_IRQHandler) refers to usart.o(.bss) for g_uart1_handle
    usart.o(i.usart_init) refers to stm32g4xx_hal_uart.o(i.HAL_UART_Init) for HAL_UART_Init
    usart.o(i.usart_init) refers to stm32g4xx_hal_uart.o(i.HAL_UART_Receive_IT) for HAL_UART_Receive_IT
    usart.o(i.usart_init) refers to usart.o(.bss) for g_uart1_handle
    usart.o(i.usart_init) refers to usart.o(.data) for g_rx_buffer
    stm32g4xx_hal.o(i.HAL_DeInit) refers to stm32g4xx_hal.o(i.HAL_MspDeInit) for HAL_MspDeInit
    stm32g4xx_hal.o(i.HAL_Delay) refers to stm32g4xx_hal.o(i.HAL_GetTick) for HAL_GetTick
[...]
    ../clib/microlib/init/entry.s            0x00000000   Number         0  entry.o ABSOLUTE
    ../clib/microlib/longlong.c              0x00000000   Number         0  llsshr.o ABSOLUTE
    ../clib/microlib/longlong.c              0x00000000   Number         0  llushr.o ABSOLUTE
    ../clib/microlib/longlong.c              0x00000000   Number         0  llshl.o ABSOLUTE
    ../clib/microlib/printf/printf.c         0x00000000   Number         0  printf0.o ABSOLUTE
    ../clib/microlib/printf/printf.c         0x00000000   Number         0  printf1.o ABSOLUTE
    ../clib/microlib/printf/printf.c         0x00000000   Number         0  printf2.o ABSOLUTE
    ../clib/microlib/printf/printf.c         0x00000000   Number         0  printf3.o ABSOLUTE
    ../clib/microlib/printf/printf.c         0x00000000   Number         0  printf4.o ABSOLUTE
    ../clib/microlib/printf/printf.c         0x00000000   Number         0  printf5.o ABSOLUTE
    ../clib/microlib/printf/printf.c         0x00000000   Number         0  printf6.o ABSOLUTE
    ../clib/microlib/printf/printf.c         0x00000000   Number         0  printf7.o ABSOLUTE
    ../clib/microlib/printf/printf.c         0x00000000   Number         0  printf8.o ABSOLUTE
    ../clib/microlib/printf/printf.c         0x00000000   Number         0  printfb.o ABSOLUTE
    ../clib/microlib/printf/printf.c         0x00000000   Number         0  printfa.o ABSOLUTE
    ../clib/microlib/printf/stubs.s          0x00000000   Number         0  stubs.o ABSOLUTE
    ../clib/microlib/string/memcpy.c         0x00000000   Number         0  memcpya.o ABSOLUTE
    ../clib/microlib/string/memcpy.c         0x00000000   Number         0  memcpyb.o ABSOLUTE
    ../clib/microlib/string/memset.c         0x00000000   Number         0  memseta.o ABSOLUTE
    ../clib/microlib/stubs.s                 0x00000000   Number         0  useno.o ABSOLUTE
    ../clib/microlib/stubs.s                 0x00000000   Number         0  iusefp.o ABSOLUTE
    ../fplib/microlib/fpadd.c                0x00000000   Number         0  dadd.o ABSOLUTE
    ../fplib/microlib/fpdiv.c                0x00000000   Number         0  ddiv.o ABSOLUTE
    ../fplib/microlib/fpepilogue.c           0x00000000   Number         0  depilogue.o ABSOLUTE
    ../fplib/microlib/fpfix.c                0x00000000   Number         0  dfixul.o ABSOLUTE
    ../fplib/microlib/fpmul.c                0x00000000   Number         0  dmul.o ABSOLUTE
    ..\..\Drivers\BSP\AD2S1210\AD2S1210.c    0x00000000   Number         0  ad2s1210.o ABSOLUTE
    ..\..\Drivers\BSP\DRV8301_HAL\DRV8301.c  0x00000000   Number         0  drv8301.o ABSOLUTE
    ..\..\Drivers\BSP\KEY\key.c              0x00000000   Number         0  key.o ABSOLUTE
    ..\..\Drivers\BSP\LCD\lcd.c              0x00000000   Number         0  lcd.o ABSOLUTE
    ..\..\Drivers\BSP\LED\led.c              0x00000000   Number         0  led.o ABSOLUTE
    ..\..\Drivers\BSP\NORFLASH\norflash.c    0x00000000   Number         0  norflash.o ABSOLUTE
    ..\..\Drivers\BSP\SPI\spi.c              0x00000000   Number         0  spi.o ABSOLUTE
    ..\..\Drivers\CMSIS\Device\ST\STM32G4xx\Source\Templates\arm\startup_stm32g474xx.s 0x00000000   Number         0  startup_stm32g474xx.o ABSOLUTE
    ..\..\Drivers\CMSIS\Device\ST\STM32G4xx\Source\Templates\system_stm32g4xx.c 0x00000000   Number         0  system_stm32g4xx.o ABSOLUTE
    ..\..\Drivers\STM32G4xx_HAL_Driver\Src\stm32g4xx_hal.c 0x00000000   Number         0  stm32g4xx_hal.o ABSOLUTE
    ..\..\Drivers\STM32G4xx_HAL_Driver\Src\stm32g4xx_hal_cortex.c 0x00000000   Number         0  stm32g4xx_hal_cortex.o ABSOLUTE
    ..\..\Drivers\STM32G4xx_HAL_Driver\Src\stm32g4xx_hal_dma.c 0x00000000   Number         0  stm32g4xx_hal_dma.o ABSOLUTE
    ..\..\Drivers\STM32G4xx_HAL_Driver\Src\stm32g4xx_hal_dma_ex.c 0x00000000   Number         0  stm32g4xx_hal_dma_ex.o ABSOLUTE
    ..\..\Drivers\STM32G4xx_HAL_Driver\Src\stm32g4xx_hal_gpio.c 0x00000000   Number         0  stm32g4xx_hal_gpio.o ABSOLUTE
    ..\..\Drivers\STM32G4xx_HAL_Driver\Src\stm32g4xx_hal_pwr.c 0x00000000   Number         0  stm32g4xx_hal_pwr.o ABSOLUTE
    ..\..\Drivers\STM32G4xx_HAL_Driver\Src\stm32g4xx_hal_pwr_ex.c 0x00000000   Number         0  stm32g4xx_hal_pwr_ex.o ABSOLUTE
    ..\..\Drivers\STM32G4xx_HAL_Driver\Src\stm32g4xx_hal_rcc.c 0x00000000   Number         0  stm32g4xx_hal_rcc.o ABSOLUTE
    ..\..\Drivers\STM32G4xx_HAL_Driver\Src\stm32g4xx_hal_rcc_ex.c 0x00000000   Number         0  stm32g4xx_hal_rcc_ex.o ABSOLUTE
    ..\..\Drivers\STM32G4xx_HAL_Driver\Src\stm32g4xx_hal_spi.c 0x00000000   Number         0  stm32g4xx_hal_spi.o ABSOLUTE
    ..\..\Drivers\STM32G4xx_HAL_Driver\Src\stm32g4xx_hal_spi_ex.c 0x00000000   Number         0  stm32g4xx_hal_spi_ex.o ABSOLUTE
    ..\..\Drivers\STM32G4xx_HAL_Driver\Src\stm32g4xx_hal_tim.c 0x00000000   Number         0  stm32g4xx_hal_tim.o ABSOLUTE
    ..\..\Drivers\STM32G4xx_HAL_Driver\Src\stm32g4xx_hal_tim_ex.c 0x00000000   Number         0  stm32g4xx_hal_tim_ex.o ABSOLUTE
    ..\..\Drivers\STM32G4xx_HAL_Driver\Src\stm32g4xx_hal_uart.c 0x00000000   Number         0  stm32g4xx_hal_uart.o ABSOLUTE
    ..\..\Drivers\STM32G4xx_HAL_Driver\Src\stm32g4xx_hal_uart_ex.c 0x00000000   Number         0  stm32g4xx_hal_uart_ex.o ABSOLUTE
    ..\..\Drivers\STM32G4xx_HAL_Driver\Src\stm32g4xx_hal_usart.c 0x00000000   Number         0  stm32g4xx_hal_usart.o ABSOLUTE
    ..\..\Drivers\STM32G4xx_HAL_Driver\Src\stm32g4xx_hal_usart_ex.c 0x00000000   Number         0  stm32g4xx_hal_usart_ex.o ABSOLUTE
    ..\..\Drivers\SYSTEM\delay\delay.c       0x00000000   Number         0  delay.o ABSOLUTE
    ..\..\Drivers\SYSTEM\sys\sys.c           0x00000000   Number         0  sys.o ABSOLUTE
    ..\..\Drivers\SYSTEM\usart\usart.c       0x00000000   Number         0  usart.o ABSOLUTE
    ..\..\Middlewares\USMART\usmart.c        0x00000000   Number         0  usmart.o ABSOLUTE
    ..\..\Middlewares\USMART\usmart_config.c 0x00000000   Number         0  usmart_config.o ABSOLUTE
    ..\..\Middlewares\USMART\usmart_port.c   0x00000000   Number         0  usmart_port.o ABSOLUTE
    ..\..\Middlewares\USMART\usmart_str.c    0x00000000   Number         0  usmart_str.o ABSOLUTE
    ..\..\User\main.c                        0x00000000   Number         0  main.o ABSOLUTE
    ..\..\User\stm32g4xx_it.c                0x00000000   Number         0  stm32g4xx_it.o ABSOLUTE
    ..\\..\\Drivers\\BSP\\AD2S1210\\AD2S1210.c 0x00000000   Number         0  ad2s1210.o ABSOLUTE
    ..\\..\\Drivers\\BSP\\DRV8301_HAL\\DRV8301.c 0x00000000   Number         0  drv8301.o ABSOLUTE
    ..\\..\\Drivers\\BSP\\KEY\\key.c         0x00000000   Number         0  key.o ABSOLUTE
    ..\\..\\Drivers\\BSP\\LCD\\lcd.c         0x00000000   Number         0  lcd.o ABSOLUTE
    ..\\..\\Drivers\\BSP\\LED\\led.c         0x00000000   Number         0  led.o ABSOLUTE
    ..\\..\\Drivers\\BSP\\NORFLASH\\norflash.c 0x00000000   Number         0  norflash.o ABSOLUTE
    ..\\..\\Drivers\\BSP\\SPI\\spi.c         0x00000000   Number         0  spi.o ABSOLUTE
    ..\\..\\Drivers\\CMSIS\\Device\\ST\\STM32G4xx\\Source\\Templates\\system_stm32g4xx.c 0x00000000   Number         0  system_stm32g4xx.o ABSOLUTE
    ..\\..\\Drivers\\STM32G4xx_HAL_Driver\\Src\\stm32g4xx_hal.c 0x00000000   Number         0  stm32g4xx_hal.o ABSOLUTE
    ..\\..\\Drivers\\STM32G4xx_HAL_Driver\\Src\\stm32g4xx_hal_cortex.c 0x00000000   Number         0  stm32g4xx_hal_cortex.o ABSOLUTE
    ..\\..\\Drivers\\STM32G4xx_HAL_Driver\\Src\\stm32g4xx_hal_dma.c 0x00000000   Number         0  stm32g4xx_hal_dma.o ABSOLUTE
    ..\\..\\Drivers\\STM32G4xx_HAL_Driver\\Src\\stm32g4xx_hal_dma_ex.c 0x00000000   Number         0  stm32g4xx_hal_dma_ex.o ABSOLUTE
    ..\\..\\Drivers\\STM32G4xx_HAL_Driver\\Src\\stm32g4xx_hal_gpio.c 0x00000000   Number         0  stm32g4xx_hal_gpio.o ABSOLUTE
    ..\\..\\Drivers\\STM32G4xx_HAL_Driver\\Src\\stm32g4xx_hal_pwr.c 0x00000000   Number         0  stm32g4xx_hal_pwr.o ABSOLUTE
    ..\\..\\Drivers\\STM32G4xx_HAL_Driver\\Src\\stm32g4xx_hal_pwr_ex.c 0x00000000   Number         0  stm32g4xx_hal_pwr_ex.o ABSOLUTE
    ..\\..\\Drivers\\STM32G4xx_HAL_Driver\\Src\\stm32g4xx_hal_rcc.c 0x00000000   Number         0  stm32g4xx_hal_rcc.o ABSOLUTE
    ..\\..\\Drivers\\STM32G4xx_HAL_Driver\\Src\\stm32g4xx_hal_rcc_ex.c 0x00000000   Number         0  stm32g4xx_hal_rcc_ex.o ABSOLUTE
    ..\\..\\Drivers\\STM32G4xx_HAL_Driver\\Src\\stm32g4xx_hal_spi.c 0x00000000   Number         0  stm32g4xx_hal_spi.o ABSOLUTE
    ..\\..\\Drivers\\STM32G4xx_HAL_Driver\\Src\\stm32g4xx_hal_spi_ex.c 0x00000000   Number         0  stm32g4xx_hal_spi_ex.o ABSOLUTE
    ..\\..\\Drivers\\STM32G4xx_HAL_Driver\\Src\\stm32g4xx_hal_tim.c 0x00000000   Number         0  stm32g4xx_hal_tim.o ABSOLUTE
    ..\\..\\Drivers\\STM32G4xx_HAL_Driver\\Src\\stm32g4xx_hal_tim_ex.c 0x00000000   Number         0  stm32g4xx_hal_tim_ex.o ABSOLUTE
    ..\\..\\Drivers\\STM32G4xx_HAL_Driver\\Src\\stm32g4xx_hal_uart.c 0x00000000   Number         0  stm32g4xx_hal_uart.o ABSOLUTE
    ..\\..\\Drivers\\STM32G4xx_HAL_Driver\\Src\\stm32g4xx_hal_uart_ex.c 0x00000000   Number         0  stm32g4xx_hal_uart_ex.o ABSOLUTE
    ..\\..\\Drivers\\STM32G4xx_HAL_Driver\\Src\\stm32g4xx_hal_usart.c 0x00000000   Number         0  stm32g4xx_hal_usart.o ABSOLUTE
    ..\\..\\Drivers\\STM32G4xx_HAL_Driver\\Src\\stm32g4xx_hal_usart_ex.c 0x00000000   Number         0  stm32g4xx_hal_usart_ex.o ABSOLUTE
    ..\\..\\Drivers\\SYSTEM\\delay\\delay.c  0x00000000   Number         0  delay.o ABSOLUTE
    ..\\..\\Drivers\\SYSTEM\\sys\\sys.c      0x00000000   Number         0  sys.o ABSOLUTE
    ..\\..\\Drivers\\SYSTEM\\usart\\usart.c  0x00000000   Number         0  usart.o ABSOLUTE
    ..\\..\\Middlewares\\USMART\\usmart.c    0x00000000   Number         0  usmart.o ABSOLUTE
    ..\\..\\Middlewares\\USMART\\usmart_config.c 0x00000000   Number         0  usmart_config.o ABSOLUTE
    ..\\..\\Middlewares\\USMART\\usmart_port.c 0x00000000   Number         0  usmart_port.o ABSOLUTE
    ..\\..\\Middlewares\\USMART\\usmart_str.c 0x00000000   Number         0  usmart_str.o ABSOLUTE
    ..\\..\\User\\main.c                     0x00000000   Number         0  main.o ABSOLUTE
    ..\\..\\User\\stm32g4xx_it.c             0x00000000   Number         0  stm32g4xx_it.o ABSOLUTE
    cdrcmple.s                               0x00000000   Number         0  cdrcmple.o ABSOLUTE
    dc.s                                     0x00000000   Number         0  dc.o ABSOLUTE
    handlers.s                               0x00000000   Number         0  handlers.o ABSOLUTE
    init.s                                   0x00000000   Number         0  init.o ABSOLUTE
    RESET                                    0x08000000   Section      472  startup_stm32g474xx.o(RESET)
    .ARM.Collect$$$$00000000                 0x080001d8   Section        0  entry.o(.ARM.Collect$$$$00000000)
    .ARM.Collect$$$$00000001                 0x080001d8   Section        4  entry2.o(.ARM.Collect$$$$00000001)
    .ARM.Collect$$$$00000004                 0x080001dc   Section        4  entry5.o(.ARM.Collect$$$$00000004)
    .ARM.Collect$$$$00000008                 0x080001e0   Section        0  entry7b.o(.ARM.Collect$$$$00000008)
    .ARM.Collect$$$$0000000A                 0x080001e0   Section        0  entry8b.o(.ARM.Collect$$$$0000000A)
    .ARM.Collect$$$$0000000B                 0x080001e0   Section        8  entry9a.o(.ARM.Collect$$$$0000000B)
    .ARM.Collect$$$$0000000E                 0x080001e8   Section        4  entry12b.o(.ARM.Collect$$$$0000000E)
    .ARM.Collect$$$$0000000F                 0x080001ec   Section        0  entry10a.o(.ARM.Collect$$$$0000000F)
    .ARM.Collect$$$$00000011                 0x080001ec   Section        0  entry11a.o(.ARM.Collect$$$$00000011)
    .ARM.Collect$$$$00002712                 0x080001ec   Section        4  entry2.o(.ARM.Collect$$$$00002712)
    __lit__00000000                          0x080001ec   Data           4  entry2.o(.ARM.Collect$$$$00002712)
    .text                                    0x080001f0   Section       36  startup_stm32g474xx.o(.text)
    $v0                                      0x080001f0   Number         0  startup_stm32g474xx.o(.text)
    .text                                    0x08000214   Section        0  uldiv.o(.text)
    .text                                    0x08000276   Section        0  memcpya.o(.text)
    .text                                    0x0800029a   Section        0  memseta.o(.text)
    .text                                    0x080002be   Section        0  llshl.o(.text)
    .text                                    0x080002dc   Section        0  llushr.o(.text)
    .text                                    0x080002fc   Section       36  init.o(.text)
    .text                                    0x08000320   Section        0  __dczerorl2.o(.text)
    i.BusFault_Handler                       0x08000376   Section        0  stm32g4xx_it.o(i.BusFault_Handler)
    i.DRV8301GPIOInitiate                    0x0800037c   Section        0  drv8301.o(i.DRV8301GPIOInitiate)
    i.DRV8301IDread                          0x08000664   Section        0  drv8301.o(i.DRV8301IDread)
    i.DRV8301Init                            0x08000698   Section        0  drv8301.o(i.DRV8301Init)
    i.DebugMon_Handler                       0x08000790   Section        0  stm32g4xx_it.o(i.DebugMon_Handler)
    i.HAL_DMA_Abort                          0x08000792   Section        0  stm32g4xx_hal_dma.o(i.HAL_DMA_Abort)
    i.HAL_DMA_Abort_IT                       0x08000808   Section        0  stm32g4xx_hal_dma.o(i.HAL_DMA_Abort_IT)
    i.HAL_GPIO_Init                          0x0800089c   Section        0  stm32g4xx_hal_gpio.o(i.HAL_GPIO_Init)
    i.HAL_GPIO_ReadPin                       0x08000a68   Section        0  stm32g4xx_hal_gpio.o(i.HAL_GPIO_ReadPin)
    i.HAL_GPIO_WritePin                      0x08000a78   Section        0  stm32g4xx_hal_gpio.o(i.HAL_GPIO_WritePin)
    i.HAL_GetREVID                           0x08000a84   Section        0  stm32g4xx_hal.o(i.HAL_GetREVID)
    i.HAL_GetTick                            0x08000a90   Section        0  stm32g4xx_hal.o(i.HAL_GetTick)
    i.HAL_IncTick                            0x08000a9c   Section        0  stm32g4xx_hal.o(i.HAL_IncTick)
    i.HAL_Init                               0x08000ab4   Section        0  stm32g4xx_hal.o(i.HAL_Init)
    i.HAL_InitTick                           0x08000ad4   Section        0  stm32g4xx_hal.o(i.HAL_InitTick)
    i.HAL_MspInit                            0x08000b2c   Section        0  stm32g4xx_hal.o(i.HAL_MspInit)
    i.HAL_NVIC_EnableIRQ                     0x08000b2e   Section        0  stm32g4xx_hal_cortex.o(i.HAL_NVIC_EnableIRQ)
    i.HAL_NVIC_SetPriority                   0x08000b56   Section        0  stm32g4xx_hal_cortex.o(i.HAL_NVIC_SetPriority)
    i.HAL_NVIC_SetPriorityGrouping           0x08000bd0   Section        0  stm32g4xx_hal_cortex.o(i.HAL_NVIC_SetPriorityGrouping)
    i.HAL_PWREx_ControlVoltageScaling        0x08000bf8   Section        0  stm32g4xx_hal_pwr_ex.o(i.HAL_PWREx_ControlVoltageScaling)
    i.HAL_RCC_ClockConfig                    0x08000d10   Section        0  stm32g4xx_hal_rcc.o(i.HAL_RCC_ClockConfig)
    i.HAL_RCC_GetHCLKFreq                    0x08000f34   Section        0  stm32g4xx_hal_rcc.o(i.HAL_RCC_GetHCLKFreq)
    i.HAL_RCC_GetPCLK1Freq                   0x08000f40   Section        0  stm32g4xx_hal_rcc.o(i.HAL_RCC_GetPCLK1Freq)
    i.HAL_RCC_GetPCLK2Freq                   0x08000f64   Section        0  stm32g4xx_hal_rcc.o(i.HAL_RCC_GetPCLK2Freq)
    i.HAL_RCC_GetSysClockFreq                0x08000f88   Section        0  stm32g4xx_hal_rcc.o(i.HAL_RCC_GetSysClockFreq)
    i.HAL_RCC_OscConfig                      0x08001020   Section        0  stm32g4xx_hal_rcc.o(i.HAL_RCC_OscConfig)
    i.HAL_SPI_Transmit                       0x08001588   Section        0  stm32g4xx_hal_spi.o(i.HAL_SPI_Transmit)
    i.HAL_SPI_TransmitReceive                0x080017aa   Section        0  stm32g4xx_hal_spi.o(i.HAL_SPI_TransmitReceive)
    i.HAL_SYSTICK_CLKSourceConfig            0x08001b96   Section        0  stm32g4xx_hal_cortex.o(i.HAL_SYSTICK_CLKSourceConfig)
    i.HAL_SYSTICK_Config                     0x08001bbe   Section        0  stm32g4xx_hal_cortex.o(i.HAL_SYSTICK_Config)
    i.HAL_TIM_Base_Init                      0x08001bf2   Section        0  stm32g4xx_hal_tim.o(i.HAL_TIM_Base_Init)
    i.HAL_TIM_Base_MspInit                   0x08001c60   Section        0  stm32g4xx_hal_tim.o(i.HAL_TIM_Base_MspInit)
    i.HAL_TIM_Base_Start_IT                  0x08001c64   Section        0  stm32g4xx_hal_tim.o(i.HAL_TIM_Base_Start_IT)
    i.HAL_UARTEx_RxEventCallback             0x08001d18   Section        0  stm32g4xx_hal_uart.o(i.HAL_UARTEx_RxEventCallback)
    i.HAL_UARTEx_RxFifoFullCallback          0x08001d1a   Section        0  stm32g4xx_hal_uart_ex.o(i.HAL_UARTEx_RxFifoFullCallback)
    i.HAL_UARTEx_TxFifoEmptyCallback         0x08001d1c   Section        0  stm32g4xx_hal_uart_ex.o(i.HAL_UARTEx_TxFifoEmptyCallback)
    i.HAL_UARTEx_WakeupCallback              0x08001d1e   Section        0  stm32g4xx_hal_uart_ex.o(i.HAL_UARTEx_WakeupCallback)
    i.HAL_UART_ErrorCallback                 0x08001d20   Section        0  stm32g4xx_hal_uart.o(i.HAL_UART_ErrorCallback)
    i.HAL_UART_IRQHandler                    0x08001d24   Section        0  stm32g4xx_hal_uart.o(i.HAL_UART_IRQHandler)
    i.HAL_UART_Init                          0x080020b4   Section        0  stm32g4xx_hal_uart.o(i.HAL_UART_Init)
    i.HAL_UART_MspInit                       0x0800212c   Section        0  usart.o(i.HAL_UART_MspInit)
    i.HAL_UART_Receive_IT                    0x080021e4   Section        0  stm32g4xx_hal_uart.o(i.HAL_UART_Receive_IT)
    i.HAL_UART_RxCpltCallback                0x08002258   Section        0  usart.o(i.HAL_UART_RxCpltCallback)
    i.HAL_UART_TxCpltCallback                0x080022f4   Section        0  stm32g4xx_hal_uart.o(i.HAL_UART_TxCpltCallback)
    i.HardFault_Handler                      0x080022f6   Section        0  stm32g4xx_it.o(i.HardFault_Handler)
    i.MemManage_Handler                      0x080022fa   Section        0  stm32g4xx_it.o(i.MemManage_Handler)
    i.NMI_Handler                            0x080022fe   Section        0  stm32g4xx_it.o(i.NMI_Handler)
    i.PendSV_Handler                         0x08002300   Section        0  stm32g4xx_it.o(i.PendSV_Handler)
    i.RCC_GetSysClockFreqFromPLLSource       0x08002304   Section        0  stm32g4xx_hal_rcc.o(i.RCC_GetSysClockFreqFromPLLSource)
    RCC_GetSysClockFreqFromPLLSource         0x08002305   Thumb Code    90  stm32g4xx_hal_rcc.o(i.RCC_GetSysClockFreqFromPLLSource)
    i.SPI_EndRxTxTransaction                 0x0800236c   Section        0  stm32g4xx_hal_spi.o(i.SPI_EndRxTxTransaction)
    SPI_EndRxTxTransaction                   0x0800236d   Thumb Code   100  stm32g4xx_hal_spi.o(i.SPI_EndRxTxTransaction)
    i.SPI_WaitFifoStateUntilTimeout          0x080023d0   Section        0  stm32g4xx_hal_spi.o(i.SPI_WaitFifoStateUntilTimeout)
    SPI_WaitFifoStateUntilTimeout            0x080023d1   Thumb Code   242  stm32g4xx_hal_spi.o(i.SPI_WaitFifoStateUntilTimeout)
    i.SPI_WaitFlagStateUntilTimeout          0x080024c8   Section        0  stm32g4xx_hal_spi.o(i.SPI_WaitFlagStateUntilTimeout)
    SPI_WaitFlagStateUntilTimeout            0x080024c9   Thumb Code   210  stm32g4xx_hal_spi.o(i.SPI_WaitFlagStateUntilTimeout)
    i.SVC_Handler                            0x080025a0   Section        0  stm32g4xx_it.o(i.SVC_Handler)
    i.SysTick_Handler                        0x080025a2   Section        0  stm32g4xx_it.o(i.SysTick_Handler)
    i.SystemInit                             0x080025ac   Section        0  system_stm32g4xx.o(i.SystemInit)
    i.TIM4_IRQHandler                        0x080025c0   Section        0  usmart_port.o(i.TIM4_IRQHandler)
    i.TIM_Base_SetConfig                     0x08002604   Section        0  stm32g4xx_hal_tim.o(i.TIM_Base_SetConfig)
    i.UART_AdvFeatureConfig                  0x080026e4   Section        0  stm32g4xx_hal_uart.o(i.UART_AdvFeatureConfig)
    i.UART_CheckIdleState                    0x080027dc   Section        0  stm32g4xx_hal_uart.o(i.UART_CheckIdleState)
    i.UART_DMAAbortOnError                   0x08002852   Section        0  stm32g4xx_hal_uart.o(i.UART_DMAAbortOnError)
    UART_DMAAbortOnError                     0x08002853   Thumb Code    24  stm32g4xx_hal_uart.o(i.UART_DMAAbortOnError)
    i.UART_EndRxTransfer                     0x0800286c   Section        0  stm32g4xx_hal_uart.o(i.UART_EndRxTransfer)
    UART_EndRxTransfer                       0x0800286d   Thumb Code   104  stm32g4xx_hal_uart.o(i.UART_EndRxTransfer)
    i.UART_EndTransmit_IT                    0x080028d8   Section        0  stm32g4xx_hal_uart.o(i.UART_EndTransmit_IT)
    UART_EndTransmit_IT                      0x080028d9   Thumb Code    48  stm32g4xx_hal_uart.o(i.UART_EndTransmit_IT)
    i.UART_RxISR_16BIT                       0x08002908   Section        0  stm32g4xx_hal_uart.o(i.UART_RxISR_16BIT)
    UART_RxISR_16BIT                         0x08002909   Thumb Code   210  stm32g4xx_hal_uart.o(i.UART_RxISR_16BIT)
    i.UART_RxISR_16BIT_FIFOEN                0x080029dc   Section        0  stm32g4xx_hal_uart.o(i.UART_RxISR_16BIT_FIFOEN)
    UART_RxISR_16BIT_FIFOEN                  0x080029dd   Thumb Code   448  stm32g4xx_hal_uart.o(i.UART_RxISR_16BIT_FIFOEN)
    i.UART_RxISR_8BIT                        0x08002ba4   Section        0  stm32g4xx_hal_uart.o(i.UART_RxISR_8BIT)
    UART_RxISR_8BIT                          0x08002ba5   Thumb Code   206  stm32g4xx_hal_uart.o(i.UART_RxISR_8BIT)
    i.UART_RxISR_8BIT_FIFOEN                 0x08002c74   Section        0  stm32g4xx_hal_uart.o(i.UART_RxISR_8BIT_FIFOEN)
    UART_RxISR_8BIT_FIFOEN                   0x08002c75   Thumb Code   446  stm32g4xx_hal_uart.o(i.UART_RxISR_8BIT_FIFOEN)
    i.UART_SetConfig                         0x08002e3c   Section        0  stm32g4xx_hal_uart.o(i.UART_SetConfig)
    i.UART_Start_Receive_IT                  0x08003204   Section        0  stm32g4xx_hal_uart.o(i.UART_Start_Receive_IT)
    i.UART_WaitOnFlagUntilTimeout            0x08003374   Section        0  stm32g4xx_hal_uart.o(i.UART_WaitOnFlagUntilTimeout)
    i.USART1_IRQHandler                      0x08003474   Section        0  usart.o(i.USART1_IRQHandler)
    i.UsageFault_Handler                     0x08003484   Section        0  stm32g4xx_it.o(i.UsageFault_Handler)
    i.__0printf$8                            0x08003488   Section        0  printf8.o(i.__0printf$8)
    i.__NVIC_GetPriorityGrouping             0x080034a8   Section        0  stm32g4xx_hal_cortex.o(i.__NVIC_GetPriorityGrouping)
    __NVIC_GetPriorityGrouping               0x080034a9   Thumb Code    10  stm32g4xx_hal_cortex.o(i.__NVIC_GetPriorityGrouping)
    i.__NVIC_SetPriority                     0x080034b8   Section        0  stm32g4xx_hal_cortex.o(i.__NVIC_SetPriority)
    __NVIC_SetPriority                       0x080034b9   Thumb Code    32  stm32g4xx_hal_cortex.o(i.__NVIC_SetPriority)
    i.__scatterload_copy                     0x080034e0   Section       14  handlers.o(i.__scatterload_copy)
    i.__scatterload_null                     0x080034ee   Section        2  handlers.o(i.__scatterload_null)
    i.__scatterload_zeroinit                 0x080034f0   Section       14  handlers.o(i.__scatterload_zeroinit)
    i._printf_core                           0x08003500   Section        0  printf8.o(i._printf_core)
    _printf_core                             0x08003501   Thumb Code   984  printf8.o(i._printf_core)
    i._printf_post_padding                   0x08003904   Section        0  printf8.o(i._printf_post_padding)
    _printf_post_padding                     0x08003905   Thumb Code    36  printf8.o(i._printf_post_padding)
    i._printf_pre_padding                    0x08003928   Section        0  printf8.o(i._printf_pre_padding)
    _printf_pre_padding                      0x08003929   Thumb Code    46  printf8.o(i._printf_pre_padding)
    i.chipselect                             0x08003956   Section        0  drv8301.o(i.chipselect)
    i.delay_init                             0x08003978   Section        0  delay.o(i.delay_init)
    i.delay_ms                               0x0800398c   Section        0  delay.o(i.delay_ms)
    i.delay_us                               0x080039a0   Section        0  delay.o(i.delay_us)
    i.enablegate                             0x080039e8   Section        0  drv8301.o(i.enablegate)
    i.fputc                                  0x08003a3c   Section        0  usart.o(i.fputc)
    i.lcd_address_set                        0x08003a58   Section        0  lcd.o(i.lcd_address_set)
    i.lcd_clear                              0x08003aac   Section        0  lcd.o(i.lcd_clear)
    i.lcd_draw_circle                        0x08003b20   Section        0  lcd.o(i.lcd_draw_circle)
    i.lcd_draw_line                          0x08003be8   Section        0  lcd.o(i.lcd_draw_line)
    i.lcd_draw_point                         0x08003d0c   Section        0  lcd.o(i.lcd_draw_point)
    i.lcd_draw_rectangle                     0x08003d28   Section        0  lcd.o(i.lcd_draw_rectangle)
    i.lcd_fill                               0x08003d74   Section        0  lcd.o(i.lcd_fill)
    i.lcd_pow                                0x08003e10   Section        0  lcd.o(i.lcd_pow)
    lcd_pow                                  0x08003e11   Thumb Code    22  lcd.o(i.lcd_pow)
    i.lcd_show_char                          0x08003e28   Section        0  lcd.o(i.lcd_show_char)
    i.lcd_show_num                           0x08004030   Section        0  lcd.o(i.lcd_show_num)
    i.lcd_show_string                        0x080040c8   Section        0  lcd.o(i.lcd_show_string)
    i.lcd_show_xnum                          0x08004132   Section        0  lcd.o(i.lcd_show_xnum)
    i.lcd_spi_send                           0x080041f8   Section        0  lcd.o(i.lcd_spi_send)
    lcd_spi_send                             0x080041f9   Thumb Code   104  lcd.o(i.lcd_spi_send)
    i.lcd_write_cmd                          0x08004264   Section        0  lcd.o(i.lcd_write_cmd)
    lcd_write_cmd                            0x08004265   Thumb Code    26  lcd.o(i.lcd_write_cmd)
    i.lcd_write_data                         0x08004284   Section        0  lcd.o(i.lcd_write_data)
    lcd_write_data                           0x08004285   Thumb Code    26  lcd.o(i.lcd_write_data)
    i.lcd_write_halfword                     0x080042a4   Section        0  lcd.o(i.lcd_write_halfword)
    i.main                                   0x080042d4   Section        0  main.o(i.main)
    i.norflash_erase_chip                    0x0800434c   Section        0  norflash.o(i.norflash_erase_chip)
    i.norflash_erase_sector                  0x0800438c   Section        0  norflash.o(i.norflash_erase_sector)
    i.norflash_read_id                       0x080043d8   Section        0  norflash.o(i.norflash_read_id)
    i.norflash_read_sr                       0x08004430   Section        0  norflash.o(i.norflash_read_sr)
    i.norflash_send_address                  0x08004494   Section        0  norflash.o(i.norflash_send_address)
    norflash_send_address                    0x08004495   Thumb Code    46  norflash.o(i.norflash_send_address)
    i.norflash_wait_busy                     0x080044c8   Section        0  norflash.o(i.norflash_wait_busy)
    norflash_wait_busy                       0x080044c9   Thumb Code    20  norflash.o(i.norflash_wait_busy)
    i.norflash_write_enable                  0x080044dc   Section        0  norflash.o(i.norflash_write_enable)
    i.read_addr                              0x08004510   Section        0  usmart.o(i.read_addr)
    i.spi1_read_write_byte                   0x08004518   Section        0  spi.o(i.spi1_read_write_byte)
    i.spi1_write_data                        0x08004538   Section        0  spi.o(i.spi1_write_data)
    i.spi3init                               0x08004554   Section        0  drv8301.o(i.spi3init)
    i.spi3readword                           0x0800464c   Section        0  drv8301.o(i.spi3readword)
    i.spi3sck                                0x0800468c   Section        0  drv8301.o(i.spi3sck)
    i.spi3writeword                          0x080046ae   Section        0  drv8301.o(i.spi3writeword)
    i.sw_lcd_mode                            0x08004708   Section        0  norflash.o(i.sw_lcd_mode)
    i.sw_spiflash_mode                       0x08004758   Section        0  norflash.o(i.sw_spiflash_mode)
    i.sys_stm32_clock_init                   0x080047ac   Section        0  sys.o(i.sys_stm32_clock_init)
    i.usart_init                             0x08004868   Section        0  usart.o(i.usart_init)
    i.usmart_cmd_rec                         0x080048a0   Section        0  usmart.o(i.usmart_cmd_rec)
    i.usmart_exe                             0x08004950   Section        0  usmart.o(i.usmart_exe)
    i.usmart_get_aparm                       0x08004c24   Section        0  usmart_str.o(i.usmart_get_aparm)
    i.usmart_get_cmdname                     0x08004cf8   Section        0  usmart_str.o(i.usmart_get_cmdname)
    i.usmart_get_fname                       0x08004d30   Section        0  usmart_str.o(i.usmart_get_fname)
    i.usmart_get_fparam                      0x08004ef0   Section        0  usmart_str.o(i.usmart_get_fparam)
    i.usmart_get_input_string                0x08004ffc   Section        0  usmart_port.o(i.usmart_get_input_string)
    i.usmart_get_parmpos                     0x08005024   Section        0  usmart_str.o(i.usmart_get_parmpos)
    i.usmart_init                            0x08005044   Section        0  usmart.o(i.usmart_init)
    i.usmart_pow                             0x0800506c   Section        0  usmart_str.o(i.usmart_pow)
    i.usmart_scan                            0x08005084   Section        0  usmart.o(i.usmart_scan)
    i.usmart_search_nextc                    0x0800512c   Section        0  usmart_str.o(i.usmart_search_nextc)
    i.usmart_str2num                         0x08005142   Section        0  usmart_str.o(i.usmart_str2num)
    i.usmart_strcmp                          0x08005248   Section        0  usmart_str.o(i.usmart_strcmp)
    i.usmart_strcopy                         0x0800526a   Section        0  usmart_str.o(i.usmart_strcopy)
    i.usmart_strlen                          0x08005280   Section        0  usmart_str.o(i.usmart_strlen)
    i.usmart_sys_cmd_exe                     0x08005298   Section        0  usmart.o(i.usmart_sys_cmd_exe)
    i.usmart_timx_get_time                   0x0800598c   Section        0  usmart_port.o(i.usmart_timx_get_time)
    i.usmart_timx_init                       0x080059d0   Section        0  usmart_port.o(i.usmart_timx_init)
    i.usmart_timx_reset_time                 0x08005a30   Section        0  usmart_port.o(i.usmart_timx_reset_time)
    i.write_addr                             0x08005a64   Section        0  usmart.o(i.write_addr)
    .constdata                               0x08005a68   Section       20  main.o(.constdata)
    .constdata                               0x08005a7c   Section       24  system_stm32g4xx.o(.constdata)
    .constdata                               0x08005a94   Section       24  stm32g4xx_hal_uart.o(.constdata)
    .constdata                               0x08005aac   Section    19380  lcd.o(.constdata)
    .conststring                             0x0800a660   Section       40  usmart.o(.conststring)
    .conststring                             0x0800a688   Section     1012  usmart_config.o(.conststring)
    .data                                    0x20000000   Section        4  system_stm32g4xx.o(.data)
    .data                                    0x20000004   Section        4  delay.o(.data)
    g_fac_us                                 0x20000004   Data           4  delay.o(.data)
    .data                                    0x20000008   Section        7  usart.o(.data)
    .data                                    0x20000010   Section       12  stm32g4xx_hal.o(.data)
    .data                                    0x2000001c   Section        4  lcd.o(.data)
    .data                                    0x20000020   Section        2  norflash.o(.data)
    .data                                    0x20000024   Section       28  usmart.o(.data)
    .data                                    0x20000040   Section      372  usmart_config.o(.data)
    .bss                                     0x200001b4   Section      344  usart.o(.bss)
    .bss                                     0x2000030c   Section    11520  lcd.o(.bss)
    lcd_buf                                  0x2000030c   Data       11520  lcd.o(.bss)
    .bss                                     0x2000300c   Section      200  spi.o(.bss)
    .bss                                     0x200030d4   Section       76  usmart_port.o(.bss)
    STACK                                    0x20003120   Section     1024  startup_stm32g474xx.o(STACK)

    Global Symbols

    Symbol Name                              Value     Ov Type        Size  Object(Section)

    BuildAttributes$$THM_ISAv4$E$P$D$K$B$S$7EM$VFPi3$EXTD16$VFPS$VFMA$PE$A:L22UL41UL21$X:L11$S22US41US21$IEEE1$IW$USESV6$~STKCKD$USESV7$~SHL$OSPACE$ROPI$EBA8$MICROLIB$REQ8$PRES8$EABIv2 0x00000000   Number         0  anon$$obj.o ABSOLUTE
    __ARM_use_no_argv                        0x00000000   Number         0  main.o ABSOLUTE
    __use_no_errno                           0x00000000   Number         0  useno.o ABSOLUTE
    __use_no_exception_handling              0x00000000   Number         0  useno.o ABSOLUTE
    __use_no_fp                              0x00000000   Number         0  useno.o ABSOLUTE
    __use_no_heap                            0x00000000   Number         0  useno.o ABSOLUTE
    __use_no_heap_region                     0x00000000   Number         0  useno.o ABSOLUTE
    __use_no_semihosting                     0x00000000   Number         0  useno.o ABSOLUTE
    __use_no_semihosting_swi                 0x00000000   Number         0  useno.o ABSOLUTE
    __use_no_signal_handling                 0x00000000   Number         0  useno.o ABSOLUTE
    _printf_a                                0x00000000   Number         0  stubs.o ABSOLUTE
    _printf_c                                0x00000000   Number         0  stubs.o ABSOLUTE
    _printf_charcount                        0x00000000   Number         0  stubs.o ABSOLUTE
    _printf_d                                0x00000000   Number         0  stubs.o ABSOLUTE
    _printf_e                                0x00000000   Number         0  stubs.o ABSOLUTE
    _printf_f                                0x00000000   Number         0  stubs.o ABSOLUTE
    _printf_flags                            0x00000000   Number         0  stubs.o ABSOLUTE
    _printf_fp_dec                           0x00000000   Number         0  stubs.o ABSOLUTE
    _printf_fp_hex                           0x00000000   Number         0  stubs.o ABSOLUTE
    _printf_g                                0x00000000   Number         0  stubs.o ABSOLUTE
    _printf_i                                0x00000000   Number         0  stubs.o ABSOLUTE
    _printf_int_dec                          0x00000000   Number         0  stubs.o ABSOLUTE
    _printf_l                                0x00000000   Number         0  stubs.o ABSOLUTE
    _printf_lc                               0x00000000   Number         0  stubs.o ABSOLUTE
    _printf_ll                               0x00000000   Number         0  stubs.o ABSOLUTE
    _printf_lld                              0x00000000   Number         0  stubs.o ABSOLUTE
    _printf_lli                              0x00000000   Number         0  stubs.o ABSOLUTE
    _printf_llo                              0x00000000   Number         0  stubs.o ABSOLUTE
    _printf_llu                              0x00000000   Number         0  stubs.o ABSOLUTE
    _printf_llx                              0x00000000   Number         0  stubs.o ABSOLUTE
    _printf_longlong_dec                     0x00000000   Number         0  stubs.o ABSOLUTE
    _printf_longlong_hex                     0x00000000   Number         0  stubs.o ABSOLUTE
    _printf_longlong_oct                     0x00000000   Number         0  stubs.o ABSOLUTE
    _printf_ls                               0x00000000   Number         0  stubs.o ABSOLUTE
    _printf_mbtowc                           0x00000000   Number         0  stubs.o ABSOLUTE
    _printf_n                                0x00000000   Number         0  stubs.o ABSOLUTE
    _printf_o                                0x00000000   Number         0  stubs.o ABSOLUTE
    _printf_p                                0x00000000   Number         0  stubs.o ABSOLUTE
    _printf_percent                          0x00000000   Number         0  stubs.o ABSOLUTE
    _printf_pre_padding                      0x00000000   Number         0  stubs.o ABSOLUTE
    _printf_return_value                     0x00000000   Number         0  stubs.o ABSOLUTE
    _printf_s                                0x00000000   Number         0  stubs.o ABSOLUTE
    _printf_sizespec                         0x00000000   Number         0  stubs.o ABSOLUTE
    _printf_str                              0x00000000   Number         0  stubs.o ABSOLUTE
    _printf_truncate_signed                  0x00000000   Number         0  stubs.o ABSOLUTE
    _printf_truncate_unsigned                0x00000000   Number         0  stubs.o ABSOLUTE
    _printf_u                                0x00000000   Number         0  stubs.o ABSOLUTE
    _printf_wc                               0x00000000   Number         0  stubs.o ABSOLUTE
    _printf_wctomb                           0x00000000   Number         0  stubs.o ABSOLUTE
    _printf_widthprec                        0x00000000   Number         0  stubs.o ABSOLUTE
    _printf_x                                0x00000000   Number         0  stubs.o ABSOLUTE
    __arm_fini_                               - Undefined Weak Reference
    __cpp_initialize__aeabi_                  - Undefined Weak Reference
    __cxa_finalize                            - Undefined Weak Reference
    _clock_init                               - Undefined Weak Reference
    _microlib_exit                            - Undefined Weak Reference
    __Vectors_Size                           0x000001d8   Number         0  startup_stm32g474xx.o ABSOLUTE
    __Vectors                                0x08000000   Data           4  startup_stm32g474xx.o(RESET)
    __Vectors_End                            0x080001d8   Data           0  startup_stm32g474xx.o(RESET)
    __main                                   0x080001d9   Thumb Code     0  entry.o(.ARM.Collect$$$$00000000)
    _main_stk                                0x080001d9   Thumb Code     0  entry2.o(.ARM.Collect$$$$00000001)
    _main_scatterload                        0x080001dd   Thumb Code     0  entry5.o(.ARM.Collect$$$$00000004)
    __main_after_scatterload                 0x080001e1   Thumb Code     0  entry5.o(.ARM.Collect$$$$00000004)
    _main_clock                              0x080001e1   Thumb Code     0  entry7b.o(.ARM.Collect$$$$00000008)
    _main_cpp_init                           0x080001e1   Thumb Code     0  entry8b.o(.ARM.Collect$$$$0000000A)
    _main_init                               0x080001e1   Thumb Code     0  entry9a.o(.ARM.Collect$$$$0000000B)
    __rt_lib_shutdown_fini                   0x080001e9   Thumb Code     0  entry12b.o(.ARM.Collect$$$$0000000E)
    __rt_final_cpp                           0x080001ed   Thumb Code     0  entry10a.o(.ARM.Collect$$$$0000000F)
    __rt_final_exit                          0x080001ed   Thumb Code     0  entry11a.o(.ARM.Collect$$$$00000011)
    Reset_Handler                            0x080001f1   Thumb Code     8  startup_stm32g474xx.o(.text)
    ADC1_2_IRQHandler                        0x0800020b   Thumb Code     0  startup_stm32g474xx.o(.text)
    ADC3_IRQHandler                          0x0800020b   Thumb Code     0  startup_stm32g474xx.o(.text)
    ADC4_IRQHandler                          0x0800020b   Thumb Code     0  startup_stm32g474xx.o(.text)
    ADC5_IRQHandler                          0x0800020b   Thumb Code     0  startup_stm32g474xx.o(.text)
    COMP1_2_3_IRQHandler                     0x0800020b   Thumb Code     0  startup_stm32g474xx.o(.text)
    COMP4_5_6_IRQHandler                     0x0800020b   Thumb Code     0  startup_stm32g474xx.o(.text)
    COMP7_IRQHandler                         0x0800020b   Thumb Code     0  startup_stm32g474xx.o(.text)
    CORDIC_IRQHandler                        0x0800020b   Thumb Code     0  startup_stm32g474xx.o(.text)
    CRS_IRQHandler                           0x0800020b   Thumb Code     0  startup_stm32g474xx.o(.text)
    DMA1_Channel1_IRQHandler                 0x0800020b   Thumb Code     0  startup_stm32g474xx.o(.text)
    DMA1_Channel2_IRQHandler                 0x0800020b   Thumb Code     0  startup_stm32g474xx.o(.text)
    DMA1_Channel3_IRQHandler                 0x0800020b   Thumb Code     0  startup_stm32g474xx.o(.text)
    DMA1_Channel4_IRQHandler                 0x0800020b   Thumb Code     0  startup_stm32g474xx.o(.text)
    DMA1_Channel5_IRQHandler                 0x0800020b   Thumb Code     0  startup_stm32g474xx.o(.text)
    DMA1_Channel6_IRQHandler                 0x0800020b   Thumb Code     0  startup_stm32g474xx.o(.text)
    DMA1_Channel7_IRQHandler                 0x0800020b   Thumb Code     0  startup_stm32g474xx.o(.text)
    DMA1_Channel8_IRQHandler                 0x0800020b   Thumb Code     0  startup_stm32g474xx.o(.text)
    DMA2_Channel1_IRQHandler                 0x0800020b   Thumb Code     0  startup_stm32g474xx.o(.text)
    DMA2_Channel2_IRQHandler                 0x0800020b   Thumb Code     0  startup_stm32g474xx.o(.text)
    DMA2_Channel3_IRQHandler                 0x0800020b   Thumb Code     0  startup_stm32g474xx.o(.text)
    DMA2_Channel4_IRQHandler                 0x0800020b   Thumb Code     0  startup_stm32g474xx.o(.text)
    DMA2_Channel5_IRQHandler                 0x0800020b   Thumb Code     0  startup_stm32g474xx.o(.text)
    DMA2_Channel6_IRQHandler                 0x0800020b   Thumb Code     0  startup_stm32g474xx.o(.text)
    DMA2_Channel7_IRQHandler                 0x0800020b   Thumb Code     0  startup_stm32g474xx.o(.text)
    DMA2_Channel8_IRQHandler                 0x0800020b   Thumb Code     0  startup_stm32g474xx.o(.text)
    DMAMUX_OVR_IRQHandler                    0x0800020b   Thumb Code     0  startup_stm32g474xx.o(.text)
    EXTI0_IRQHandler                         0x0800020b   Thumb Code     0  startup_stm32g474xx.o(.text)
    EXTI15_10_IRQHandler                     0x0800020b   Thumb Code     0  startup_stm32g474xx.o(.text)
    EXTI1_IRQHandler                         0x0800020b   Thumb Code     0  startup_stm32g474xx.o(.text)
    EXTI2_IRQHandler                         0x0800020b   Thumb Code     0  startup_stm32g474xx.o(.text)
    EXTI3_IRQHandler                         0x0800020b   Thumb Code     0  startup_stm32g474xx.o(.text)
    EXTI4_IRQHandler                         0x0800020b   Thumb Code     0  startup_stm32g474xx.o(.text)
    EXTI9_5_IRQHandler                       0x0800020b   Thumb Code     0  startup_stm32g474xx.o(.text)
    FDCAN1_IT0_IRQHandler                    0x0800020b   Thumb Code     0  startup_stm32g474xx.o(.text)
    FDCAN1_IT1_IRQHandler                    0x0800020b   Thumb Code     0  startup_stm32g474xx.o(.text)
    FDCAN2_IT0_IRQHandler                    0x0800020b   Thumb Code     0  startup_stm32g474xx.o(.text)
    FDCAN2_IT1_IRQHandler                    0x0800020b   Thumb Code     0  startup_stm32g474xx.o(.text)
    FDCAN3_IT0_IRQHandler                    0x0800020b   Thumb Code     0  startup_stm32g474xx.o(.text)
    FDCAN3_IT1_IRQHandler                    0x0800020b   Thumb Code     0  startup_stm32g474xx.o(.text)
    FLASH_IRQHandler                         0x0800020b   Thumb Code     0  startup_stm32g474xx.o(.text)
    FMAC_IRQHandler                          0x0800020b   Thumb Code     0  startup_stm32g474xx.o(.text)
    FMC_IRQHandler                           0x0800020b   Thumb Code     0  startup_stm32g474xx.o(.text)
    FPU_IRQHandler                           0x0800020b   Thumb Code     0  startup_stm32g474xx.o(.text)
    HRTIM1_FLT_IRQHandler                    0x0800020b   Thumb Code     0  startup_stm32g474xx.o(.text)
    HRTIM1_Master_IRQHandler                 0x0800020b   Thumb Code     0  startup_stm32g474xx.o(.text)
    HRTIM1_TIMA_IRQHandler                   0x0800020b   Thumb Code     0  startup_stm32g474xx.o(.text)
    HRTIM1_TIMB_IRQHandler                   0x0800020b   Thumb Code     0  startup_stm32g474xx.o(.text)
    HRTIM1_TIMC_IRQHandler                   0x0800020b   Thumb Code     0  startup_stm32g474xx.o(.text)
    HRTIM1_TIMD_IRQHandler                   0x0800020b   Thumb Code     0  startup_stm32g474xx.o(.text)
    HRTIM1_TIME_IRQHandler                   0x0800020b   Thumb Code     0  startup_stm32g474xx.o(.text)
    HRTIM1_TIMF_IRQHandler                   0x0800020b   Thumb Code     0  startup_stm32g474xx.o(.text)
    I2C1_ER_IRQHandler                       0x0800020b   Thumb Code     0  startup_stm32g474xx.o(.text)
    I2C1_EV_IRQHandler                       0x0800020b   Thumb Code     0  startup_stm32g474xx.o(.text)
    I2C2_ER_IRQHandler                       0x0800020b   Thumb Code     0  startup_stm32g474xx.o(.text)
    I2C2_EV_IRQHandler                       0x0800020b   Thumb Code     0  startup_stm32g474xx.o(.text)
    I2C3_ER_IRQHandler                       0x0800020b   Thumb Code     0  startup_stm32g474xx.o(.text)
    I2C3_EV_IRQHandler                       0x0800020b   Thumb Code     0  startup_stm32g474xx.o(.text)
    I2C4_ER_IRQHandler                       0x0800020b   Thumb Code     0  startup_stm32g474xx.o(.text)
    I2C4_EV_IRQHandler                       0x0800020b   Thumb Code     0  startup_stm32g474xx.o(.text)
    LPTIM1_IRQHandler                        0x0800020b   Thumb Code     0  startup_stm32g474xx.o(.text)
    LPUART1_IRQHandler                       0x0800020b   Thumb Code     0  startup_stm32g474xx.o(.text)
    PVD_PVM_IRQHandler                       0x0800020b   Thumb Code     0  startup_stm32g474xx.o(.text)
    QUADSPI_IRQHandler                       0x0800020b   Thumb Code     0  startup_stm32g474xx.o(.text)
    RCC_IRQHandler                           0x0800020b   Thumb Code     0  startup_stm32g474xx.o(.text)
    RNG_IRQHandler                           0x0800020b   Thumb Code     0  startup_stm32g474xx.o(.text)
    RTC_Alarm_IRQHandler                     0x0800020b   Thumb Code     0  startup_stm32g474xx.o(.text)
    RTC_TAMP_LSECSS_IRQHandler               0x0800020b   Thumb Code     0  startup_stm32g474xx.o(.text)
    RTC_WKUP_IRQHandler                      0x0800020b   Thumb Code     0  startup_stm32g474xx.o(.text)
    SAI1_IRQHandler                          0x0800020b   Thumb Code     0  startup_stm32g474xx.o(.text)
    SPI1_IRQHandler                          0x0800020b   Thumb Code     0  startup_stm32g474xx.o(.text)
    SPI2_IRQHandler                          0x0800020b   Thumb Code     0  startup_stm32g474xx.o(.text)
    SPI3_IRQHandler                          0x0800020b   Thumb Code     0  startup_stm32g474xx.o(.text)
    SPI4_IRQHandler                          0x0800020b   Thumb Code     0  startup_stm32g474xx.o(.text)
    TIM1_BRK_TIM15_IRQHandler                0x0800020b   Thumb Code     0  startup_stm32g474xx.o(.text)
    TIM1_CC_IRQHandler                       0x0800020b   Thumb Code     0  startup_stm32g474xx.o(.text)
    TIM1_TRG_COM_TIM17_IRQHandler            0x0800020b   Thumb Code     0  startup_stm32g474xx.o(.text)
    TIM1_UP_TIM16_IRQHandler                 0x0800020b   Thumb Code     0  startup_stm32g474xx.o(.text)
    TIM20_BRK_IRQHandler                     0x0800020b   Thumb Code     0  startup_stm32g474xx.o(.text)
    TIM20_CC_IRQHandler                      0x0800020b   Thumb Code     0  startup_stm32g474xx.o(.text)
    TIM20_TRG_COM_IRQHandler                 0x0800020b   Thumb Code     0  startup_stm32g474xx.o(.text)
    TIM20_UP_IRQHandler                      0x0800020b   Thumb Code     0  startup_stm32g474xx.o(.text)
    TIM2_IRQHandler                          0x0800020b   Thumb Code     0  startup_stm32g474xx.o(.text)
    TIM3_IRQHandler                          0x0800020b   Thumb Code     0  startup_stm32g474xx.o(.text)
    TIM5_IRQHandler                          0x0800020b   Thumb Code     0  startup_stm32g474xx.o(.text)
    TIM6_DAC_IRQHandler                      0x0800020b   Thumb Code     0  startup_stm32g474xx.o(.text)
    TIM7_DAC_IRQHandler                      0x0800020b   Thumb Code     0  startup_stm32g474xx.o(.text)
    TIM8_BRK_IRQHandler                      0x0800020b   Thumb Code     0  startup_stm32g474xx.o(.text)
    TIM8_CC_IRQHandler                       0x0800020b   Thumb Code     0  startup_stm32g474xx.o(.text)
    TIM8_TRG_COM_IRQHandler                  0x0800020b   Thumb Code     0  startup_stm32g474xx.o(.text)
    TIM8_UP_IRQHandler                       0x0800020b   Thumb Code     0  startup_stm32g474xx.o(.text)
    UART4_IRQHandler                         0x0800020b   Thumb Code     0  startup_stm32g474xx.o(.text)
    UART5_IRQHandler                         0x0800020b   Thumb Code     0  startup_stm32g474xx.o(.text)
    UCPD1_IRQHandler                         0x0800020b   Thumb Code     0  startup_stm32g474xx.o(.text)
    USART2_IRQHandler                        0x0800020b   Thumb Code     0  startup_stm32g474xx.o(.text)
    USART3_IRQHandler                        0x0800020b   Thumb Code     0  startup_stm32g474xx.o(.text)
    USBWakeUp_IRQHandler                     0x0800020b   Thumb Code     0  startup_stm32g474xx.o(.text)
    USB_HP_IRQHandler                        0x0800020b   Thumb Code     0  startup_stm32g474xx.o(.text)
    USB_LP_IRQHandler                        0x0800020b   Thumb Code     0  startup_stm32g474xx.o(.text)
    WWDG_IRQHandler                          0x0800020b   Thumb Code     0  startup_stm32g474xx.o(.text)
    __aeabi_uldivmod                         0x08000215   Thumb Code    98  uldiv.o(.text)
    __aeabi_memcpy                           0x08000277   Thumb Code    36  memcpya.o(.text)
    __aeabi_memcpy4                          0x08000277   Thumb Code     0  memcpya.o(.text)
    __aeabi_memcpy8                          0x08000277   Thumb Code     0  memcpya.o(.text)
    __aeabi_memset                           0x0800029b   Thumb Code    14  memseta.o(.text)
    __aeabi_memset4                          0x0800029b   Thumb Code     0  memseta.o(.text)
    __aeabi_memset8                          0x0800029b   Thumb Code     0  memseta.o(.text)
    __aeabi_memclr                           0x080002a9   Thumb Code     4  memseta.o(.text)
    __aeabi_memclr4                          0x080002a9   Thumb Code     0  memseta.o(.text)
    __aeabi_memclr8                          0x080002a9   Thumb Code     0  memseta.o(.text)
    _memset$wrapper                          0x080002ad   Thumb Code    18  memseta.o(.text)
    __aeabi_llsl                             0x080002bf   Thumb Code    30  llshl.o(.text)
    _ll_shift_l                              0x080002bf   Thumb Code     0  llshl.o(.text)
    __aeabi_llsr                             0x080002dd   Thumb Code    32  llushr.o(.text)
    _ll_ushift_r                             0x080002dd   Thumb Code     0  llushr.o(.text)
    __scatterload                            0x080002fd   Thumb Code    28  init.o(.text)
    __scatterload_rt2                        0x080002fd   Thumb Code     0  init.o(.text)
    __decompress                             0x08000321   Thumb Code     0  __dczerorl2.o(.text)
    __decompress1                            0x08000321   Thumb Code    86  __dczerorl2.o(.text)
    BusFault_Handler                         0x08000377   Thumb Code     4  stm32g4xx_it.o(i.BusFault_Handler)
    DRV8301GPIOInitiate                      0x0800037d   Thumb Code   726  drv8301.o(i.DRV8301GPIOInitiate)
    DRV8301IDread                            0x08000665   Thumb Code    36  drv8301.o(i.DRV8301IDread)
    DRV8301Init                              0x08000699   Thumb Code   176  drv8301.o(i.DRV8301Init)
    DebugMon_Handler                         0x08000791   Thumb Code     2  stm32g4xx_it.o(i.DebugMon_Handler)
    HAL_DMA_Abort                            0x08000793   Thumb Code   118  stm32g4xx_hal_dma.o(i.HAL_DMA_Abort)
    HAL_DMA_Abort_IT                         0x08000809   Thumb Code   148  stm32g4xx_hal_dma.o(i.HAL_DMA_Abort_IT)
    HAL_GPIO_Init                            0x0800089d   Thumb Code   428  stm32g4xx_hal_gpio.o(i.HAL_GPIO_Init)
    HAL_GPIO_ReadPin                         0x08000a69   Thumb Code    16  stm32g4xx_hal_gpio.o(i.HAL_GPIO_ReadPin)
    HAL_GPIO_WritePin                        0x08000a79   Thumb Code    10  stm32g4xx_hal_gpio.o(i.HAL_GPIO_WritePin)
    HAL_GetREVID                             0x08000a85   Thumb Code     8  stm32g4xx_hal.o(i.HAL_GetREVID)
    HAL_GetTick                              0x08000a91   Thumb Code     6  stm32g4xx_hal.o(i.HAL_GetTick)
    HAL_IncTick                              0x08000a9d   Thumb Code    16  stm32g4xx_hal.o(i.HAL_IncTick)
    HAL_Init                                 0x08000ab5   Thumb Code    30  stm32g4xx_hal.o(i.HAL_Init)
    HAL_InitTick                             0x08000ad5   Thumb Code    74  stm32g4xx_hal.o(i.HAL_InitTick)
    HAL_MspInit                              0x08000b2d   Thumb Code     2  stm32g4xx_hal.o(i.HAL_MspInit)
    HAL_NVIC_EnableIRQ                       0x08000b2f   Thumb Code    40  stm32g4xx_hal_cortex.o(i.HAL_NVIC_EnableIRQ)
    HAL_NVIC_SetPriority                     0x08000b57   Thumb Code   122  stm32g4xx_hal_cortex.o(i.HAL_NVIC_SetPriority)
    HAL_NVIC_SetPriorityGrouping             0x08000bd1   Thumb Code    32  stm32g4xx_hal_cortex.o(i.HAL_NVIC_SetPriorityGrouping)
    HAL_PWREx_ControlVoltageScaling          0x08000bf9   Thumb Code   268  stm32g4xx_hal_pwr_ex.o(i.HAL_PWREx_ControlVoltageScaling)
    HAL_RCC_ClockConfig                      0x08000d11   Thumb Code   522  stm32g4xx_hal_rcc.o(i.HAL_RCC_ClockConfig)
    HAL_RCC_GetHCLKFreq                      0x08000f35   Thumb Code     6  stm32g4xx_hal_rcc.o(i.HAL_RCC_GetHCLKFreq)
    HAL_RCC_GetPCLK1Freq                     0x08000f41   Thumb Code    26  stm32g4xx_hal_rcc.o(i.HAL_RCC_GetPCLK1Freq)
    HAL_RCC_GetPCLK2Freq                     0x08000f65   Thumb Code    26  stm32g4xx_hal_rcc.o(i.HAL_RCC_GetPCLK2Freq)
    HAL_RCC_GetSysClockFreq                  0x08000f89   Thumb Code   138  stm32g4xx_hal_rcc.o(i.HAL_RCC_GetSysClockFreq)
    HAL_RCC_OscConfig                        0x08001021   Thumb Code  1370  stm32g4xx_hal_rcc.o(i.HAL_RCC_OscConfig)
    HAL_SPI_Transmit                         0x08001589   Thumb Code   546  stm32g4xx_hal_spi.o(i.HAL_SPI_Transmit)
    HAL_SPI_TransmitReceive                  0x080017ab   Thumb Code  1004  stm32g4xx_hal_spi.o(i.HAL_SPI_TransmitReceive)
    HAL_SYSTICK_CLKSourceConfig              0x08001b97   Thumb Code    40  stm32g4xx_hal_cortex.o(i.HAL_SYSTICK_CLKSourceConfig)
    HAL_SYSTICK_Config                       0x08001bbf   Thumb Code    52  stm32g4xx_hal_cortex.o(i.HAL_SYSTICK_Config)
    HAL_TIM_Base_Init                        0x08001bf3   Thumb Code   110  stm32g4xx_hal_tim.o(i.HAL_TIM_Base_Init)
    HAL_TIM_Base_MspInit                     0x08001c61   Thumb Code     2  stm32g4xx_hal_tim.o(i.HAL_TIM_Base_MspInit)
    HAL_TIM_Base_Start_IT                    0x08001c65   Thumb Code   146  stm32g4xx_hal_tim.o(i.HAL_TIM_Base_Start_IT)
    HAL_UARTEx_RxEventCallback               0x08001d19   Thumb Code     2  stm32g4xx_hal_uart.o(i.HAL_UARTEx_RxEventCallback)
    HAL_UARTEx_RxFifoFullCallback            0x08001d1b   Thumb Code     2  stm32g4xx_hal_uart_ex.o(i.HAL_UARTEx_RxFifoFullCallback)
    HAL_UARTEx_TxFifoEmptyCallback           0x08001d1d   Thumb Code     2  stm32g4xx_hal_uart_ex.o(i.HAL_UARTEx_TxFifoEmptyCallback)
    HAL_UARTEx_WakeupCallback                0x08001d1f   Thumb Code     2  stm32g4xx_hal_uart_ex.o(i.HAL_UARTEx_WakeupCallback)
    HAL_UART_ErrorCallback                   0x08001d21   Thumb Code     2  stm32g4xx_hal_uart.o(i.HAL_UART_ErrorCallback)
    HAL_UART_IRQHandler                      0x08001d25   Thumb Code   898  stm32g4xx_hal_uart.o(i.HAL_UART_IRQHandler)
    HAL_UART_Init                            0x080020b5   Thumb Code   120  stm32g4xx_hal_uart.o(i.HAL_UART_Init)
    HAL_UART_MspInit                         0x0800212d   Thumb Code   170  usart.o(i.HAL_UART_MspInit)
    HAL_UART_Receive_IT                      0x080021e5   Thumb Code   110  stm32g4xx_hal_uart.o(i.HAL_UART_Receive_IT)
    HAL_UART_RxCpltCallback                  0x08002259   Thumb Code   134  usart.o(i.HAL_UART_RxCpltCallback)
    HAL_UART_TxCpltCallback                  0x080022f5   Thumb Code     2  stm32g4xx_hal_uart.o(i.HAL_UART_TxCpltCallback)
    HardFault_Handler                        0x080022f7   Thumb Code     4  stm32g4xx_it.o(i.HardFault_Handler)
    MemManage_Handler                        0x080022fb   Thumb Code     4  stm32g4xx_it.o(i.MemManage_Handler)
    NMI_Handler                              0x080022ff   Thumb Code     2  stm32g4xx_it.o(i.NMI_Handler)
    PendSV_Handler                           0x08002301   Thumb Code     2  stm32g4xx_it.o(i.PendSV_Handler)
    SVC_Handler                              0x080025a1   Thumb Code     2  stm32g4xx_it.o(i.SVC_Handler)
    SysTick_Handler                          0x080025a3   Thumb Code     8  stm32g4xx_it.o(i.SysTick_Handler)
    SystemInit                               0x080025ad   Thumb Code    14  system_stm32g4xx.o(i.SystemInit)
    TIM4_IRQHandler                          0x080025c1   Thumb Code    58  usmart_port.o(i.TIM4_IRQHandler)
    TIM_Base_SetConfig                       0x08002605   Thumb Code   188  stm32g4xx_hal_tim.o(i.TIM_Base_SetConfig)
    UART_AdvFeatureConfig                    0x080026e5   Thumb Code   248  stm32g4xx_hal_uart.o(i.UART_AdvFeatureConfig)
    UART_CheckIdleState                      0x080027dd   Thumb Code   118  stm32g4xx_hal_uart.o(i.UART_CheckIdleState)
    UART_SetConfig                           0x08002e3d   Thumb Code   922  stm32g4xx_hal_uart.o(i.UART_SetConfig)
    UART_Start_Receive_IT                    0x08003205   Thumb Code   352  stm32g4xx_hal_uart.o(i.UART_Start_Receive_IT)
    UART_WaitOnFlagUntilTimeout              0x08003375   Thumb Code   254  stm32g4xx_hal_uart.o(i.UART_WaitOnFlagUntilTimeout)
    USART1_IRQHandler                        0x08003475   Thumb Code    10  usart.o(i.USART1_IRQHandler)
    UsageFault_Handler                       0x08003485   Thumb Code     4  stm32g4xx_it.o(i.UsageFault_Handler)
    __0printf$8                              0x08003489   Thumb Code    22  printf8.o(i.__0printf$8)
    __1printf$8                              0x08003489   Thumb Code     0  printf8.o(i.__0printf$8)
    __2printf                                0x08003489   Thumb Code     0  printf8.o(i.__0printf$8)
    __scatterload_copy                       0x080034e1   Thumb Code    14  handlers.o(i.__scatterload_copy)
    __scatterload_null                       0x080034ef   Thumb Code     2  handlers.o(i.__scatterload_null)
    __scatterload_zeroinit                   0x080034f1   Thumb Code    14  handlers.o(i.__scatterload_zeroinit)
    chipselect                               0x08003957   Thumb Code    34  drv8301.o(i.chipselect)
    delay_init                               0x08003979   Thumb Code    16  delay.o(i.delay_init)
    delay_ms                                 0x0800398d   Thumb Code    18  delay.o(i.delay_ms)
    delay_us                                 0x080039a1   Thumb Code    68  delay.o(i.delay_us)
    enablegate                               0x080039e9   Thumb Code    74  drv8301.o(i.enablegate)
    fputc                                    0x08003a3d   Thumb Code    24  usart.o(i.fputc)
    lcd_address_set                          0x08003a59   Thumb Code    82  lcd.o(i.lcd_address_set)
    lcd_clear                                0x08003aad   Thumb Code   108  lcd.o(i.lcd_clear)
    lcd_draw_circle                          0x08003b21   Thumb Code   198  lcd.o(i.lcd_draw_circle)
    lcd_draw_line                            0x08003be9   Thumb Code   280  lcd.o(i.lcd_draw_line)
    lcd_draw_point                           0x08003d0d   Thumb Code    28  lcd.o(i.lcd_draw_point)
    lcd_draw_rectangle                       0x08003d29   Thumb Code    74  lcd.o(i.lcd_draw_rectangle)
    lcd_fill                                 0x08003d75   Thumb Code   148  lcd.o(i.lcd_fill)
    lcd_show_char                            0x08003e29   Thumb Code   500  lcd.o(i.lcd_show_char)
    lcd_show_num                             0x08004031   Thumb Code   152  lcd.o(i.lcd_show_num)
    lcd_show_string                          0x080040c9   Thumb Code   106  lcd.o(i.lcd_show_string)
    lcd_show_xnum                            0x08004133   Thumb Code   198  lcd.o(i.lcd_show_xnum)
    lcd_write_halfword                       0x080042a5   Thumb Code    44  lcd.o(i.lcd_write_halfword)
    main                                     0x080042d5   Thumb Code   102  main.o(i.main)
    norflash_erase_chip                      0x0800434d   Thumb Code    60  norflash.o(i.norflash_erase_chip)
    norflash_erase_sector                    0x0800438d   Thumb Code    70  norflash.o(i.norflash_erase_sector)
    norflash_read_id                         0x080043d9   Thumb Code    84  norflash.o(i.norflash_read_id)
    norflash_read_sr                         0x08004431   Thumb Code    96  norflash.o(i.norflash_read_sr)
    norflash_write_enable                    0x080044dd   Thumb Code    48  norflash.o(i.norflash_write_enable)
    read_addr                                0x08004511   Thumb Code     6  usmart.o(i.read_addr)
    spi1_read_write_byte                     0x08004519   Thumb Code    28  spi.o(i.spi1_read_write_byte)
    spi1_write_data                          0x08004539   Thumb Code    22  spi.o(i.spi1_write_data)
    spi3init                                 0x08004555   Thumb Code   244  drv8301.o(i.spi3init)
    spi3readword                             0x0800464d   Thumb Code    64  drv8301.o(i.spi3readword)
    spi3sck                                  0x0800468d   Thumb Code    34  drv8301.o(i.spi3sck)
    spi3writeword                            0x080046af   Thumb Code    90  drv8301.o(i.spi3writeword)
    sw_lcd_mode                              0x08004709   Thumb Code    72  norflash.o(i.sw_lcd_mode)
    sw_spiflash_mode                         0x08004759   Thumb Code    76  norflash.o(i.sw_spiflash_mode)
    sys_stm32_clock_init                     0x080047ad   Thumb Code   178  sys.o(i.sys_stm32_clock_init)
    usart_init                               0x08004869   Thumb Code    44  usart.o(i.usart_init)
    usmart_cmd_rec                           0x080048a1   Thumb Code   170  usmart.o(i.usmart_cmd_rec)
    usmart_exe                               0x08004951   Thumb Code   632  usmart.o(i.usmart_exe)
    usmart_get_aparm                         0x08004c25   Thumb Code   212  usmart_str.o(i.usmart_get_aparm)
    usmart_get_cmdname                       0x08004cf9   Thumb Code    54  usmart_str.o(i.usmart_get_cmdname)
    usmart_get_fname                         0x08004d31   Thumb Code   440  usmart_str.o(i.usmart_get_fname)
    usmart_get_fparam                        0x08004ef1   Thumb Code   262  usmart_str.o(i.usmart_get_fparam)
    usmart_get_input_string                  0x08004ffd   Thumb Code    30  usmart_port.o(i.usmart_get_input_string)
    usmart_get_parmpos                       0x08005025   Thumb Code    26  usmart_str.o(i.usmart_get_parmpos)
    usmart_init                              0x08005045   Thumb Code    36  usmart.o(i.usmart_init)
    usmart_pow                               0x0800506d   Thumb Code    22  usmart_str.o(i.usmart_pow)
    usmart_scan                              0x08005085   Thumb Code   106  usmart.o(i.usmart_scan)
    usmart_search_nextc                      0x0800512d   Thumb Code    22  usmart_str.o(i.usmart_search_nextc)
    usmart_str2num                           0x08005143   Thumb Code   262  usmart_str.o(i.usmart_str2num)
    usmart_strcmp                            0x08005249   Thumb Code    34  usmart_str.o(i.usmart_strcmp)
    usmart_strcopy                           0x0800526b   Thumb Code    22  usmart_str.o(i.usmart_strcopy)
    usmart_strlen                            0x08005281   Thumb Code    24  usmart_str.o(i.usmart_strlen)
    usmart_sys_cmd_exe                       0x08005299   Thumb Code  1570  usmart.o(i.usmart_sys_cmd_exe)
    usmart_timx_get_time                     0x0800598d   Thumb Code    58  usmart_port.o(i.usmart_timx_get_time)
    usmart_timx_init                         0x080059d1   Thumb Code    84  usmart_port.o(i.usmart_timx_init)
    usmart_timx_reset_time                   0x08005a31   Thumb Code    44  usmart_port.o(i.usmart_timx_reset_time)
    write_addr                               0x08005a65   Thumb Code     4  usmart.o(i.write_addr)
    AHBPrescTable                            0x08005a7c   Data          16  system_stm32g4xx.o(.constdata)
    APBPrescTable                            0x08005a8c   Data           8  system_stm32g4xx.o(.constdata)
    UARTPrescTable                           0x08005a94   Data          24  stm32g4xx_hal_uart.o(.constdata)
    asc2_1206                                0x08005aac   Data        1140  lcd.o(.constdata)
    asc2_1608                                0x08005f20   Data        1520  lcd.o(.constdata)
    asc2_2412                                0x08006510   Data        4560  lcd.o(.constdata)
    asc2_3216                                0x080076e0   Data       12160  lcd.o(.constdata)
    Region$$Table$$Base                      0x0800aa7c   Number         0  anon$$obj.o(Region$$Table)
    Region$$Table$$Limit                     0x0800aa9c   Number         0  anon$$obj.o(Region$$Table)
    SystemCoreClock                          0x20000000   Data           4  system_stm32g4xx.o(.data)
    __stdout                                 0x20000008   Data           4  usart.o(.data)
    g_usart_rx_sta                           0x2000000c   Data           2  usart.o(.data)
    g_rx_buffer                              0x2000000e   Data           1  usart.o(.data)
    uwTick                                   0x20000010   Data           4  stm32g4xx_hal.o(.data)
    uwTickPrio                               0x20000014   Data           4  stm32g4xx_hal.o(.data)
    uwTickFreq                               0x20000018   Data           4  stm32g4xx_hal.o(.data)
    g_point_color                            0x2000001c   Data           2  lcd.o(.data)
    g_back_color                             0x2000001e   Data           2  lcd.o(.data)
    g_norflash_type                          0x20000020   Data           2  norflash.o(.data)
    sys_cmd_tab                              0x20000024   Data          28  usmart.o(.data)
    usmart_nametab                           0x20000040   Data         128  usmart_config.o(.data)
    usmart_dev                               0x200000c0   Data         244  usmart_config.o(.data)
    g_usart_rx_buf                           0x200001b4   Data         200  usart.o(.bss)
    g_uart1_handle                           0x2000027c   Data         144  usart.o(.bss)
    g_spi1_handler                           0x2000300c   Data         100  spi.o(.bss)
    g_spi4_handler                           0x20003070   Data         100  spi.o(.bss)
    g_timx_usmart_handle                     0x200030d4   Data          76  usmart_port.o(.bss)
    __initial_sp                             0x20003520   Data           0  startup_stm32g474xx.o(STACK)



==============================================================================

Memory Map of the image

  Image Entry point : 0x080001d9

  Load Region LR_IROM1 (Base: 0x08000000, Size: 0x0000ac50, Max: 0x00080000, ABSOLUTE, COMPRESSED[0x0000ab44])

    Execution Region ER_IROM1 (Exec base: 0x08000000, Load base: 0x08000000, Size: 0x0000aa9c, Max: 0x00080000, ABSOLUTE)

    Exec Addr    Load Addr    Size         Type   Attr      Idx    E Section Name        Object

    0x08000000   0x08000000   0x000001d8   Data   RO            3    RESET               startup_stm32g474xx.o
    0x080001d8   0x080001d8   0x00000000   Code   RO         5011  * .ARM.Collect$$$$00000000  mc_w.l(entry.o)
    0x080001d8   0x080001d8   0x00000004   Code   RO         5283    .ARM.Collect$$$$00000001  mc_w.l(entry2.o)
    0x080001dc   0x080001dc   0x00000004   Code   RO         5286    .ARM.Collect$$$$00000004  mc_w.l(entry5.o)
    0x080001e0   0x080001e0   0x00000000   Code   RO         5288    .ARM.Collect$$$$00000008  mc_w.l(entry7b.o)
    0x080001e0   0x080001e0   0x00000000   Code   RO         5290    .ARM.Collect$$$$0000000A  mc_w.l(entry8b.o)
    0x080001e0   0x080001e0   0x00000008   Code   RO         5291    .ARM.Collect$$$$0000000B  mc_w.l(entry9a.o)
    0x080001e8   0x080001e8   0x00000004   Code   RO         5298    .ARM.Collect$$$$0000000E  mc_w.l(entry12b.o)
    0x080001ec   0x080001ec   0x00000000   Code   RO         5293    .ARM.Collect$$$$0000000F  mc_w.l(entry10a.o)
    0x080001ec   0x080001ec   0x00000000   Code   RO         5295    .ARM.Collect$$$$00000011  mc_w.l(entry11a.o)
    0x080001ec   0x080001ec   0x00000004   Code   RO         5284    .ARM.Collect$$$$00002712  mc_w.l(entry2.o)
    0x080001f0   0x080001f0   0x00000024   Code   RO            4    .text               startup_stm32g474xx.o
    0x08000214   0x08000214   0x00000062   Code   RO         5014    .text               mc_w.l(uldiv.o)
    0x08000276   0x08000276   0x00000024   Code   RO         5016    .text               mc_w.l(memcpya.o)
    0x0800029a   0x0800029a   0x00000024   Code   RO         5018    .text               mc_w.l(memseta.o)
    0x080002be   0x080002be   0x0000001e   Code   RO         5301    .text               mc_w.l(llshl.o)
    0x080002dc   0x080002dc   0x00000020   Code   RO         5303    .text               mc_w.l(llushr.o)
    0x080002fc   0x080002fc   0x00000024   Code   RO         5316    .text               mc_w.l(init.o)
    0x08000320   0x08000320   0x00000056   Code   RO         5330    .text               mc_w.l(__dczerorl2.o)
    0x08000376   0x08000376   0x00000004   Code   RO          292    i.BusFault_Handler  stm32g4xx_it.o
    0x0800037a   0x0800037a   0x00000002   PAD
    0x0800037c   0x0800037c   0x000002e8   Code   RO         4704    i.DRV8301GPIOInitiate  drv8301.o
    0x08000664   0x08000664   0x00000034   Code   RO         4705    i.DRV8301IDread     drv8301.o
    0x08000698   0x08000698   0x000000f8   Code   RO         4706    i.DRV8301Init       drv8301.o
    0x08000790   0x08000790   0x00000002   Code   RO          293    i.DebugMon_Handler  stm32g4xx_it.o
    0x08000792   0x08000792   0x00000076   Code   RO          975    i.HAL_DMA_Abort     stm32g4xx_hal_dma.o
    0x08000808   0x08000808   0x00000094   Code   RO          976    i.HAL_DMA_Abort_IT  stm32g4xx_hal_dma.o
    0x0800089c   0x0800089c   0x000001cc   Code   RO         1080    i.HAL_GPIO_Init     stm32g4xx_hal_gpio.o
    0x08000a68   0x08000a68   0x00000010   Code   RO         1082    i.HAL_GPIO_ReadPin  stm32g4xx_hal_gpio.o
    0x08000a78   0x08000a78   0x0000000a   Code   RO         1084    i.HAL_GPIO_WritePin  stm32g4xx_hal_gpio.o
    0x08000a82   0x08000a82   0x00000002   PAD
    0x08000a84   0x08000a84   0x0000000c   Code   RO          608    i.HAL_GetREVID      stm32g4xx_hal.o
    0x08000a90   0x08000a90   0x0000000c   Code   RO          609    i.HAL_GetTick       stm32g4xx_hal.o
    0x08000a9c   0x08000a9c   0x00000018   Code   RO          612    i.HAL_IncTick       stm32g4xx_hal.o
    0x08000ab4   0x08000ab4   0x0000001e   Code   RO          613    i.HAL_Init          stm32g4xx_hal.o
    0x08000ad2   0x08000ad2   0x00000002   PAD
    0x08000ad4   0x08000ad4   0x00000058   Code   RO          614    i.HAL_InitTick      stm32g4xx_hal.o
    0x08000b2c   0x08000b2c   0x00000002   Code   RO          616    i.HAL_MspInit       stm32g4xx_hal.o
    0x08000b2e   0x08000b2e   0x00000028   Code   RO          837    i.HAL_NVIC_EnableIRQ  stm32g4xx_hal_cortex.o
    0x08000b56   0x08000b56   0x0000007a   Code   RO          843    i.HAL_NVIC_SetPriority  stm32g4xx_hal_cortex.o
    0x08000bd0   0x08000bd0   0x00000028   Code   RO          844    i.HAL_NVIC_SetPriorityGrouping  stm32g4xx_hal_cortex.o
    0x08000bf8   0x08000bf8   0x00000118   Code   RO         1794    i.HAL_PWREx_ControlVoltageScaling  stm32g4xx_hal_pwr_ex.o
    0x08000d10   0x08000d10   0x00000224   Code   RO         1144    i.HAL_RCC_ClockConfig  stm32g4xx_hal_rcc.o
    0x08000f34   0x08000f34   0x0000000c   Code   RO         1150    i.HAL_RCC_GetHCLKFreq  stm32g4xx_hal_rcc.o
    0x08000f40   0x08000f40   0x00000024   Code   RO         1152    i.HAL_RCC_GetPCLK1Freq  stm32g4xx_hal_rcc.o
    0x08000f64   0x08000f64   0x00000024   Code   RO         1153    i.HAL_RCC_GetPCLK2Freq  stm32g4xx_hal_rcc.o
    0x08000f88   0x08000f88   0x00000098   Code   RO         1154    i.HAL_RCC_GetSysClockFreq  stm32g4xx_hal_rcc.o
    0x08001020   0x08001020   0x00000568   Code   RO         1157    i.HAL_RCC_OscConfig  stm32g4xx_hal_rcc.o
    0x08001588   0x08001588   0x00000222   Code   RO         2720    i.HAL_SPI_Transmit  stm32g4xx_hal_spi.o
    0x080017aa   0x080017aa   0x000003ec   Code   RO         2721    i.HAL_SPI_TransmitReceive  stm32g4xx_hal_spi.o
    0x08001b96   0x08001b96   0x00000028   Code   RO          846    i.HAL_SYSTICK_CLKSourceConfig  stm32g4xx_hal_cortex.o
    0x08001bbe   0x08001bbe   0x00000034   Code   RO          848    i.HAL_SYSTICK_Config  stm32g4xx_hal_cortex.o
    0x08001bf2   0x08001bf2   0x0000006e   Code   RO         3074    i.HAL_TIM_Base_Init  stm32g4xx_hal_tim.o
    0x08001c60   0x08001c60   0x00000002   Code   RO         3076    i.HAL_TIM_Base_MspInit  stm32g4xx_hal_tim.o
    0x08001c62   0x08001c62   0x00000002   PAD
    0x08001c64   0x08001c64   0x000000b4   Code   RO         3079    i.HAL_TIM_Base_Start_IT  stm32g4xx_hal_tim.o
    0x08001d18   0x08001d18   0x00000002   Code   RO         2042    i.HAL_UARTEx_RxEventCallback  stm32g4xx_hal_uart.o
    0x08001d1a   0x08001d1a   0x00000002   Code   RO         2591    i.HAL_UARTEx_RxFifoFullCallback  stm32g4xx_hal_uart_ex.o
    0x08001d1c   0x08001d1c   0x00000002   Code   RO         2595    i.HAL_UARTEx_TxFifoEmptyCallback  stm32g4xx_hal_uart_ex.o
    0x08001d1e   0x08001d1e   0x00000002   Code   RO         2596    i.HAL_UARTEx_WakeupCallback  stm32g4xx_hal_uart_ex.o
    0x08001d20   0x08001d20   0x00000002   Code   RO         2058    i.HAL_UART_ErrorCallback  stm32g4xx_hal_uart.o
    0x08001d22   0x08001d22   0x00000002   PAD
    0x08001d24   0x08001d24   0x00000390   Code   RO         2061    i.HAL_UART_IRQHandler  stm32g4xx_hal_uart.o
    0x080020b4   0x080020b4   0x00000078   Code   RO         2062    i.HAL_UART_Init     stm32g4xx_hal_uart.o
    0x0800212c   0x0800212c   0x000000b8   Code   RO          521    i.HAL_UART_MspInit  usart.o
    0x080021e4   0x080021e4   0x00000074   Code   RO         2067    i.HAL_UART_Receive_IT  stm32g4xx_hal_uart.o
    0x08002258   0x08002258   0x0000009c   Code   RO          522    i.HAL_UART_RxCpltCallback  usart.o
    0x080022f4   0x080022f4   0x00000002   Code   RO         2074    i.HAL_UART_TxCpltCallback  stm32g4xx_hal_uart.o
    0x080022f6   0x080022f6   0x00000004   Code   RO          294    i.HardFault_Handler  stm32g4xx_it.o
    0x080022fa   0x080022fa   0x00000004   Code   RO          295    i.MemManage_Handler  stm32g4xx_it.o
    0x080022fe   0x080022fe   0x00000002   Code   RO          296    i.NMI_Handler       stm32g4xx_it.o
    0x08002300   0x08002300   0x00000002   Code   RO          297    i.PendSV_Handler    stm32g4xx_it.o
    0x08002302   0x08002302   0x00000002   PAD
    0x08002304   0x08002304   0x00000068   Code   RO         1158    i.RCC_GetSysClockFreqFromPLLSource  stm32g4xx_hal_rcc.o
    0x0800236c   0x0800236c   0x00000064   Code   RO         2752    i.SPI_EndRxTxTransaction  stm32g4xx_hal_spi.o
    0x080023d0   0x080023d0   0x000000f8   Code   RO         2759    i.SPI_WaitFifoStateUntilTimeout  stm32g4xx_hal_spi.o
    0x080024c8   0x080024c8   0x000000d8   Code   RO         2760    i.SPI_WaitFlagStateUntilTimeout  stm32g4xx_hal_spi.o
    0x080025a0   0x080025a0   0x00000002   Code   RO          298    i.SVC_Handler       stm32g4xx_it.o
    0x080025a2   0x080025a2   0x00000008   Code   RO          299    i.SysTick_Handler   stm32g4xx_it.o
    0x080025aa   0x080025aa   0x00000002   PAD
    0x080025ac   0x080025ac   0x00000014   Code   RO          368    i.SystemInit        system_stm32g4xx.o
    0x080025c0   0x080025c0   0x00000044   Code   RO         4879    i.TIM4_IRQHandler   usmart_port.o
    0x08002604   0x08002604   0x000000e0   Code   RO         3167    i.TIM_Base_SetConfig  stm32g4xx_hal_tim.o
    0x080026e4   0x080026e4   0x000000f8   Code   RO         2076    i.UART_AdvFeatureConfig  stm32g4xx_hal_uart.o
    0x080027dc   0x080027dc   0x00000076   Code   RO         2077    i.UART_CheckIdleState  stm32g4xx_hal_uart.o
    0x08002852   0x08002852   0x00000018   Code   RO         2078    i.UART_DMAAbortOnError  stm32g4xx_hal_uart.o
    0x0800286a   0x0800286a   0x00000002   PAD
    0x0800286c   0x0800286c   0x0000006c   Code   RO         2088    i.UART_EndRxTransfer  stm32g4xx_hal_uart.o
    0x080028d8   0x080028d8   0x00000030   Code   RO         2089    i.UART_EndTransmit_IT  stm32g4xx_hal_uart.o
    0x08002908   0x08002908   0x000000d2   Code   RO         2091    i.UART_RxISR_16BIT  stm32g4xx_hal_uart.o
    0x080029da   0x080029da   0x00000002   PAD
    0x080029dc   0x080029dc   0x000001c8   Code   RO         2092    i.UART_RxISR_16BIT_FIFOEN  stm32g4xx_hal_uart.o
    0x08002ba4   0x08002ba4   0x000000ce   Code   RO         2093    i.UART_RxISR_8BIT   stm32g4xx_hal_uart.o
    0x08002c72   0x08002c72   0x00000002   PAD
    0x08002c74   0x08002c74   0x000001c8   Code   RO         2094    i.UART_RxISR_8BIT_FIFOEN  stm32g4xx_hal_uart.o
    0x08002e3c   0x08002e3c   0x000003c8   Code   RO         2095    i.UART_SetConfig    stm32g4xx_hal_uart.o
    0x08003204   0x08003204   0x00000170   Code   RO         2097    i.UART_Start_Receive_IT  stm32g4xx_hal_uart.o
    0x08003374   0x08003374   0x000000fe   Code   RO         2102    i.UART_WaitOnFlagUntilTimeout  stm32g4xx_hal_uart.o
    0x08003472   0x08003472   0x00000002   PAD
    0x08003474   0x08003474   0x00000010   Code   RO          523    i.USART1_IRQHandler  usart.o
    0x08003484   0x08003484   0x00000004   Code   RO          300    i.UsageFault_Handler  stm32g4xx_it.o
    0x08003488   0x08003488   0x00000020   Code   RO         5229    i.__0printf$8       mc_w.l(printf8.o)
    0x080034a8   0x080034a8   0x00000010   Code   RO          850    i.__NVIC_GetPriorityGrouping  stm32g4xx_hal_cortex.o
    0x080034b8   0x080034b8   0x00000028   Code   RO          851    i.__NVIC_SetPriority  stm32g4xx_hal_cortex.o
    0x080034e0   0x080034e0   0x0000000e   Code   RO         5324    i.__scatterload_copy  mc_w.l(handlers.o)
    0x080034ee   0x080034ee   0x00000002   Code   RO         5325    i.__scatterload_null  mc_w.l(handlers.o)
    0x080034f0   0x080034f0   0x0000000e   Code   RO         5326    i.__scatterload_zeroinit  mc_w.l(handlers.o)
    0x080034fe   0x080034fe   0x00000002   PAD
    0x08003500   0x08003500   0x00000404   Code   RO         5236    i._printf_core      mc_w.l(printf8.o)
    0x08003904   0x08003904   0x00000024   Code   RO         5237    i._printf_post_padding  mc_w.l(printf8.o)
    0x08003928   0x08003928   0x0000002e   Code   RO         5238    i._printf_pre_padding  mc_w.l(printf8.o)
    0x08003956   0x08003956   0x00000022   Code   RO         4707    i.chipselect        drv8301.o
    0x08003978   0x08003978   0x00000014   Code   RO          405    i.delay_init        delay.o
    0x0800398c   0x0800398c   0x00000012   Code   RO          406    i.delay_ms          delay.o
    0x0800399e   0x0800399e   0x00000002   PAD
    0x080039a0   0x080039a0   0x00000048   Code   RO          407    i.delay_us          delay.o
    0x080039e8   0x080039e8   0x00000054   Code   RO         4708    i.enablegate        drv8301.o
    0x08003a3c   0x08003a3c   0x0000001c   Code   RO          527    i.fputc             usart.o
    0x08003a58   0x08003a58   0x00000052   Code   RO         4255    i.lcd_address_set   lcd.o
    0x08003aaa   0x08003aaa   0x00000002   PAD
    0x08003aac   0x08003aac   0x00000074   Code   RO         4256    i.lcd_clear         lcd.o
    0x08003b20   0x08003b20   0x000000c6   Code   RO         4259    i.lcd_draw_circle   lcd.o
    0x08003be6   0x08003be6   0x00000002   PAD
    0x08003be8   0x08003be8   0x00000124   Code   RO         4261    i.lcd_draw_line     lcd.o
    0x08003d0c   0x08003d0c   0x0000001c   Code   RO         4262    i.lcd_draw_point    lcd.o
    0x08003d28   0x08003d28   0x0000004a   Code   RO         4263    i.lcd_draw_rectangle  lcd.o
    0x08003d72   0x08003d72   0x00000002   PAD
    0x08003d74   0x08003d74   0x0000009c   Code   RO         4264    i.lcd_fill          lcd.o
    0x08003e10   0x08003e10   0x00000016   Code   RO         4267    i.lcd_pow           lcd.o
    0x08003e26   0x08003e26   0x00000002   PAD
    0x08003e28   0x08003e28   0x00000208   Code   RO         4268    i.lcd_show_char     lcd.o
    0x08004030   0x08004030   0x00000098   Code   RO         4270    i.lcd_show_num      lcd.o
    0x080040c8   0x080040c8   0x0000006a   Code   RO         4271    i.lcd_show_string   lcd.o
    0x08004132   0x08004132   0x000000c6   Code   RO         4272    i.lcd_show_xnum     lcd.o
    0x080041f8   0x080041f8   0x0000006c   Code   RO         4273    i.lcd_spi_send      lcd.o
    0x08004264   0x08004264   0x00000020   Code   RO         4274    i.lcd_write_cmd     lcd.o
    0x08004284   0x08004284   0x00000020   Code   RO         4275    i.lcd_write_data    lcd.o
    0x080042a4   0x080042a4   0x00000030   Code   RO         4276    i.lcd_write_halfword  lcd.o
    0x080042d4   0x080042d4   0x00000078   Code   RO           13    i.main              main.o
    0x0800434c   0x0800434c   0x00000040   Code   RO         4523    i.norflash_erase_chip  norflash.o
    0x0800438c   0x0800438c   0x0000004c   Code   RO         4524    i.norflash_erase_sector  norflash.o
    0x080043d8   0x080043d8   0x00000058   Code   RO         4527    i.norflash_read_id  norflash.o
    0x08004430   0x08004430   0x00000064   Code   RO         4528    i.norflash_read_sr  norflash.o
    0x08004494   0x08004494   0x00000034   Code   RO         4529    i.norflash_send_address  norflash.o
    0x080044c8   0x080044c8   0x00000014   Code   RO         4530    i.norflash_wait_busy  norflash.o
    0x080044dc   0x080044dc   0x00000034   Code   RO         4532    i.norflash_write_enable  norflash.o
    0x08004510   0x08004510   0x00000006   Code   RO         4776    i.read_addr         usmart.o
    0x08004516   0x08004516   0x00000002   PAD
    0x08004518   0x08004518   0x00000020   Code   RO         4416    i.spi1_read_write_byte  spi.o
    0x08004538   0x08004538   0x0000001c   Code   RO         4418    i.spi1_write_data   spi.o
    0x08004554   0x08004554   0x000000f8   Code   RO         4709    i.spi3init          drv8301.o
    0x0800464c   0x0800464c   0x00000040   Code   RO         4710    i.spi3readword      drv8301.o
    0x0800468c   0x0800468c   0x00000022   Code   RO         4711    i.spi3sck           drv8301.o
    0x080046ae   0x080046ae   0x0000005a   Code   RO         4712    i.spi3writeword     drv8301.o
    0x08004708   0x08004708   0x00000050   Code   RO         4536    i.sw_lcd_mode       norflash.o
    0x08004758   0x08004758   0x00000054   Code   RO         4537    i.sw_spiflash_mode  norflash.o
    0x080047ac   0x080047ac   0x000000bc   Code   RO          454    i.sys_stm32_clock_init  sys.o
    0x08004868   0x08004868   0x00000038   Code   RO          528    i.usart_init        usart.o
    0x080048a0   0x080048a0   0x000000b0   Code   RO         4777    i.usmart_cmd_rec    usmart.o
    0x08004950   0x08004950   0x000002d4   Code   RO         4778    i.usmart_exe        usmart.o
    0x08004c24   0x08004c24   0x000000d4   Code   RO         4930    i.usmart_get_aparm  usmart_str.o
    0x08004cf8   0x08004cf8   0x00000036   Code   RO         4931    i.usmart_get_cmdname  usmart_str.o
    0x08004d2e   0x08004d2e   0x00000002   PAD
    0x08004d30   0x08004d30   0x000001c0   Code   RO         4932    i.usmart_get_fname  usmart_str.o
    0x08004ef0   0x08004ef0   0x0000010c   Code   RO         4933    i.usmart_get_fparam  usmart_str.o
    0x08004ffc   0x08004ffc   0x00000028   Code   RO         4880    i.usmart_get_input_string  usmart_port.o
    0x08005024   0x08005024   0x00000020   Code   RO         4934    i.usmart_get_parmpos  usmart_str.o
    0x08005044   0x08005044   0x00000028   Code   RO         4779    i.usmart_init       usmart.o
    0x0800506c   0x0800506c   0x00000016   Code   RO         4935    i.usmart_pow        usmart_str.o
    0x08005082   0x08005082   0x00000002   PAD
    0x08005084   0x08005084   0x000000a8   Code   RO         4780    i.usmart_scan       usmart.o
    0x0800512c   0x0800512c   0x00000016   Code   RO         4936    i.usmart_search_nextc  usmart_str.o
    0x08005142   0x08005142   0x00000106   Code   RO         4937    i.usmart_str2num    usmart_str.o
    0x08005248   0x08005248   0x00000022   Code   RO         4938    i.usmart_strcmp     usmart_str.o
    0x0800526a   0x0800526a   0x00000016   Code   RO         4939    i.usmart_strcopy    usmart_str.o
    0x08005280   0x08005280   0x00000018   Code   RO         4940    i.usmart_strlen     usmart_str.o
    0x08005298   0x08005298   0x000006f4   Code   RO         4781    i.usmart_sys_cmd_exe  usmart.o
    0x0800598c   0x0800598c   0x00000044   Code   RO         4881    i.usmart_timx_get_time  usmart_port.o
    0x080059d0   0x080059d0   0x00000060   Code   RO         4882    i.usmart_timx_init  usmart_port.o
    0x08005a30   0x08005a30   0x00000034   Code   RO         4883    i.usmart_timx_reset_time  usmart_port.o
    0x08005a64   0x08005a64   0x00000004   Code   RO         4782    i.write_addr        usmart.o
    0x08005a68   0x08005a68   0x00000014   Data   RO           14    .constdata          main.o
    0x08005a7c   0x08005a7c   0x00000018   Data   RO          369    .constdata          system_stm32g4xx.o
    0x08005a94   0x08005a94   0x00000018   Data   RO         2103    .constdata          stm32g4xx_hal_uart.o
    0x08005aac   0x08005aac   0x00004bb4   Data   RO         4278    .constdata          lcd.o
    0x0800a660   0x0800a660   0x00000028   Data   RO         4783    .conststring        usmart.o
    0x0800a688   0x0800a688   0x000003f4   Data   RO         4850    .conststring        usmart_config.o
    0x0800aa7c   0x0800aa7c   0x00000020   Data   RO         5322    Region$$Table       anon$$obj.o


    Execution Region RW_IRAM1 (Exec base: 0x20000000, Load base: 0x0800aa9c, Size: 0x00003520, Max: 0x00020000, ABSOLUTE, COMPRESSED[0x000000a8])

    Exec Addr    Load Addr    Size         Type   Attr      Idx    E Section Name        Object

    0x20000000   COMPRESSED   0x00000004   Data   RW          370    .data               system_stm32g4xx.o
    0x20000004   COMPRESSED   0x00000004   Data   RW          408    .data               delay.o
    0x20000008   COMPRESSED   0x00000007   Data   RW          530    .data               usart.o
    0x2000000f   COMPRESSED   0x00000001   PAD
    0x20000010   COMPRESSED   0x0000000c   Data   RW          633    .data               stm32g4xx_hal.o
    0x2000001c   COMPRESSED   0x00000004   Data   RW         4279    .data               lcd.o
    0x20000020   COMPRESSED   0x00000002   Data   RW         4539    .data               norflash.o
    0x20000022   COMPRESSED   0x00000002   PAD
    0x20000024   COMPRESSED   0x0000001c   Data   RW         4784    .data               usmart.o
    0x20000040   COMPRESSED   0x00000174   Data   RW         4851    .data               usmart_config.o
    0x200001b4        -       0x00000158   Zero   RW          529    .bss                usart.o
    0x2000030c        -       0x00002d00   Zero   RW         4277    .bss                lcd.o
    0x2000300c        -       0x000000c8   Zero   RW         4423    .bss                spi.o
    0x200030d4        -       0x0000004c   Zero   RW         4884    .bss                usmart_port.o
    0x20003120        -       0x00000400   Zero   RW            1    STACK               startup_stm32g474xx.o


==============================================================================

Image component sizes


      Code (inc. data)   RO Data    RW Data    ZI Data      Debug   Object Name

       110          8          0          4          0       2059   delay.o
      1598        120          0          0          0       7050   drv8301.o
      2164         68      19380          4      11520      14408   lcd.o
       120         18         20          0          0     832172   main.o
       616         44          0          2          0       6218   norflash.o
        60         10          0          0        200       1829   spi.o
        36          8        472          0       1024        980   startup_stm32g474xx.o
       168         32          0         12          0       4938   stm32g4xx_hal.o
       350         22          0          0          0      35197   stm32g4xx_hal_cortex.o
       266          0          0          0          0       1855   stm32g4xx_hal_dma.o
       486         32          0          0          0       2843   stm32g4xx_hal_gpio.o
       280         12          0          0          0        870   stm32g4xx_hal_pwr_ex.o
      2272        108          0          0          0       7476   stm32g4xx_hal_rcc.o
      2114         12          0          0          0       7013   stm32g4xx_hal_spi.o
       516         70          0          0          0       3444   stm32g4xx_hal_tim.o
      4618        124         24          0          0      36950   stm32g4xx_hal_uart.o
         6          0          0          0          0       2309   stm32g4xx_hal_uart_ex.o
        32          0          0          0          0       4382   stm32g4xx_it.o
       188         10          0          0          0       1379   sys.o
        20          6         24          4          0       1419   system_stm32g4xx.o
       440         58          0          7        344       5261   usart.o
      2898       1308         40         28          0       6166   usmart.o
         0          0       1012        372          0       1624   usmart_config.o
       324         50          0          0         76       3626   usmart_port.o
      1400         20          0          0          0       9641   usmart_str.o

    ----------------------------------------------------------------------
     21120       2140      21004        436      13164    1001109   Object Totals
         0          0         32          0          0          0   (incl. Generated)
        38          0          0          3          0          0   (incl. Padding)

    ----------------------------------------------------------------------

      Code (inc. data)   RO Data    RW Data    ZI Data      Debug   Library Member Name

        86          0          0          0          0          0   __dczerorl2.o
         0          0          0          0          0          0   entry.o
         0          0          0          0          0          0   entry10a.o
         0          0          0          0          0          0   entry11a.o
         4          0          0          0          0          0   entry12b.o
         8          4          0          0          0          0   entry2.o
         4          0          0          0          0          0   entry5.o
         0          0          0          0          0          0   entry7b.o
         0          0          0          0          0          0   entry8b.o
         8          4          0          0          0          0   entry9a.o
        30          0          0          0          0          0   handlers.o
        36          8          0          0          0         68   init.o
        30          0          0          0          0         68   llshl.o
        32          0          0          0          0         68   llushr.o
        36          0          0          0          0         68   memcpya.o
        36          0          0          0          0        108   memseta.o
      1142         54          0          0          0        352   printf8.o
        98          0          0          0          0         92   uldiv.o

    ----------------------------------------------------------------------
      1552         70          0          0          0        824   Library Totals
         2          0          0          0          0          0   (incl. Padding)

    ----------------------------------------------------------------------

      Code (inc. data)   RO Data    RW Data    ZI Data      Debug   Library Name

      1550         70          0          0          0        824   mc_w.l

    ----------------------------------------------------------------------
      1552         70          0          0          0        824   Library Totals

    ----------------------------------------------------------------------

==============================================================================


      Code (inc. data)   RO Data    RW Data    ZI Data      Debug   

     22672       2210      21004        436      13164     988953   Grand Totals
     22672       2210      21004        168      13164     988953   ELF Image Totals (compressed)
     22672       2210      21004        168          0          0   ROM Totals

==============================================================================

    Total RO  Size (Code + RO Data)                43676 (  42.65kB)
    Total RW  Size (RW Data + ZI Data)             13600 (  13.28kB)
    Total ROM Size (Code + RO Data + RW Data)      43844 (  42.82kB)

==============================================================================

